Archive member included to satisfy reference by file (symbol)

c:/program files (x86)/gnu arm embedded toolchain/10 2021.10/bin/../lib/gcc/arm-none-eabi/10.3.1/thumb/v8-m.main+fp/hard\libgcc.a(_arm_muldf3.o)
                              ./src/util/json/cJSON.o (__aeabi_dmul)
c:/program files (x86)/gnu arm embedded toolchain/10 2021.10/bin/../lib/gcc/arm-none-eabi/10.3.1/thumb/v8-m.main+fp/hard\libgcc.a(_arm_addsubdf3.o)
                              ./src/util/json/cJSON.o (__aeabi_dsub)
c:/program files (x86)/gnu arm embedded toolchain/10 2021.10/bin/../lib/gcc/arm-none-eabi/10.3.1/thumb/v8-m.main+fp/hard\libgcc.a(_arm_muldivdf3.o)
                              ./Long_fdk/utils/src/sm_dft.o (__aeabi_ddiv)
c:/program files (x86)/gnu arm embedded toolchain/10 2021.10/bin/../lib/gcc/arm-none-eabi/10.3.1/thumb/v8-m.main+fp/hard\libgcc.a(_arm_cmpdf2.o)
                              ./src/util/json/cJSON.o (__aeabi_dcmpeq)
c:/program files (x86)/gnu arm embedded toolchain/10 2021.10/bin/../lib/gcc/arm-none-eabi/10.3.1/thumb/v8-m.main+fp/hard\libgcc.a(_arm_unorddf2.o)
                              ./src/util/json/cJSON.o (__aeabi_dcmpun)
c:/program files (x86)/gnu arm embedded toolchain/10 2021.10/bin/../lib/gcc/arm-none-eabi/10.3.1/thumb/v8-m.main+fp/hard\libgcc.a(_arm_fixdfsi.o)
                              ./src/util/json/cJSON.o (__aeabi_d2iz)
c:/program files (x86)/gnu arm embedded toolchain/10 2021.10/bin/../lib/gcc/arm-none-eabi/10.3.1/thumb/v8-m.main+fp/hard\libgcc.a(_arm_fixunsdfsi.o)
                              ./src/util/json/json.o (__aeabi_d2uiz)
c:/program files (x86)/gnu arm embedded toolchain/10 2021.10/bin/../lib/gcc/arm-none-eabi/10.3.1/thumb/v8-m.main+fp/hard\libgcc.a(_arm_truncdfsf2.o)
                              ./src/component/l76_lb/l76_lb.o (__aeabi_d2f)
c:/program files (x86)/gnu arm embedded toolchain/10 2021.10/bin/../lib/gcc/arm-none-eabi/10.3.1/thumb/v8-m.main+fp/hard\libgcc.a(_aeabi_ldivmod.o)
                              ./ra/fsp/src/r_sci_uart/r_sci_uart.o (__aeabi_ldivmod)
c:/program files (x86)/gnu arm embedded toolchain/10 2021.10/bin/../lib/gcc/arm-none-eabi/10.3.1/thumb/v8-m.main+fp/hard\libgcc.a(_udivmoddi4.o)
                              c:/program files (x86)/gnu arm embedded toolchain/10 2021.10/bin/../lib/gcc/arm-none-eabi/10.3.1/thumb/v8-m.main+fp/hard\libgcc.a(_aeabi_ldivmod.o) (__udivmoddi4)
c:/program files (x86)/gnu arm embedded toolchain/10 2021.10/bin/../lib/gcc/arm-none-eabi/10.3.1/thumb/v8-m.main+fp/hard\libgcc.a(_dvmd_tls.o)
                              c:/program files (x86)/gnu arm embedded toolchain/10 2021.10/bin/../lib/gcc/arm-none-eabi/10.3.1/thumb/v8-m.main+fp/hard\libgcc.a(_aeabi_ldivmod.o) (__aeabi_ldiv0)
c:/program files (x86)/gnu arm embedded toolchain/10 2021.10/bin/../lib/gcc/arm-none-eabi/10.3.1/../../../../arm-none-eabi/lib/thumb/v8-m.main+fp/hard\libg_nano.a(lib_a-atof.o)
                              ./src/component/l76_lb/l76_lb.o (atof)
c:/program files (x86)/gnu arm embedded toolchain/10 2021.10/bin/../lib/gcc/arm-none-eabi/10.3.1/../../../../arm-none-eabi/lib/thumb/v8-m.main+fp/hard\libg_nano.a(lib_a-calloc.o)
                              ./src/util/fifo/fifo.o (calloc)
c:/program files (x86)/gnu arm embedded toolchain/10 2021.10/bin/../lib/gcc/arm-none-eabi/10.3.1/../../../../arm-none-eabi/lib/thumb/v8-m.main+fp/hard\libg_nano.a(lib_a-ctime.o)
                              ./Long_fdk/utils/src/sm_datetime_unix.o (ctime)
c:/program files (x86)/gnu arm embedded toolchain/10 2021.10/bin/../lib/gcc/arm-none-eabi/10.3.1/../../../../arm-none-eabi/lib/thumb/v8-m.main+fp/hard\libg_nano.a(lib_a-ctype_.o)
                              ./src/util/json/cJSON.o (_ctype_)
c:/program files (x86)/gnu arm embedded toolchain/10 2021.10/bin/../lib/gcc/arm-none-eabi/10.3.1/../../../../arm-none-eabi/lib/thumb/v8-m.main+fp/hard\libg_nano.a(lib_a-errno.o)
                              ./ra/fsp/src/bsp/mcu/all/bsp_sbrk.o (__errno)
c:/program files (x86)/gnu arm embedded toolchain/10 2021.10/bin/../lib/gcc/arm-none-eabi/10.3.1/../../../../arm-none-eabi/lib/thumb/v8-m.main+fp/hard\libg_nano.a(lib_a-exit.o)
                              c:/program files (x86)/gnu arm embedded toolchain/10 2021.10/bin/../lib/gcc/arm-none-eabi/10.3.1/../../../../arm-none-eabi/lib/thumb/v8-m.main+fp/hard/rdimon-crt0.o (exit)
c:/program files (x86)/gnu arm embedded toolchain/10 2021.10/bin/../lib/gcc/arm-none-eabi/10.3.1/../../../../arm-none-eabi/lib/thumb/v8-m.main+fp/hard\libg_nano.a(lib_a-impure.o)
                              c:/program files (x86)/gnu arm embedded toolchain/10 2021.10/bin/../lib/gcc/arm-none-eabi/10.3.1/../../../../arm-none-eabi/lib/thumb/v8-m.main+fp/hard\libg_nano.a(lib_a-exit.o) (_global_impure_ptr)
c:/program files (x86)/gnu arm embedded toolchain/10 2021.10/bin/../lib/gcc/arm-none-eabi/10.3.1/../../../../arm-none-eabi/lib/thumb/v8-m.main+fp/hard\libg_nano.a(lib_a-init.o)
[...]
Memory Configuration

Name             Origin             Length             Attributes
FLASH            0x00000000         0x00030000         xr
RAM              0x20000000         0x00020000         xrw
DATA_FLASH       0x08000000         0x00002000         xr
QSPI_FLASH       0x60000000         0x04000000         xr
OSPI_DEVICE_0    0x68000000         0x00000000         xr
OSPI_DEVICE_1    0x70000000         0x00000000         xr
OSPI_DEVICE_0_RAM 0x68000000         0x00000000         xrw
OSPI_DEVICE_1_RAM 0x70000000         0x00000000         xrw
SDRAM            0x90000000         0x00000000         xrw
OPTION_SETTING   0x0100a100         0x00000100         r
OPTION_SETTING_S 0x0100a200         0x00000100         r
ID_CODE          0x00000000         0x00000000         xr
*default*        0x00000000         0xffffffff

Linker script and memory map

LOAD c:/program files (x86)/gnu arm embedded toolchain/10 2021.10/bin/../lib/gcc/arm-none-eabi/10.3.1/thumb/v8-m.main+fp/hard/crti.o
LOAD c:/program files (x86)/gnu arm embedded toolchain/10 2021.10/bin/../lib/gcc/arm-none-eabi/10.3.1/thumb/v8-m.main+fp/hard/crtbegin.o
LOAD c:/program files (x86)/gnu arm embedded toolchain/10 2021.10/bin/../lib/gcc/arm-none-eabi/10.3.1/../../../../arm-none-eabi/lib/thumb/v8-m.main+fp/hard/rdimon-crt0.o
START GROUP
LOAD ./src/util/string_util/string_util.o
LOAD ./src/util/json/cJSON.o
LOAD ./src/util/json/cJSON_Utils.o
LOAD ./src/util/json/json.o
LOAD ./src/util/intelhex/intelhex.o
LOAD ./src/util/fifo/fifo.o
LOAD ./src/util/fifo/ringbuff.o
LOAD ./src/util/utils.o
LOAD ./src/service/clock/clock.o
LOAD ./src/component/l76_lb/l76_lb.o
LOAD ./src/component/at_modem/at_modem.o
LOAD ./src/component/adc_sensor/adc_sensor.o
LOAD ./src/board/porting/src/sm_adc.o
LOAD ./src/board/porting/src/sm_can.o
LOAD ./src/board/porting/src/sm_delay.o
LOAD ./src/board/porting/src/sm_flash.o
LOAD ./src/board/porting/src/sm_gpio.o
LOAD ./src/board/porting/src/sm_iic.o
LOAD ./src/board/porting/src/sm_iwdg.o
LOAD ./src/board/porting/src/sm_pwm.o
LOAD ./src/board/porting/src/sm_spi.o
LOAD ./src/board/porting/src/sm_timer.o
LOAD ./src/board/porting/src/sm_uart.o
LOAD ./src/board/l76lb_hw/l76lb_hw.o
LOAD ./src/board/adc_hw/adc_hw.o
LOAD ./src/board/board.o
LOAD ./src/app/thingspeak_app/thingspeak_app.o
LOAD ./src/app/mqtt_app/mqtt_app.o
LOAD ./src/app/gps_app/gps_app.o
LOAD ./src/app/display_app/display_app.o
LOAD ./src/app/dht_app/dht_app.o
LOAD ./src/app/adc_app/adc_app.o
LOAD ./src/app/air_sensor_app.o
LOAD ./src/hal_entry.o
LOAD ./src/process_adc_entry.o
LOAD ./src/process_dht_entry.o
LOAD ./src/process_display_entry.o
LOAD ./src/process_gps_entry.o
LOAD ./src/process_lte_entry.o
LOAD ./ra_gen/common_data.o
LOAD ./ra_gen/hal_data.o
LOAD ./ra_gen/main.o
LOAD ./ra_gen/pin_data.o
LOAD ./ra_gen/process_adc.o
LOAD ./ra_gen/process_dht.o
LOAD ./ra_gen/process_display.o
LOAD ./ra_gen/process_gps.o
LOAD ./ra_gen/process_lte.o
LOAD ./ra_gen/vector_data.o
LOAD ./ra/fsp/src/rm_freertos_port/port.o
LOAD ./ra/fsp/src/r_sci_uart/r_sci_uart.o
LOAD ./ra/fsp/src/r_rtc/r_rtc.o
LOAD ./ra/fsp/src/r_ioport/r_ioport.o
LOAD ./ra/fsp/src/r_adc/r_adc.o
LOAD ./ra/fsp/src/bsp/mcu/all/bsp_clocks.o
LOAD ./ra/fsp/src/bsp/mcu/all/bsp_common.o
LOAD ./ra/fsp/src/bsp/mcu/all/bsp_delay.o
LOAD ./ra/fsp/src/bsp/mcu/all/bsp_group_irq.o
LOAD ./ra/fsp/src/bsp/mcu/all/bsp_guard.o
LOAD ./ra/fsp/src/bsp/mcu/all/bsp_io.o
LOAD ./ra/fsp/src/bsp/mcu/all/bsp_irq.o
LOAD ./ra/fsp/src/bsp/mcu/all/bsp_register_protection.o
LOAD ./ra/fsp/src/bsp/mcu/all/bsp_rom_registers.o
LOAD ./ra/fsp/src/bsp/mcu/all/bsp_sbrk.o
LOAD ./ra/fsp/src/bsp/mcu/all/bsp_security.o
LOAD ./ra/fsp/src/bsp/cmsis/Device/RENESAS/Source/startup.o
LOAD ./ra/fsp/src/bsp/cmsis/Device/RENESAS/Source/system.o
LOAD ./ra/aws/amazon-freertos/freertos_kernel/event_groups.o
LOAD ./ra/aws/amazon-freertos/freertos_kernel/list.o
LOAD ./ra/aws/amazon-freertos/freertos_kernel/queue.o
LOAD ./ra/aws/amazon-freertos/freertos_kernel/stream_buffer.o
LOAD ./ra/aws/amazon-freertos/freertos_kernel/tasks.o
LOAD ./ra/aws/amazon-freertos/freertos_kernel/timers.o
LOAD ./Long_fdk/utils/src/sm_cli_fifo.o
LOAD ./Long_fdk/utils/src/sm_cli_retarget.o
LOAD ./Long_fdk/utils/src/sm_cli_shell.o
LOAD ./Long_fdk/utils/src/sm_crc.o
LOAD ./Long_fdk/utils/src/sm_datetime_unix.o
LOAD ./Long_fdk/utils/src/sm_dft.o
LOAD ./Long_fdk/utils/src/sm_fifo.o
LOAD ./Long_fdk/utils/src/sm_link_list.o
LOAD ./Long_fdk/utils/src/sm_logger.o
LOAD ./Long_fdk/utils/src/sm_lowpass_filter.o
LOAD ./Long_fdk/utils/src/sm_map.o
LOAD ./Long_fdk/utils/src/sm_math.o
LOAD ./Long_fdk/utils/src/sm_stack.o
LOAD ./Long_fdk/utils/src/sm_string_t.o
LOAD ./Long_fdk/utils/src/sm_uuid.o
LOAD ./Long_fdk/common/src/sm_ble.o
LOAD ./Long_fdk/common/src/sm_button.o
LOAD ./Long_fdk/common/src/sm_cli.o
LOAD ./Long_fdk/common/src/sm_dht22.o
LOAD ./Long_fdk/common/src/sm_ec200s.o
LOAD ./Long_fdk/common/src/sm_http.o
LOAD ./Long_fdk/common/src/sm_http_header.o
LOAD ./Long_fdk/common/src/sm_lcd5110.o
LOAD ./Long_fdk/common/src/sm_led.o
LOAD ./Long_fdk/common/src/sm_modbus.o
LOAD ./Long_fdk/common/src/sm_modem.o
LOAD ./Long_fdk/common/src/sm_mqtt_client.o
LOAD ./Long_fdk/common/src/sm_security.o
LOAD ./Long_fdk/bsp/src/sm_bsp_adc.o
LOAD ./Long_fdk/bsp/src/sm_bsp_can.o
LOAD ./Long_fdk/bsp/src/sm_bsp_delay.o
LOAD ./Long_fdk/bsp/src/sm_bsp_flash.o
LOAD ./Long_fdk/bsp/src/sm_bsp_iic.o
LOAD ./Long_fdk/bsp/src/sm_bsp_io.o
LOAD ./Long_fdk/bsp/src/sm_bsp_iwdg.o
LOAD ./Long_fdk/bsp/src/sm_bsp_pwm.o
LOAD ./Long_fdk/bsp/src/sm_bsp_spi.o
LOAD ./Long_fdk/bsp/src/sm_bsp_system.o
LOAD ./Long_fdk/bsp/src/sm_bsp_timer.o
LOAD ./Long_fdk/bsp/src/sm_bsp_uart.o
END GROUP
START GROUP
LOAD c:/program files (x86)/gnu arm embedded toolchain/10 2021.10/bin/../lib/gcc/arm-none-eabi/10.3.1/thumb/v8-m.main+fp/hard\libgcc.a
LOAD c:/program files (x86)/gnu arm embedded toolchain/10 2021.10/bin/../lib/gcc/arm-none-eabi/10.3.1/../../../../arm-none-eabi/lib/thumb/v8-m.main+fp/hard\libg_nano.a
LOAD c:/program files (x86)/gnu arm embedded toolchain/10 2021.10/bin/../lib/gcc/arm-none-eabi/10.3.1/../../../../arm-none-eabi/lib/thumb/v8-m.main+fp/hard\libc_nano.a
END GROUP
START GROUP
LOAD c:/program files (x86)/gnu arm embedded toolchain/10 2021.10/bin/../lib/gcc/arm-none-eabi/10.3.1/thumb/v8-m.main+fp/hard\libgcc.a
LOAD c:/program files (x86)/gnu arm embedded toolchain/10 2021.10/bin/../lib/gcc/arm-none-eabi/10.3.1/../../../../arm-none-eabi/lib/thumb/v8-m.main+fp/hard\libc_nano.a
LOAD c:/program files (x86)/gnu arm embedded toolchain/10 2021.10/bin/../lib/gcc/arm-none-eabi/10.3.1/../../../../arm-none-eabi/lib/thumb/v8-m.main+fp/hard\librdimon_nano.a
END GROUP
START GROUP
LOAD c:/program files (x86)/gnu arm embedded toolchain/10 2021.10/bin/../lib/gcc/arm-none-eabi/10.3.1/thumb/v8-m.main+fp/hard\libgcc.a
LOAD c:/program files (x86)/gnu arm embedded toolchain/10 2021.10/bin/../lib/gcc/arm-none-eabi/10.3.1/../../../../arm-none-eabi/lib/thumb/v8-m.main+fp/hard\libc_nano.a
LOAD c:/program files (x86)/gnu arm embedded toolchain/10 2021.10/bin/../lib/gcc/arm-none-eabi/10.3.1/../../../../arm-none-eabi/lib/thumb/v8-m.main+fp/hard\librdimon_nano.a
END GROUP
LOAD c:/program files (x86)/gnu arm embedded toolchain/10 2021.10/bin/../lib/gcc/arm-none-eabi/10.3.1/thumb/v8-m.main+fp/hard/crtend.o
LOAD c:/program files (x86)/gnu arm embedded toolchain/10 2021.10/bin/../lib/gcc/arm-none-eabi/10.3.1/thumb/v8-m.main+fp/hard/crtn.o
                0x20000000                RAM_START = 0x20000000
                0x00020000                RAM_LENGTH = 0x20000
                0x00000000                FLASH_START = 0x0
                0x00030000                FLASH_LENGTH = 0x30000
                0x08000000                DATA_FLASH_START = 0x8000000
                0x00002000                DATA_FLASH_LENGTH = 0x2000
                0x0100a100                OPTION_SETTING_START = 0x100a100
                0x00000100                OPTION_SETTING_LENGTH = 0x100
                0x0100a200                OPTION_SETTING_S_START = 0x100a200
                0x00000100                OPTION_SETTING_S_LENGTH = 0x100
                0x00000000                ID_CODE_START = 0x0
                0x00000000                ID_CODE_LENGTH = 0x0
                0x90000000                SDRAM_START = 0x90000000
                0x00000000                SDRAM_LENGTH = 0x0
                0x60000000                QSPI_FLASH_START = 0x60000000
                0x04000000                QSPI_FLASH_LENGTH = 0x4000000
                0x68000000                OSPI_DEVICE_0_START = 0x68000000
                0x00000000                OSPI_DEVICE_0_LENGTH = 0x0
                0x70000000                OSPI_DEVICE_1_START = 0x70000000
                0x00000000                OSPI_DEVICE_1_LENGTH = 0x0
                0x04000000                QSPI_FLASH_PRV_LENGTH = DEFINED (QSPI_FLASH_SIZE)?ABSOLUTE (QSPI_FLASH_SIZE):ABSOLUTE (QSPI_FLASH_LENGTH)
                0x00000000                OSPI_DEVICE_0_PRV_LENGTH = DEFINED (OSPI_DEVICE_0_SIZE)?ABSOLUTE (OSPI_DEVICE_0_SIZE):ABSOLUTE (OSPI_DEVICE_0_LENGTH)
                0x00000000                OSPI_DEVICE_1_PRV_LENGTH = DEFINED (OSPI_DEVICE_1_SIZE)?ABSOLUTE (OSPI_DEVICE_1_SIZE):ABSOLUTE (OSPI_DEVICE_1_LENGTH)
                0x00000000                __RESERVE_NS_RAM = ((! (DEFINED (PROJECT_NONSECURE)) && DEFINED (RAM_NS_BUFFER_LENGTH)) && (OPTION_SETTING_S_LENGTH != 0x0))
                0x00000000                RAM_NS_BUFFER_BLOCK_LENGTH = DEFINED (RAM_NS_BUFFER_LENGTH)?ALIGN (RAM_NS_BUFFER_LENGTH, 0x2000):0x0
                0x00000000                RAM_NS_BUFFER_LENGTH = DEFINED (RAM_NS_BUFFER_LENGTH)?RAM_NS_BUFFER_LENGTH:0x0
                0x20020000                RAM_NS_BUFFER_START = ((RAM_START + RAM_LENGTH) - RAM_NS_BUFFER_LENGTH)
                0x20020000                RAM_NS_BUFFER_BLOCK_START = ((RAM_START + RAM_LENGTH) - RAM_NS_BUFFER_BLOCK_LENGTH)
                0x0100a180                OPTION_SETTING_START_NS = 0x100a180
                0x00000001                __bl_FSP_BOOTABLE_IMAGE = 0x1
                0x00000001                __bln_FSP_BOOTABLE_IMAGE = 0x1
                0x00000001                PROJECT_SECURE_OR_FLAT = ((! (DEFINED (PROJECT_NONSECURE)) && OPTION_SETTING_LENGTH) && ! (DEFINED (FSP_BOOTABLE_IMAGE)))
                0x00000000                USE_OPTION_SETTING_NS = (DEFINED (PROJECT_NONSECURE) && ! (DEFINED (FSP_BOOTABLE_IMAGE)))
                0x00000000                __bl_FLASH_IMAGE_START = ! (DEFINED (FLASH_BOOTLOADER_LENGTH))?0x0:(FLASH_APPLICATION_IMAGE_NUMBER == 0x1)?(FLASH_BOOTLOADER_LENGTH + FLASH_BOOTLOADER_HEADER_LENGTH):(((FLASH_BOOTLOADER_LENGTH + FLASH_BOOTLOADER_SCRATCH_LENGTH) + FLASH_APPLICATION_S_LENGTH) + FLASH_BOOTLOADER_HEADER_LENGTH)
                0x00000000                __bl_FLASH_IMAGE_LENGTH = ! (DEFINED (FLASH_BOOTLOADER_LENGTH))?0x0:(FLASH_APPLICATION_S_LENGTH - FLASH_BOOTLOADER_HEADER_LENGTH)
                0x00000000                __bl_FLASH_IMAGE_END = (__bl_FLASH_IMAGE_START + __bl_FLASH_IMAGE_LENGTH)
                0x00000000                __bl_XIP_SECONDARY_FLASH_IMAGE_START = ! (DEFINED (FLASH_BOOTLOADER_LENGTH))?0x0:((FLASH_BOOTLOADER_LENGTH + FLASH_APPLICATION_S_LENGTH) + FLASH_BOOTLOADER_HEADER_LENGTH)
                0x00000000                __bl_XIP_SECONDARY_FLASH_IMAGE_END = (__bl_XIP_SECONDARY_FLASH_IMAGE_START + __bl_FLASH_IMAGE_LENGTH)
                0x00000000                __bl_FLASH_NS_START = ! (DEFINED (FLASH_BOOTLOADER_LENGTH))?0x0:(FLASH_APPLICATION_NS_LENGTH == 0x0)?__bl_FLASH_IMAGE_END:((__bl_FLASH_IMAGE_START - FLASH_BOOTLOADER_HEADER_LENGTH) + FLASH_APPLICATION_S_LENGTH)
                0x00000000                __bl_FLASH_NSC_START = ! (DEFINED (FLASH_BOOTLOADER_LENGTH))?0x0:(FLASH_APPLICATION_NS_LENGTH == 0x0)?__bl_FLASH_IMAGE_END:(__bl_FLASH_NS_START - FLASH_APPLICATION_NSC_LENGTH)
                0x00000000                __bl_RAM_NS_START = ! (DEFINED (FLASH_BOOTLOADER_LENGTH))?0x0:(FLASH_APPLICATION_NS_LENGTH == 0x0)?(RAM_START + RAM_LENGTH):((RAM_START + RAM_LENGTH) - RAM_APPLICATION_NS_LENGTH)
                0x00000000                __bl_RAM_NSC_START = ! (DEFINED (FLASH_BOOTLOADER_LENGTH))?0x0:(FLASH_APPLICATION_NS_LENGTH == 0x0)?(RAM_START + RAM_LENGTH):(__bl_RAM_NS_START - RAM_APPLICATION_NSC_LENGTH)
                0x00000000                __bl_FLASH_NS_IMAGE_START = ! (DEFINED (FLASH_BOOTLOADER_LENGTH))?0x0:(FLASH_APPLICATION_NS_LENGTH == 0x0)?__bl_FLASH_IMAGE_END:(__bl_FLASH_NS_START + FLASH_BOOTLOADER_HEADER_LENGTH_2)
                0x00000000                __bln_FLASH_IMAGE_START = __bl_FLASH_NS_IMAGE_START
                0x00000000                __bln_FLASH_IMAGE_LENGTH = ! (DEFINED (FLASH_BOOTLOADER_LENGTH))?0x0:(FLASH_APPLICATION_NS_LENGTH == 0x0)?__bl_FLASH_IMAGE_END:(FLASH_APPLICATION_NS_LENGTH - FLASH_BOOTLOADER_HEADER_LENGTH_2)
                0x00000000                XIP_SECONDARY_SLOT_IMAGE = DEFINED (XIP_SECONDARY_SLOT_IMAGE)?XIP_SECONDARY_SLOT_IMAGE:0x0
                0x00000000                FLASH_ORIGIN = ! (DEFINED (FLASH_IMAGE_START))?FLASH_START:(XIP_SECONDARY_SLOT_IMAGE == 0x1)?XIP_SECONDARY_FLASH_IMAGE_START:FLASH_IMAGE_START
                0x00030000                LIMITED_FLASH_LENGTH = DEFINED (FLASH_IMAGE_LENGTH)?FLASH_IMAGE_LENGTH:DEFINED (FLASH_BOOTLOADER_LENGTH)?FLASH_BOOTLOADER_LENGTH:FLASH_LENGTH
START GROUP
LOAD c:/program files (x86)/gnu arm embedded toolchain/10 2021.10/bin/../lib/gcc/arm-none-eabi/10.3.1/thumb/v8-m.main+fp/hard\libgcc.a
LOAD c:/program files (x86)/gnu arm embedded toolchain/10 2021.10/bin/../lib/gcc/arm-none-eabi/10.3.1/../../../../arm-none-eabi/lib/thumb/v8-m.main+fp/hard\libc.a
LOAD c:/program files (x86)/gnu arm embedded toolchain/10 2021.10/bin/../lib/gcc/arm-none-eabi/10.3.1/../../../../arm-none-eabi/lib/thumb/v8-m.main+fp/hard\libm.a
LOAD c:/program files (x86)/gnu arm embedded toolchain/10 2021.10/bin/../lib/gcc/arm-none-eabi/10.3.1/../../../../arm-none-eabi/lib/thumb/v8-m.main+fp/hard\libnosys.a
END GROUP

.text           0x00000000    0x10008
                0x00000000                __tz_FLASH_S = ABSOLUTE (FLASH_START)
                0x00000000                __ROM_Start = .
 *(.fixed_vectors*)
 .fixed_vectors
                0x00000000       0x40 ./ra/fsp/src/bsp/cmsis/Device/RENESAS/Source/startup.o
                0x00000000                __Vectors
 *(.application_vectors*)
 .application_vectors
                0x00000040      0x180 ./ra_gen/vector_data.o
                0x00000040                g_vector_table
                0x000001c0                __Vectors_End = .
                0x000001c0                . = (OPTION_SETTING_LENGTH > 0x0)?.:(__ROM_Start + 0x400)
 *(.rom_registers*)
                0x000001c0                . = (OPTION_SETTING_LENGTH > 0x0)?.:(__ROM_Start + 0x500)
                0x00000200                . = ALIGN (0x80)
 *fill*         0x000001c0       0x40 ff
 *(.mcuboot_sce9_key*)
 *(.text*)
 .text          0x00000200       0x40 c:/program files (x86)/gnu arm embedded toolchain/10 2021.10/bin/../lib/gcc/arm-none-eabi/10.3.1/thumb/v8-m.main+fp/hard/crtbegin.o
 .text.parse_mqtt
                0x00000240       0x6c ./src/util/string_util/string_util.o
                0x00000240                parse_mqtt
 .text.cJSON_GetNumberValue
                0x000002ac       0x38 ./src/util/json/cJSON.o
                0x000002ac                cJSON_GetNumberValue
 .text.case_insensitive_strcmp
                0x000002e4       0xe8 ./src/util/json/cJSON.o
 .text.cJSON_New_Item
                0x000003cc       0x2c ./src/util/json/cJSON.o
 .text.cJSON_Delete
                0x000003f8       0x94 ./src/util/json/cJSON.o
                0x000003f8                cJSON_Delete
 .text.get_decimal_point
                0x0000048c       0x10 ./src/util/json/cJSON.o
 *fill*         0x0000049c        0x4 ff
 .text.parse_number
                0x000004a0      0x1dc ./src/util/json/cJSON.o
 .text.parse_hex4
                0x0000067c       0xc4 ./src/util/json/cJSON.o
 .text.utf16_literal_to_utf8
                0x00000740      0x1d0 ./src/util/json/cJSON.o
 .text.parse_string
                0x00000910      0x28c ./src/util/json/cJSON.o
 .text.buffer_skip_whitespace
                0x00000b9c       0x80 ./src/util/json/cJSON.o
 .text.skip_utf8_bom
                0x00000c1c       0x68 ./src/util/json/cJSON.o
 .text.cJSON_ParseWithOpts
                0x00000c84       0x38 ./src/util/json/cJSON.o
                0x00000c84                cJSON_ParseWithOpts
 .text.cJSON_ParseWithLengthOpts
                0x00000cbc      0x134 ./src/util/json/cJSON.o
                0x00000cbc                cJSON_ParseWithLengthOpts
 .text.cJSON_Parse
                0x00000df0       0x1c ./src/util/json/cJSON.o
                0x00000df0                cJSON_Parse
 .text.parse_value
                0x00000e0c      0x1d8 ./src/util/json/cJSON.o
 .text.parse_array
                0x00000fe4      0x188 ./src/util/json/cJSON.o
 .text.parse_object
                0x0000116c      0x1fe ./src/util/json/cJSON.o
 .text.get_object_item
                0x0000136a       0x90 ./src/util/json/cJSON.o
 .text.cJSON_GetObjectItem
                0x000013fa       0x1e ./src/util/json/cJSON.o
                0x000013fa                cJSON_GetObjectItem
 .text.cJSON_IsNumber
                0x00001418       0x2e ./src/util/json/cJSON.o
                0x00001418                cJSON_IsNumber
 .text.l76_lb_split_nmea_message
                0x00001446       0x40 ./src/component/l76_lb/l76_lb.o
                0x00001446                l76_lb_split_nmea_message
 *fill*         0x00001486        0x2 ff
 .text.covert_lat_lon_to_float
                0x00001488       0xa8 ./src/component/l76_lb/l76_lb.o
                0x00001488                covert_lat_lon_to_float
 .text.adc_sensor_init
                0x00001530       0x20 ./src/component/adc_sensor/adc_sensor.o
                0x00001530                adc_sensor_init
 .text.adc_sensor_process
                0x00001550       0x20 ./src/component/adc_sensor/adc_sensor.o
                0x00001550                adc_sensor_process
 .text.adc_sensor_measure
                0x00001570       0x36 ./src/component/adc_sensor/adc_sensor.o
 *fill*         0x000015a6        0x2 ff
 .text.adc_sensor_get_value
                0x000015a8      0x140 ./src/component/adc_sensor/adc_sensor.o
 .text.sm_bsp_delay_ms
                0x000016e8       0x2c ./src/board/porting/src/sm_delay.o
                0x000016e8                sm_bsp_delay_ms
 .text.sm_bsp_delay_us
                0x00001714       0x18 ./src/board/porting/src/sm_delay.o
                0x00001714                sm_bsp_delay_us
 .text.gpio_open
                0x0000172c       0x20 ./src/board/porting/src/sm_gpio.o
 .text.gpio_close
                0x0000174c       0x16 ./src/board/porting/src/sm_gpio.o
 .text.gpio_set_value
                0x00001762       0x2c ./src/board/porting/src/sm_gpio.o
 .text.gpio_get_value
                0x0000178e       0x36 ./src/board/porting/src/sm_gpio.o
 .text.gpio_set_mode
                0x000017c4       0x48 ./src/board/porting/src/sm_gpio.o
 .text.uart_write
                0x0000180c       0x2a ./src/board/porting/src/sm_uart.o
 .text.uart_set_baudrate
                0x00001836       0x18 ./src/board/porting/src/sm_uart.o
 .text.uart_set_parity
                0x0000184e       0x1a ./src/board/porting/src/sm_uart.o
 .text.uart_set_databit
                0x00001868       0x1a ./src/board/porting/src/sm_uart.o
 .text.uart_open
                0x00001882       0x28 ./src/board/porting/src/sm_uart.o
 .text.uart_close
                0x000018aa       0x22 ./src/board/porting/src/sm_uart.o
 .text.uart_abort_rx
                0x000018cc       0x24 ./src/board/porting/src/sm_uart.o
 .text.uart_abort_tx
                0x000018f0       0x24 ./src/board/porting/src/sm_uart.o
 .text.gps_hw_init
                0x00001914       0x18 ./src/board/l76lb_hw/l76lb_hw.o
                0x00001914                gps_hw_init
 .text.gps_callback
                0x0000192c       0x44 ./src/board/l76lb_hw/l76lb_hw.o
                0x0000192c                gps_callback
 .text.adc_hw_init
                0x00001970       0x28 ./src/board/adc_hw/adc_hw.o
                0x00001970                adc_hw_init
 .text.adc_start_scan
                0x00001998       0x14 ./src/board/adc_hw/adc_hw.o
                0x00001998                adc_start_scan
 .text.adc_get_value
                0x000019ac       0x28 ./src/board/adc_hw/adc_hw.o
                0x000019ac                adc_get_value
 .text.adc_set_en_dust_pin
                0x000019d4       0x28 ./src/board/adc_hw/adc_hw.o
                0x000019d4                adc_set_en_dust_pin
 .text.adc_callback
                0x000019fc       0x34 ./src/board/adc_hw/adc_hw.o
                0x000019fc                adc_callback
 .text.board_init
                0x00001a30      0x124 ./src/board/board.o
                0x00001a30                board_init
 .text.set_time
                0x00001b54       0x1c ./src/board/board.o
                0x00001b54                set_time
 .text.get_time
                0x00001b70       0x1c ./src/board/board.o
                0x00001b70                get_time
 .text.lte_callback
                0x00001b8c       0x48 ./src/board/board.o
                0x00001b8c                lte_callback
 .text.sm_mqtt_publics
                0x00001bd4       0x34 ./src/app/thingspeak_app/thingspeak_app.o
 .text.sm_mqtt_subscribes
                0x00001c08       0x26 ./src/app/thingspeak_app/thingspeak_app.o
 *fill*         0x00001c2e        0x2 ff
 .text.thingspeak_app_init
                0x00001c30       0x44 ./src/app/thingspeak_app/thingspeak_app.o
                0x00001c30                thingspeak_app_init
 .text.thingspeak_process
                0x00001c74      0x134 ./src/app/thingspeak_app/thingspeak_app.o
                0x00001c74                thingspeak_process
 .text.thingspeak_update
                0x00001da8       0x38 ./src/app/thingspeak_app/thingspeak_app.o
                0x00001da8                thingspeak_update
 .text.thingspeak_subcribe
                0x00001de0       0x22 ./src/app/thingspeak_app/thingspeak_app.o
                0x00001de0                thingspeak_subcribe
 *fill*         0x00001e02        0x2 ff
 .text.command_data_handle
                0x00001e04      0x12c ./src/app/thingspeak_app/thingspeak_app.o
 .text.mqtt_event
                0x00001f30       0x5c ./src/app/thingspeak_app/thingspeak_app.o
 .text.mqtt_client_init
                0x00001f8c      0x104 ./src/app/mqtt_app/mqtt_app.o
                0x00001f8c                mqtt_client_init
 .text.mqtt_client_process
                0x00002090       0x6c ./src/app/mqtt_app/mqtt_app.o
                0x00002090                mqtt_client_process
 .text.mqtt_open
                0x000020fc       0x28 ./src/app/mqtt_app/mqtt_app.o
                0x000020fc                mqtt_open
 .text.mqtt_close
                0x00002124       0x20 ./src/app/mqtt_app/mqtt_app.o
                0x00002124                mqtt_close
 .text.mqtt_connect
                0x00002144       0x2c ./src/app/mqtt_app/mqtt_app.o
                0x00002144                mqtt_connect
 .text.mqtt_disconnect
                0x00002170       0x20 ./src/app/mqtt_app/mqtt_app.o
                0x00002170                mqtt_disconnect
 .text.mqtt_publics
                0x00002190       0x38 ./src/app/mqtt_app/mqtt_app.o
                0x00002190                mqtt_publics
 .text.mqtt_subscribes
                0x000021c8       0x2c ./src/app/mqtt_app/mqtt_app.o
                0x000021c8                mqtt_subscribes
 .text.mqtt_unsubscribes
                0x000021f4       0x24 ./src/app/mqtt_app/mqtt_app.o
                0x000021f4                mqtt_unsubscribes
 .text.mqtt_data_iscomming
                0x00002218       0x28 ./src/app/mqtt_app/mqtt_app.o
                0x00002218                mqtt_data_iscomming
 .text.gps_app_init
                0x00002240       0x7c ./src/app/gps_app/gps_app.o
                0x00002240                gps_app_init
 .text.gps_hw_receive_handle_impl
                0x000022bc       0xc8 ./src/app/gps_app/gps_app.o
 .text.display_app_init
                0x00002384       0x60 ./src/app/display_app/display_app.o
                0x00002384                display_app_init
 .text.display_process
                0x000023e4       0x28 ./src/app/display_app/display_app.o
                0x000023e4                display_process
 .text.task_bar_display
                0x0000240c       0x54 ./src/app/display_app/display_app.o
 .text.Temp_display
                0x00002460       0x50 ./src/app/display_app/display_app.o
 .text.Humidity_display
                0x000024b0       0x50 ./src/app/display_app/display_app.o
 .text.CO_ppm_display
                0x00002500       0x50 ./src/app/display_app/display_app.o
 .text.DUST_display
                0x00002550       0x50 ./src/app/display_app/display_app.o
 .text.gps_display
                0x000025a0       0x88 ./src/app/display_app/display_app.o
 .text.clock_display
                0x00002628       0x48 ./src/app/display_app/display_app.o
 .text.led_display
                0x00002670       0xf0 ./src/app/display_app/display_app.o
 .text.dht_app_init
                0x00002760       0x28 ./src/app/dht_app/dht_app.o
                0x00002760                dht_app_init
 .text.dht_app_process
                0x00002788       0x1c ./src/app/dht_app/dht_app.o
                0x00002788                dht_app_process
 .text.adc_app_init
                0x000027a4       0x1c ./src/app/adc_app/adc_app.o
                0x000027a4                adc_app_init
 .text.adc_app_process
                0x000027c0       0x1c ./src/app/adc_app/adc_app.o
                0x000027c0                adc_app_process
 .text.R_BSP_WarmStart
                0x000027dc       0x2c ./src/hal_entry.o
                0x000027dc                R_BSP_WarmStart
 .text.process_adc_entry
                0x00002808       0x1e ./src/process_adc_entry.o
                0x00002808                process_adc_entry
 .text.process_dht_entry
                0x00002826       0x18 ./src/process_dht_entry.o
                0x00002826                process_dht_entry
 *fill*         0x0000283e        0x2 ff
 .text.process_display_entry
                0x00002840       0x50 ./src/process_display_entry.o
                0x00002840                process_display_entry
 .text.process_gps_entry
                0x00002890       0xa0 ./src/process_gps_entry.o
                0x00002890                process_gps_entry
 .text.update_time
                0x00002930       0x5c ./src/process_lte_entry.o
 .text.process_lte_entry
                0x0000298c       0x24 ./src/process_lte_entry.o
                0x0000298c                process_lte_entry
 .text.g_common_init
                0x000029b0        0xe ./ra_gen/common_data.o
                0x000029b0                g_common_init
 .text.g_hal_init
                0x000029be        0xc ./ra_gen/hal_data.o
                0x000029be                g_hal_init
 .text.rtos_startup_err_callback_internal
                0x000029ca       0x18 ./ra_gen/main.o
                0x000029ca                rtos_startup_err_callback
                0x000029ca                rtos_startup_err_callback_internal
 *fill*         0x000029e2        0x2 ff
 .text.rtos_startup_common_init
                0x000029e4       0x94 ./ra_gen/main.o
                0x000029e4                rtos_startup_common_init
 .text.main     0x00002a78       0x64 ./ra_gen/main.o
                0x00002a78                main
 .text.vApplicationGetIdleTaskMemory
                0x00002adc       0x34 ./ra_gen/main.o
                0x00002adc                vApplicationGetIdleTaskMemory
 .text.vApplicationGetTimerTaskMemory
                0x00002b10       0x34 ./ra_gen/main.o
                0x00002b10                vApplicationGetTimerTaskMemory
 .text.process_adc_create
                0x00002b44       0x68 ./ra_gen/process_adc.o
                0x00002b44                process_adc_create
 .text.process_adc_func
                0x00002bac       0x1a ./ra_gen/process_adc.o
 *fill*         0x00002bc6        0x2 ff
 .text.process_dht_create
                0x00002bc8       0x68 ./ra_gen/process_dht.o
                0x00002bc8                process_dht_create
 .text.process_dht_func
                0x00002c30       0x1a ./ra_gen/process_dht.o
 *fill*         0x00002c4a        0x2 ff
 .text.process_display_create
                0x00002c4c       0x68 ./ra_gen/process_display.o
                0x00002c4c                process_display_create
 .text.process_display_func
                0x00002cb4       0x1a ./ra_gen/process_display.o
 *fill*         0x00002cce        0x2 ff
 .text.process_gps_create
                0x00002cd0       0x68 ./ra_gen/process_gps.o
                0x00002cd0                process_gps_create
 .text.process_gps_func
                0x00002d38       0x1a ./ra_gen/process_gps.o
 *fill*         0x00002d52        0x2 ff
 .text.process_lte_create
                0x00002d54       0x68 ./ra_gen/process_lte.o
                0x00002d54                process_lte_create
 .text.process_lte_func
                0x00002dbc       0x1a ./ra_gen/process_lte.o
 *fill*         0x00002dd6        0x2 ff
 .text.__NVIC_SetPriority
                0x00002dd8       0x54 ./ra/fsp/src/rm_freertos_port/port.o
 .text.__NVIC_GetPriority
                0x00002e2c       0x50 ./ra/fsp/src/rm_freertos_port/port.o
 .text.SysTick_Config
                0x00002e7c       0x44 ./ra/fsp/src/rm_freertos_port/port.o
 .text.R_FSP_CurrentIrqGet
                0x00002ec0       0x2c ./ra/fsp/src/rm_freertos_port/port.o
 .text.SVC_Handler
                0x00002eec       0x18 ./ra/fsp/src/rm_freertos_port/port.o
                0x00002eec                SVC_Handler
 .text.prvPortStartFirstTask
                0x00002f04       0x24 ./ra/fsp/src/rm_freertos_port/port.o
 .text.PendSV_Handler
                0x00002f28       0x48 ./ra/fsp/src/rm_freertos_port/port.o
                0x00002f28                PendSV_Handler
 .text.rm_freertos_port_restore_task_stackless
                0x00002f70       0x28 ./ra/fsp/src/rm_freertos_port/port.o
                0x00002f70                rm_freertos_port_restore_task_stackless
 .text.SysTick_Handler
                0x00002f98       0x48 ./ra/fsp/src/rm_freertos_port/port.o
                0x00002f98                SysTick_Handler
 .text.vPortSVCHandler_C
                0x00002fe0       0x4c ./ra/fsp/src/rm_freertos_port/port.o
                0x00002fe0                vPortSVCHandler_C
 .text.pxPortInitialiseStack
                0x0000302c       0x7c ./ra/fsp/src/rm_freertos_port/port.o
                0x0000302c                pxPortInitialiseStack
 .text.prvTaskExitError
                0x000030a8        0x8 ./ra/fsp/src/rm_freertos_port/port.o
 .text.xPortStartScheduler
                0x000030b0       0x30 ./ra/fsp/src/rm_freertos_port/port.o
                0x000030b0                xPortStartScheduler
 .text.vPortEnterCritical
                0x000030e0       0x70 ./ra/fsp/src/rm_freertos_port/port.o
                0x000030e0                vPortEnterCritical
 .text.vPortExitCritical
                0x00003150       0x58 ./ra/fsp/src/rm_freertos_port/port.o
                0x00003150                vPortExitCritical
 .text.rm_freertos_port_sleep_preserving_lpm
                0x000031a8       0xb4 ./ra/fsp/src/rm_freertos_port/port.o
                0x000031a8                rm_freertos_port_sleep_preserving_lpm
 .text.vApplicationIdleHook
                0x0000325c       0x1e ./ra/fsp/src/rm_freertos_port/port.o
                0x0000325c                vApplicationIdleHook
 *fill*         0x0000327a        0x2 ff
 .text.vPortSetupTimerInterrupt
                0x0000327c       0x24 ./ra/fsp/src/rm_freertos_port/port.o
                0x0000327c                vPortSetupTimerInterrupt
 .text.vPortValidateInterruptPriority
                0x000032a0       0x54 ./ra/fsp/src/rm_freertos_port/port.o
                0x000032a0                vPortValidateInterruptPriority
 .text.R_FSP_CurrentIrqGet
                0x000032f4       0x2c ./ra/fsp/src/r_sci_uart/r_sci_uart.o
 .text.R_FSP_IsrContextSet
                0x00003320       0x28 ./ra/fsp/src/r_sci_uart/r_sci_uart.o
 .text.R_BSP_IrqStatusClear
                0x00003348       0x30 ./ra/fsp/src/r_sci_uart/r_sci_uart.o
 .text.R_BSP_IrqClearPending
                0x00003378       0x40 ./ra/fsp/src/r_sci_uart/r_sci_uart.o
 .text.R_BSP_IrqCfg
                0x000033b8       0x3c ./ra/fsp/src/r_sci_uart/r_sci_uart.o
 .text.R_BSP_IrqEnableNoClear
                0x000033f4       0x38 ./ra/fsp/src/r_sci_uart/r_sci_uart.o
 .text.R_BSP_IrqEnable
                0x0000342c       0x26 ./ra/fsp/src/r_sci_uart/r_sci_uart.o
 *fill*         0x00003452        0x2 ff
 .text.R_BSP_IrqDisable
                0x00003454       0x48 ./ra/fsp/src/r_sci_uart/r_sci_uart.o
 .text.R_FSP_IsrContextGet
                0x0000349c       0x24 ./ra/fsp/src/r_sci_uart/r_sci_uart.o
 .text.R_SCI_UART_Open
                0x000034c0      0x1cc ./ra/fsp/src/r_sci_uart/r_sci_uart.o
                0x000034c0                R_SCI_UART_Open
 .text.R_SCI_UART_Close
                0x0000368c       0xa8 ./ra/fsp/src/r_sci_uart/r_sci_uart.o
                0x0000368c                R_SCI_UART_Close
 .text.R_SCI_UART_Read
                0x00003734       0x2e ./ra/fsp/src/r_sci_uart/r_sci_uart.o
                0x00003734                R_SCI_UART_Read
 .text.R_SCI_UART_Write
                0x00003762       0xba ./ra/fsp/src/r_sci_uart/r_sci_uart.o
                0x00003762                R_SCI_UART_Write
 .text.R_SCI_UART_CallbackSet
                0x0000381c       0x32 ./ra/fsp/src/r_sci_uart/r_sci_uart.o
                0x0000381c                R_SCI_UART_CallbackSet
 .text.R_SCI_UART_BaudSet
                0x0000384e       0x4e ./ra/fsp/src/r_sci_uart/r_sci_uart.o
                0x0000384e                R_SCI_UART_BaudSet
 .text.R_SCI_UART_InfoGet
                0x0000389c       0x28 ./ra/fsp/src/r_sci_uart/r_sci_uart.o
                0x0000389c                R_SCI_UART_InfoGet
 .text.R_SCI_UART_Abort
                0x000038c4       0xba ./ra/fsp/src/r_sci_uart/r_sci_uart.o
                0x000038c4                R_SCI_UART_Abort
 .text.R_SCI_UART_ReadStop
                0x0000397e       0x2a ./ra/fsp/src/r_sci_uart/r_sci_uart.o
                0x0000397e                R_SCI_UART_ReadStop
 .text.r_sci_negate_de_pin
                0x000039a8       0x14 ./ra/fsp/src/r_sci_uart/r_sci_uart.o
 .text.r_sci_uart_config_set
                0x000039bc      0x108 ./ra/fsp/src/r_sci_uart/r_sci_uart.o
 .text.r_sci_uart_fifo_cfg
                0x00003ac4       0x72 ./ra/fsp/src/r_sci_uart/r_sci_uart.o
 .text.r_sci_irq_cfg
                0x00003b36       0x3a ./ra/fsp/src/r_sci_uart/r_sci_uart.o
 .text.r_sci_irqs_cfg
                0x00003b70       0x5a ./ra/fsp/src/r_sci_uart/r_sci_uart.o
 .text.r_sci_uart_baud_set
                0x00003bca       0x58 ./ra/fsp/src/r_sci_uart/r_sci_uart.o
 .text.r_sci_uart_call_callback
                0x00003c22       0x76 ./ra/fsp/src/r_sci_uart/r_sci_uart.o
 .text.sci_uart_txi_isr
                0x00003c98      0x176 ./ra/fsp/src/r_sci_uart/r_sci_uart.o
                0x00003c98                sci_uart_txi_isr
 .text.sci_uart_rxi_isr
                0x00003e0e      0x120 ./ra/fsp/src/r_sci_uart/r_sci_uart.o
                0x00003e0e                sci_uart_rxi_isr
 .text.sci_uart_tei_isr
                0x00003f2e       0x58 ./ra/fsp/src/r_sci_uart/r_sci_uart.o
                0x00003f2e                sci_uart_tei_isr
 .text.sci_uart_eri_isr
                0x00003f86       0xbe ./ra/fsp/src/r_sci_uart/r_sci_uart.o
                0x00003f86                sci_uart_eri_isr
 .text.__NVIC_GetEnableIRQ
                0x00004044       0x40 ./ra/fsp/src/r_rtc/r_rtc.o
 .text.R_FSP_CurrentIrqGet
                0x00004084       0x2c ./ra/fsp/src/r_rtc/r_rtc.o
 .text.R_BSP_IrqStatusClear
                0x000040b0       0x30 ./ra/fsp/src/r_rtc/r_rtc.o
 .text.R_BSP_IrqClearPending
                0x000040e0       0x40 ./ra/fsp/src/r_rtc/r_rtc.o
 .text.R_BSP_IrqEnableNoClear
                0x00004120       0x38 ./ra/fsp/src/r_rtc/r_rtc.o
 .text.R_BSP_IrqEnable
                0x00004158       0x26 ./ra/fsp/src/r_rtc/r_rtc.o
 *fill*         0x0000417e        0x2 ff
 .text.R_BSP_IrqDisable
                0x00004180       0x48 ./ra/fsp/src/r_rtc/r_rtc.o
 .text.R_FSP_IsrContextGet
                0x000041c8       0x24 ./ra/fsp/src/r_rtc/r_rtc.o
 .text.R_RTC_CalendarTimeSet
                0x000041ec       0xd4 ./ra/fsp/src/r_rtc/r_rtc.o
                0x000041ec                R_RTC_CalendarTimeSet
 .text.R_RTC_CalendarTimeGet
                0x000042c0      0x110 ./ra/fsp/src/r_rtc/r_rtc.o
                0x000042c0                R_RTC_CalendarTimeGet
 .text.r_rtc_start_bit_update
                0x000043d0       0x48 ./ra/fsp/src/r_rtc/r_rtc.o
 .text.r_rtc_irq_set
                0x00004418       0x80 ./ra/fsp/src/r_rtc/r_rtc.o
 .text.r_rtc_error_adjustment_set
                0x00004498      0x100 ./ra/fsp/src/r_rtc/r_rtc.o
 .text.rtc_carry_isr
                0x00004598       0x32 ./ra/fsp/src/r_rtc/r_rtc.o
                0x00004598                rtc_carry_isr
 *fill*         0x000045ca        0x2 ff
 .text.rtc_dec_to_bcd
                0x000045cc       0x50 ./ra/fsp/src/r_rtc/r_rtc.o
 .text.rtc_bcd_to_dec
                0x0000461c       0x32 ./ra/fsp/src/r_rtc/r_rtc.o
 *fill*         0x0000464e        0x2 ff
 .text.R_BSP_PinRead
                0x00004650       0x38 ./ra/fsp/src/r_ioport/r_ioport.o
 .text.R_BSP_PinAccessEnable
                0x00004688       0x60 ./ra/fsp/src/r_ioport/r_ioport.o
 .text.R_BSP_PinAccessDisable
                0x000046e8       0x68 ./ra/fsp/src/r_ioport/r_ioport.o
 .text.R_IOPORT_Open
                0x00004750       0x28 ./ra/fsp/src/r_ioport/r_ioport.o
                0x00004750                R_IOPORT_Open
 .text.R_IOPORT_Close
                0x00004778       0x20 ./ra/fsp/src/r_ioport/r_ioport.o
                0x00004778                R_IOPORT_Close
 .text.R_IOPORT_PinsCfg
                0x00004798       0x1a ./ra/fsp/src/r_ioport/r_ioport.o
                0x00004798                R_IOPORT_PinsCfg
 .text.R_IOPORT_PinCfg
                0x000047b2       0x46 ./ra/fsp/src/r_ioport/r_ioport.o
                0x000047b2                R_IOPORT_PinCfg
 .text.R_IOPORT_PinRead
                0x000047f8       0x28 ./ra/fsp/src/r_ioport/r_ioport.o
                0x000047f8                R_IOPORT_PinRead
 .text.R_IOPORT_PortRead
                0x00004820       0x3a ./ra/fsp/src/r_ioport/r_ioport.o
                0x00004820                R_IOPORT_PortRead
 .text.R_IOPORT_PortWrite
                0x0000485a       0x62 ./ra/fsp/src/r_ioport/r_ioport.o
                0x0000485a                R_IOPORT_PortWrite
 .text.R_IOPORT_PinWrite
                0x000048bc       0x6e ./ra/fsp/src/r_ioport/r_ioport.o
                0x000048bc                R_IOPORT_PinWrite
 .text.R_IOPORT_PortDirectionSet
                0x0000492a       0x72 ./ra/fsp/src/r_ioport/r_ioport.o
                0x0000492a                R_IOPORT_PortDirectionSet
 .text.R_IOPORT_PortEventInputRead
                0x0000499c       0x3e ./ra/fsp/src/r_ioport/r_ioport.o
                0x0000499c                R_IOPORT_PortEventInputRead
 .text.R_IOPORT_PinEventInputRead
                0x000049da       0x62 ./ra/fsp/src/r_ioport/r_ioport.o
                0x000049da                R_IOPORT_PinEventInputRead
 .text.R_IOPORT_PortEventOutputWrite
                0x00004a3c       0x62 ./ra/fsp/src/r_ioport/r_ioport.o
                0x00004a3c                R_IOPORT_PortEventOutputWrite
 .text.R_IOPORT_PinEventOutputWrite
                0x00004a9e       0x5e ./ra/fsp/src/r_ioport/r_ioport.o
                0x00004a9e                R_IOPORT_PinEventOutputWrite
 .text.R_IOPORT_EthernetModeCfg
                0x00004afc       0x1e ./ra/fsp/src/r_ioport/r_ioport.o
                0x00004afc                R_IOPORT_EthernetModeCfg
 .text.r_ioport_pins_config
                0x00004b1a       0x56 ./ra/fsp/src/r_ioport/r_ioport.o
 .text.r_ioport_hw_pin_event_output_data_write
                0x00004b70       0x88 ./ra/fsp/src/r_ioport/r_ioport.o
 .text.r_ioport_pfs_write
                0x00004bf8       0x78 ./ra/fsp/src/r_ioport/r_ioport.o
 .text.bsp_vbatt_init
                0x00004c70       0xd8 ./ra/fsp/src/r_ioport/r_ioport.o
 .text.R_FSP_CurrentIrqGet
                0x00004d48       0x2c ./ra/fsp/src/r_adc/r_adc.o
 .text.R_FSP_SystemClockHzGet
                0x00004d74       0x4c ./ra/fsp/src/r_adc/r_adc.o
 .text.R_FSP_IsrContextSet
                0x00004dc0       0x28 ./ra/fsp/src/r_adc/r_adc.o
 .text.R_BSP_IrqStatusClear
                0x00004de8       0x30 ./ra/fsp/src/r_adc/r_adc.o
 .text.R_BSP_IrqClearPending
                0x00004e18       0x40 ./ra/fsp/src/r_adc/r_adc.o
 .text.R_BSP_IrqCfg
                0x00004e58       0x3c ./ra/fsp/src/r_adc/r_adc.o
 .text.R_BSP_IrqEnableNoClear
                0x00004e94       0x38 ./ra/fsp/src/r_adc/r_adc.o
 .text.R_BSP_IrqEnable
                0x00004ecc       0x26 ./ra/fsp/src/r_adc/r_adc.o
 .text.R_BSP_IrqCfgEnable
                0x00004ef2       0x2e ./ra/fsp/src/r_adc/r_adc.o
 .text.R_FSP_IsrContextGet
                0x00004f20       0x24 ./ra/fsp/src/r_adc/r_adc.o
 .text.R_ADC_Open
                0x00004f44       0xbc ./ra/fsp/src/r_adc/r_adc.o
                0x00004f44                R_ADC_Open
 .text.R_ADC_ScanCfg
                0x00005000       0x30 ./ra/fsp/src/r_adc/r_adc.o
                0x00005000                R_ADC_ScanCfg
 .text.R_ADC_ScanStart
                0x00005030       0x24 ./ra/fsp/src/r_adc/r_adc.o
                0x00005030                R_ADC_ScanStart
 .text.R_ADC_Read
                0x00005054       0x34 ./ra/fsp/src/r_adc/r_adc.o
                0x00005054                R_ADC_Read
 .text.r_adc_open_sub
                0x00005088      0x148 ./ra/fsp/src/r_adc/r_adc.o
 .text.r_adc_sensor_cfg
                0x000051d0      0x110 ./ra/fsp/src/r_adc/r_adc.o
 .text.r_adc_sensor_sample_state_calculation
                0x000052e0       0x50 ./ra/fsp/src/r_adc/r_adc.o
 .text.r_adc_scan_cfg
                0x00005330      0x1e4 ./ra/fsp/src/r_adc/r_adc.o
 .text.r_adc_irq_enable
                0x00005514       0x2e ./ra/fsp/src/r_adc/r_adc.o
 .text.r_adc_call_callback
                0x00005542       0x72 ./ra/fsp/src/r_adc/r_adc.o
 .text.r_adc_scan_end_common_isr
                0x000055b4       0x56 ./ra/fsp/src/r_adc/r_adc.o
 .text.adc_scan_end_isr
                0x0000560a        0xe ./ra/fsp/src/r_adc/r_adc.o
                0x0000560a                adc_scan_end_isr
 .text.R_BSP_FlashCacheEnable
                0x00005618       0x40 ./ra/fsp/src/bsp/mcu/all/bsp_clocks.o
 .text.SystemCoreClockUpdate
                0x00005658       0x40 ./ra/fsp/src/bsp/mcu/all/bsp_clocks.o
                0x00005658                SystemCoreClockUpdate
 .text.bsp_prv_clock_set_hard_reset
                0x00005698       0x44 ./ra/fsp/src/bsp/mcu/all/bsp_clocks.o
 .text.bsp_clock_freq_var_init
                0x000056dc       0x48 ./ra/fsp/src/bsp/mcu/all/bsp_clocks.o
 .text.bsp_clock_init
                0x00005724       0xc8 ./ra/fsp/src/bsp/mcu/all/bsp_clocks.o
                0x00005724                bsp_clock_init
 .text.bsp_init_internal
                0x000057ec       0x14 ./ra/fsp/src/bsp/mcu/all/bsp_common.o
                0x000057ec                bsp_init_internal
                0x000057ec                bsp_init
 .text.__assert_func
                0x00005800       0x12 ./ra/fsp/src/bsp/mcu/all/bsp_common.o
                0x00005800                __assert_func
 *fill*         0x00005812        0x2 ff
 .text.R_BSP_SoftwareDelay
                0x00005814      0x164 ./ra/fsp/src/bsp/mcu/all/bsp_delay.o
                0x00005814                R_BSP_SoftwareDelay
 .text.bsp_prv_software_delay_loop
                0x00005978        0xc ./ra/fsp/src/bsp/mcu/all/bsp_delay.o
                0x00005978                bsp_prv_software_delay_loop
 .text.bsp_group_irq_call
                0x00005984       0x30 ./ra/fsp/src/bsp/mcu/all/bsp_group_irq.o
 .text.NMI_Handler
                0x000059b4       0x4c ./ra/fsp/src/bsp/mcu/all/bsp_group_irq.o
                0x000059b4                NMI_Handler
 .text.bsp_irq_cfg
                0x00005a00       0xfc ./ra/fsp/src/bsp/mcu/all/bsp_irq.o
                0x00005a00                bsp_irq_cfg
 .text.R_BSP_RegisterProtectEnable
                0x00005afc       0xa0 ./ra/fsp/src/bsp/mcu/all/bsp_register_protection.o
                0x00005afc                R_BSP_RegisterProtectEnable
 .text.R_BSP_RegisterProtectDisable
                0x00005b9c       0x90 ./ra/fsp/src/bsp/mcu/all/bsp_register_protection.o
                0x00005b9c                R_BSP_RegisterProtectDisable
 .text._sbrk    0x00005c2c       0x6c ./ra/fsp/src/bsp/mcu/all/bsp_sbrk.o
                0x00005c2c                _sbrk
 .text.Reset_Handler
                0x00005c98        0xe ./ra/fsp/src/bsp/cmsis/Device/RENESAS/Source/startup.o
                0x00005c98                Reset_Handler
 .text.Default_Handler
                0x00005ca6       0x10 ./ra/fsp/src/bsp/cmsis/Device/RENESAS/Source/startup.o
                0x00005ca6                HardFault_Handler
                0x00005ca6                UsageFault_Handler
                0x00005ca6                SecureFault_Handler
                0x00005ca6                Default_Handler
                0x00005ca6                MemManage_Handler
                0x00005ca6                BusFault_Handler
                0x00005ca6                DebugMon_Handler
 *fill*         0x00005cb6        0x2 ff
 .text.SystemInit
                0x00005cb8       0xf0 ./ra/fsp/src/bsp/cmsis/Device/RENESAS/Source/system.o
                0x00005cb8                SystemInit
 .text.vListInitialise
                0x00005da8       0x40 ./ra/aws/amazon-freertos/freertos_kernel/list.o
                0x00005da8                vListInitialise
 .text.vListInitialiseItem
                0x00005de8       0x1a ./ra/aws/amazon-freertos/freertos_kernel/list.o
                0x00005de8                vListInitialiseItem
 .text.vListInsertEnd
                0x00005e02       0x48 ./ra/aws/amazon-freertos/freertos_kernel/list.o
                0x00005e02                vListInsertEnd
 .text.vListInsert
                0x00005e4a       0x72 ./ra/aws/amazon-freertos/freertos_kernel/list.o
                0x00005e4a                vListInsert
 .text.uxListRemove
                0x00005ebc       0x54 ./ra/aws/amazon-freertos/freertos_kernel/list.o
                0x00005ebc                uxListRemove
 .text.xQueueGenericReset
                0x00005f10       0xd8 ./ra/aws/amazon-freertos/freertos_kernel/queue.o
                0x00005f10                xQueueGenericReset
 .text.xQueueGenericCreateStatic
                0x00005fe8       0xc8 ./ra/aws/amazon-freertos/freertos_kernel/queue.o
                0x00005fe8                xQueueGenericCreateStatic
 .text.prvInitialiseNewQueue
                0x000060b0       0x3e ./ra/aws/amazon-freertos/freertos_kernel/queue.o
 *fill*         0x000060ee        0x2 ff
 .text.xQueueCreateCountingSemaphoreStatic
                0x000060f0       0x70 ./ra/aws/amazon-freertos/freertos_kernel/queue.o
                0x000060f0                xQueueCreateCountingSemaphoreStatic
 .text.xQueueGenericSend
                0x00006160      0x1e4 ./ra/aws/amazon-freertos/freertos_kernel/queue.o
                0x00006160                xQueueGenericSend
 .text.xQueueGenericSendFromISR
                0x00006344      0x134 ./ra/aws/amazon-freertos/freertos_kernel/queue.o
                0x00006344                xQueueGenericSendFromISR
 .text.xQueueReceive
                0x00006478      0x1b0 ./ra/aws/amazon-freertos/freertos_kernel/queue.o
                0x00006478                xQueueReceive
 .text.xQueueSemaphoreTake
                0x00006628      0x1a0 ./ra/aws/amazon-freertos/freertos_kernel/queue.o
                0x00006628                xQueueSemaphoreTake
 .text.prvCopyDataToQueue
                0x000067c8       0xb8 ./ra/aws/amazon-freertos/freertos_kernel/queue.o
 .text.prvCopyDataFromQueue
                0x00006880       0x4c ./ra/aws/amazon-freertos/freertos_kernel/queue.o
 .text.prvUnlockQueue
                0x000068cc       0xa4 ./ra/aws/amazon-freertos/freertos_kernel/queue.o
 .text.prvIsQueueEmpty
                0x00006970       0x2c ./ra/aws/amazon-freertos/freertos_kernel/queue.o
 .text.prvIsQueueFull
                0x0000699c       0x30 ./ra/aws/amazon-freertos/freertos_kernel/queue.o
 .text.vQueueAddToRegistry
                0x000069cc       0x54 ./ra/aws/amazon-freertos/freertos_kernel/queue.o
                0x000069cc                vQueueAddToRegistry
 .text.vQueueWaitForMessageRestricted
                0x00006a20       0x68 ./ra/aws/amazon-freertos/freertos_kernel/queue.o
                0x00006a20                vQueueWaitForMessageRestricted
 .text.xTaskCreateStatic
                0x00006a88       0xb0 ./ra/aws/amazon-freertos/freertos_kernel/tasks.o
                0x00006a88                xTaskCreateStatic
 .text.prvInitialiseNewTask
                0x00006b38      0x12c ./ra/aws/amazon-freertos/freertos_kernel/tasks.o
 .text.prvAddNewTaskToReadyList
                0x00006c64       0xdc ./ra/aws/amazon-freertos/freertos_kernel/tasks.o
 .text.vTaskDelay
                0x00006d40       0x70 ./ra/aws/amazon-freertos/freertos_kernel/tasks.o
                0x00006d40                vTaskDelay
 .text.vTaskStartScheduler
                0x00006db0       0xd4 ./ra/aws/amazon-freertos/freertos_kernel/tasks.o
                0x00006db0                vTaskStartScheduler
 .text.vTaskSuspendAll
                0x00006e84       0x1c ./ra/aws/amazon-freertos/freertos_kernel/tasks.o
                0x00006e84                vTaskSuspendAll
 .text.xTaskResumeAll
                0x00006ea0      0x144 ./ra/aws/amazon-freertos/freertos_kernel/tasks.o
                0x00006ea0                xTaskResumeAll
 .text.xTaskGetTickCount
                0x00006fe4       0x20 ./ra/aws/amazon-freertos/freertos_kernel/tasks.o
                0x00006fe4                xTaskGetTickCount
 .text.xTaskIncrementTick
                0x00007004      0x158 ./ra/aws/amazon-freertos/freertos_kernel/tasks.o
                0x00007004                xTaskIncrementTick
 .text.vTaskSwitchContext
                0x0000715c       0xbc ./ra/aws/amazon-freertos/freertos_kernel/tasks.o
                0x0000715c                vTaskSwitchContext
 .text.vTaskPlaceOnEventList
                0x00007218       0x4c ./ra/aws/amazon-freertos/freertos_kernel/tasks.o
                0x00007218                vTaskPlaceOnEventList
 .text.vTaskPlaceOnEventListRestricted
                0x00007264       0x5c ./ra/aws/amazon-freertos/freertos_kernel/tasks.o
                0x00007264                vTaskPlaceOnEventListRestricted
 .text.xTaskRemoveFromEventList
                0x000072c0       0xcc ./ra/aws/amazon-freertos/freertos_kernel/tasks.o
                0x000072c0                xTaskRemoveFromEventList
 .text.vTaskInternalSetTimeOutState
                0x0000738c       0x2c ./ra/aws/amazon-freertos/freertos_kernel/tasks.o
                0x0000738c                vTaskInternalSetTimeOutState
 .text.xTaskCheckForTimeOut
                0x000073b8       0xcc ./ra/aws/amazon-freertos/freertos_kernel/tasks.o
                0x000073b8                xTaskCheckForTimeOut
 .text.vTaskMissedYield
                0x00007484       0x18 ./ra/aws/amazon-freertos/freertos_kernel/tasks.o
                0x00007484                vTaskMissedYield
 .text.prvIdleTask
                0x0000749c       0x38 ./ra/aws/amazon-freertos/freertos_kernel/tasks.o
 .text.prvInitialiseTaskLists
                0x000074d4       0x80 ./ra/aws/amazon-freertos/freertos_kernel/tasks.o
 .text.prvCheckTasksWaitingTermination
                0x00007554       0x5c ./ra/aws/amazon-freertos/freertos_kernel/tasks.o
 .text.prvDeleteTCB
                0x000075b0       0x14 ./ra/aws/amazon-freertos/freertos_kernel/tasks.o
 .text.prvResetNextTaskUnblockTime
                0x000075c4       0x38 ./ra/aws/amazon-freertos/freertos_kernel/tasks.o
 .text.xTaskGetSchedulerState
                0x000075fc       0x3c ./ra/aws/amazon-freertos/freertos_kernel/tasks.o
                0x000075fc                xTaskGetSchedulerState
 .text.prvAddCurrentTaskToDelayedList
                0x00007638       0xa8 ./ra/aws/amazon-freertos/freertos_kernel/tasks.o
 .text.xTimerCreateTimerTask
                0x000076e0       0x94 ./ra/aws/amazon-freertos/freertos_kernel/timers.o
                0x000076e0                xTimerCreateTimerTask
 .text.xTimerGenericCommand
                0x00007774       0xa0 ./ra/aws/amazon-freertos/freertos_kernel/timers.o
                0x00007774                xTimerGenericCommand
 .text.prvProcessExpiredTimer
                0x00007814       0x9c ./ra/aws/amazon-freertos/freertos_kernel/timers.o
 .text.prvTimerTask
                0x000078b0       0x24 ./ra/aws/amazon-freertos/freertos_kernel/timers.o
 .text.prvProcessTimerOrBlockTask
                0x000078d4       0xa0 ./ra/aws/amazon-freertos/freertos_kernel/timers.o
 .text.prvGetNextExpireTime
                0x00007974       0x48 ./ra/aws/amazon-freertos/freertos_kernel/timers.o
 .text.prvSampleTimeNow
                0x000079bc       0x40 ./ra/aws/amazon-freertos/freertos_kernel/timers.o
 .text.prvInsertTimerInActiveList
                0x000079fc       0x84 ./ra/aws/amazon-freertos/freertos_kernel/timers.o
 .text.prvProcessReceivedCommands
                0x00007a80      0x178 ./ra/aws/amazon-freertos/freertos_kernel/timers.o
 .text.prvSwitchTimerLists
                0x00007bf8       0xcc ./ra/aws/amazon-freertos/freertos_kernel/timers.o
 .text.prvCheckForValidListAndQueue
                0x00007cc4       0x80 ./ra/aws/amazon-freertos/freertos_kernel/timers.o
 .text.sm_fifo_init
                0x00007d44       0x5c ./Long_fdk/utils/src/sm_fifo.o
                0x00007d44                sm_fifo_init
 .text.sm_fifo_push
                0x00007da0       0x22 ./Long_fdk/utils/src/sm_fifo.o
                0x00007da0                sm_fifo_push
 .text.sm_fifo_pop
                0x00007dc2       0x2c ./Long_fdk/utils/src/sm_fifo.o
                0x00007dc2                sm_fifo_pop
 .text.sm_fifo_push_irq
                0x00007dee       0x24 ./Long_fdk/utils/src/sm_fifo.o
                0x00007dee                sm_fifo_push_irq
 .text.sm_dht22_init
                0x00007e12       0x1c ./Long_fdk/common/src/sm_dht22.o
                0x00007e12                sm_dht22_init
 .text.sm_dht22_start
                0x00007e2e       0x90 ./Long_fdk/common/src/sm_dht22.o
 .text.sm_dht22_read
                0x00007ebe       0xae ./Long_fdk/common/src/sm_dht22.o
 .text.sm_dht22_process
                0x00007f6c      0x108 ./Long_fdk/common/src/sm_dht22.o
                0x00007f6c                sm_dht22_process
 .text.dht_pin_write
                0x00008074       0x26 ./Long_fdk/common/src/sm_dht22.o
 .text.dht_pin_mode
                0x0000809a       0x26 ./Long_fdk/common/src/sm_dht22.o
 .text.dht_pin_read
                0x000080c0       0x22 ./Long_fdk/common/src/sm_dht22.o
 .text.sm_ec200s_init
                0x000080e2       0xd0 ./Long_fdk/common/src/sm_ec200s.o
                0x000080e2                sm_ec200s_init
 *fill*         0x000081b2        0x2 ff
 .text.sm_ec200s_sync
                0x000081b4       0x30 ./Long_fdk/common/src/sm_ec200s.o
                0x000081b4                sm_ec200s_sync
 .text.sm_ec200s_echo_mode
                0x000081e4       0x54 ./Long_fdk/common/src/sm_ec200s.o
                0x000081e4                sm_ec200s_echo_mode
 .text.sm_ec200s_get_pin
                0x00008238       0x30 ./Long_fdk/common/src/sm_ec200s.o
                0x00008238                sm_ec200s_get_pin
 .text.sm_ec200s_get_signal
                0x00008268       0x50 ./Long_fdk/common/src/sm_ec200s.o
                0x00008268                sm_ec200s_get_signal
 .text.sm_ec200s_get_funtion
                0x000082b8       0x30 ./Long_fdk/common/src/sm_ec200s.o
                0x000082b8                sm_ec200s_get_funtion
 .text.sm_ec200s_set_apn
                0x000082e8       0xa4 ./Long_fdk/common/src/sm_ec200s.o
                0x000082e8                sm_ec200s_set_apn
 .text.sm_ec200s_get_simNb
                0x0000838c       0x60 ./Long_fdk/common/src/sm_ec200s.o
                0x0000838c                sm_ec200s_get_simNb
 .text.sm_ec200s_get_ip
                0x000083ec       0xa8 ./Long_fdk/common/src/sm_ec200s.o
                0x000083ec                sm_ec200s_get_ip
 .text.sm_ec200s_config_mqtt
                0x00008494       0x84 ./Long_fdk/common/src/sm_ec200s.o
                0x00008494                sm_ec200s_config_mqtt
 .text.sm_ec200s_open_mqtt
                0x00008518       0xac ./Long_fdk/common/src/sm_ec200s.o
                0x00008518                sm_ec200s_open_mqtt
 .text.sm_ec200s_connect_mqtt
                0x000085c4       0xf8 ./Long_fdk/common/src/sm_ec200s.o
                0x000085c4                sm_ec200s_connect_mqtt
 .text.sm_ec200s_disconnect_mqtt
                0x000086bc       0x34 ./Long_fdk/common/src/sm_ec200s.o
                0x000086bc                sm_ec200s_disconnect_mqtt
 .text.sm_ec200s_close_mqtt
                0x000086f0       0x34 ./Long_fdk/common/src/sm_ec200s.o
                0x000086f0                sm_ec200s_close_mqtt
 .text.sm_ec200s_public_mqtt
                0x00008724       0xec ./Long_fdk/common/src/sm_ec200s.o
                0x00008724                sm_ec200s_public_mqtt
 .text.sm_ec200s_subscribes_mqtt
                0x00008810       0xac ./Long_fdk/common/src/sm_ec200s.o
                0x00008810                sm_ec200s_subscribes_mqtt
 .text.sm_ec200s_unsubscribes_mqtt
                0x000088bc       0x98 ./Long_fdk/common/src/sm_ec200s.o
                0x000088bc                sm_ec200s_unsubscribes_mqtt
 .text.sm_ec200s_recive_mqtt_data
                0x00008954      0x168 ./Long_fdk/common/src/sm_ec200s.o
                0x00008954                sm_ec200s_recive_mqtt_data
 .text.sm_ec200s_data_iscomming_mqtt
                0x00008abc       0xe8 ./Long_fdk/common/src/sm_ec200s.o
                0x00008abc                sm_ec200s_data_iscomming_mqtt
 .text.sm_ec200s_get_time_network
                0x00008ba4       0xc0 ./Long_fdk/common/src/sm_ec200s.o
                0x00008ba4                sm_ec200s_get_time_network
 .text.LCD5110_init
                0x00008c64       0x88 ./Long_fdk/common/src/sm_lcd5110.o
                0x00008c64                LCD5110_init
 .text.LCD5110_LCD_write_byte
                0x00008cec       0x78 ./Long_fdk/common/src/sm_lcd5110.o
                0x00008cec                LCD5110_LCD_write_byte
 .text.LCD5110_write_char
                0x00008d64       0x58 ./Long_fdk/common/src/sm_lcd5110.o
                0x00008d64                LCD5110_write_char
 .text.LCD5110_write_char_inv
                0x00008dbc       0x5c ./Long_fdk/common/src/sm_lcd5110.o
                0x00008dbc                LCD5110_write_char_inv
 .text.LCD5110_write_string
                0x00008e18       0x52 ./Long_fdk/common/src/sm_lcd5110.o
                0x00008e18                LCD5110_write_string
 .text.LCD5110_clear
                0x00008e6a       0x40 ./Long_fdk/common/src/sm_lcd5110.o
                0x00008e6a                LCD5110_clear
 .text.LCD5110_set_XY
                0x00008eaa       0x48 ./Long_fdk/common/src/sm_lcd5110.o
                0x00008eaa                LCD5110_set_XY
 .text.LCD5110_CS
                0x00008ef2       0x26 ./Long_fdk/common/src/sm_lcd5110.o
                0x00008ef2                LCD5110_CS
 .text.LCD5110_RST
                0x00008f18       0x26 ./Long_fdk/common/src/sm_lcd5110.o
                0x00008f18                LCD5110_RST
 .text.LCD5110_DC
                0x00008f3e       0x26 ./Long_fdk/common/src/sm_lcd5110.o
                0x00008f3e                LCD5110_DC
 .text.LCD5110_DIN
                0x00008f64       0x26 ./Long_fdk/common/src/sm_lcd5110.o
                0x00008f64                LCD5110_DIN
 .text.LCD5110_SCK
                0x00008f8a       0x26 ./Long_fdk/common/src/sm_lcd5110.o
                0x00008f8a                LCD5110_SCK
 .text.sm_modem_init
                0x00008fb0       0x64 ./Long_fdk/common/src/sm_modem.o
                0x00008fb0                sm_modem_init
 .text.sm_modem_send_cmd
                0x00009014       0xf8 ./Long_fdk/common/src/sm_modem.o
                0x00009014                sm_modem_send_cmd
 .text.sm_modem_hw_reset
                0x0000910c       0x70 ./Long_fdk/common/src/sm_modem.o
                0x0000910c                sm_modem_hw_reset
 .text.sm_mqtt_disconnect
                0x0000917c       0x1c ./Long_fdk/common/src/sm_mqtt_client.o
 .text.sm_mqtt_client_set_state
                0x00009198       0x24 ./Long_fdk/common/src/sm_mqtt_client.o
                0x00009198                sm_mqtt_client_set_state
 .text.sm_mqtt_client_get_state
                0x000091bc       0x1e ./Long_fdk/common/src/sm_mqtt_client.o
                0x000091bc                sm_mqtt_client_get_state
 .text.mqtt_client_set_event
                0x000091da       0x22 ./Long_fdk/common/src/sm_mqtt_client.o
 .text.mqtt_client_get_event
                0x000091fc       0x26 ./Long_fdk/common/src/sm_mqtt_client.o
 *fill*         0x00009222        0x2 ff
 .text.sm_mqtt_client_init_static
                0x00009224       0x78 ./Long_fdk/common/src/sm_mqtt_client.o
                0x00009224                sm_mqtt_client_init_static
 .text.sm_mqtt_client_register_handle
                0x0000929c       0x3c ./Long_fdk/common/src/sm_mqtt_client.o
                0x0000929c                sm_mqtt_client_register_handle
 .text.sm_mqtt_client_process
                0x000092d8      0x1bc ./Long_fdk/common/src/sm_mqtt_client.o
                0x000092d8                sm_mqtt_client_process
 .text.sm_bsp_io_init
                0x00009494       0x34 ./Long_fdk/bsp/src/sm_bsp_io.o
                0x00009494                sm_bsp_io_init
 .text.sm_bsp_uart_init
                0x000094c8       0x60 ./Long_fdk/bsp/src/sm_bsp_uart.o
                0x000094c8                sm_bsp_uart_init
 .text.uart_rx_callback
                0x00009528       0x40 ./Long_fdk/bsp/src/sm_bsp_uart.o
 .text.uart_tx_callback
                0x00009568       0x20 ./Long_fdk/bsp/src/sm_bsp_uart.o
 .text.sm_bsp_uart_rx_callback
                0x00009588       0x26 ./Long_fdk/bsp/src/sm_bsp_uart.o
                0x00009588                sm_bsp_uart_rx_callback
 .text.sm_bsp_uart_tx_callback
                0x000095ae       0x1c ./Long_fdk/bsp/src/sm_bsp_uart.o
                0x000095ae                sm_bsp_uart_tx_callback
 .text.sm_bsp_uart_write
                0x000095ca       0x6e ./Long_fdk/bsp/src/sm_bsp_uart.o
                0x000095ca                sm_bsp_uart_write
 .text.sm_bsp_uart_read
                0x00009638       0x54 ./Long_fdk/bsp/src/sm_bsp_uart.o
                0x00009638                sm_bsp_uart_read
 .text          0x0000968c      0x378 c:/program files (x86)/gnu arm embedded toolchain/10 2021.10/bin/../lib/gcc/arm-none-eabi/10.3.1/thumb/v8-m.main+fp/hard\libgcc.a(_arm_addsubdf3.o)
                0x0000968c                __aeabi_drsub
                0x00009694                __aeabi_dsub
                0x00009694                __subdf3
                0x00009698                __aeabi_dadd
                0x00009698                __adddf3
                0x00009910                __floatunsidf
                0x00009910                __aeabi_ui2d
                0x00009930                __floatsidf
                0x00009930                __aeabi_i2d
                0x00009954                __aeabi_f2d
                0x00009954                __extendsfdf2
                0x00009998                __floatundidf
                0x00009998                __aeabi_ul2d
                0x000099a8                __floatdidf
                0x000099a8                __aeabi_l2d
 .text          0x00009a04      0x424 c:/program files (x86)/gnu arm embedded toolchain/10 2021.10/bin/../lib/gcc/arm-none-eabi/10.3.1/thumb/v8-m.main+fp/hard\libgcc.a(_arm_muldivdf3.o)
                0x00009a04                __aeabi_dmul
                0x00009a04                __muldf3
                0x00009c58                __divdf3
                0x00009c58                __aeabi_ddiv
 .text          0x00009e28      0x110 c:/program files (x86)/gnu arm embedded toolchain/10 2021.10/bin/../lib/gcc/arm-none-eabi/10.3.1/thumb/v8-m.main+fp/hard\libgcc.a(_arm_cmpdf2.o)
                0x00009e28                __gtdf2
                0x00009e28                __gedf2
                0x00009e30                __ltdf2
                0x00009e30                __ledf2
                0x00009e38                __nedf2
                0x00009e38                __eqdf2
                0x00009e38                __cmpdf2
                0x00009eb4                __aeabi_cdrcmple
                0x00009ec4                __aeabi_cdcmpeq
                0x00009ec4                __aeabi_cdcmple
                0x00009ed4                __aeabi_dcmpeq
                0x00009ee8                __aeabi_dcmplt
                0x00009efc                __aeabi_dcmple
                0x00009f10                __aeabi_dcmpge
                0x00009f24                __aeabi_dcmpgt
 .text          0x00009f38       0x2c c:/program files (x86)/gnu arm embedded toolchain/10 2021.10/bin/../lib/gcc/arm-none-eabi/10.3.1/thumb/v8-m.main+fp/hard\libgcc.a(_arm_unorddf2.o)
                0x00009f38                __unorddf2
                0x00009f38                __aeabi_dcmpun
 .text          0x00009f64       0x50 c:/program files (x86)/gnu arm embedded toolchain/10 2021.10/bin/../lib/gcc/arm-none-eabi/10.3.1/thumb/v8-m.main+fp/hard\libgcc.a(_arm_fixdfsi.o)
                0x00009f64                __aeabi_d2iz
                0x00009f64                __fixdfsi
 .text          0x00009fb4       0x40 c:/program files (x86)/gnu arm embedded toolchain/10 2021.10/bin/../lib/gcc/arm-none-eabi/10.3.1/thumb/v8-m.main+fp/hard\libgcc.a(_arm_fixunsdfsi.o)
                0x00009fb4                __aeabi_d2uiz
                0x00009fb4                __fixunsdfsi
 .text          0x00009ff4       0xa0 c:/program files (x86)/gnu arm embedded toolchain/10 2021.10/bin/../lib/gcc/arm-none-eabi/10.3.1/thumb/v8-m.main+fp/hard\libgcc.a(_arm_truncdfsf2.o)
                0x00009ff4                __truncdfsf2
                0x00009ff4                __aeabi_d2f
 .text.atof     0x0000a094        0x6 c:/program files (x86)/gnu arm embedded toolchain/10 2021.10/bin/../lib/gcc/arm-none-eabi/10.3.1/../../../../arm-none-eabi/lib/thumb/v8-m.main+fp/hard\libg_nano.a(lib_a-atof.o)
                0x0000a094                atof
 *fill*         0x0000a09a        0x2 ff
 .text.__errno  0x0000a09c        0xc c:/program files (x86)/gnu arm embedded toolchain/10 2021.10/bin/../lib/gcc/arm-none-eabi/10.3.1/../../../../arm-none-eabi/lib/thumb/v8-m.main+fp/hard\libg_nano.a(lib_a-errno.o)
                0x0000a09c                __errno
 .text.malloc   0x0000a0a8       0x10 c:/program files (x86)/gnu arm embedded toolchain/10 2021.10/bin/../lib/gcc/arm-none-eabi/10.3.1/../../../../arm-none-eabi/lib/thumb/v8-m.main+fp/hard\libg_nano.a(lib_a-malloc.o)
                0x0000a0a8                malloc
 .text.free     0x0000a0b8       0x10 c:/program files (x86)/gnu arm embedded toolchain/10 2021.10/bin/../lib/gcc/arm-none-eabi/10.3.1/../../../../arm-none-eabi/lib/thumb/v8-m.main+fp/hard\libg_nano.a(lib_a-malloc.o)
                0x0000a0b8                free
 .text.memcpy   0x0000a0c8       0x1a c:/program files (x86)/gnu arm embedded toolchain/10 2021.10/bin/../lib/gcc/arm-none-eabi/10.3.1/../../../../arm-none-eabi/lib/thumb/v8-m.main+fp/hard\libg_nano.a(lib_a-memcpy-stub.o)
                0x0000a0c8                memcpy
 .text.memset   0x0000a0e2       0x10 c:/program files (x86)/gnu arm embedded toolchain/10 2021.10/bin/../lib/gcc/arm-none-eabi/10.3.1/../../../../arm-none-eabi/lib/thumb/v8-m.main+fp/hard\libg_nano.a(lib_a-memset.o)
                0x0000a0e2                memset
 .text._calloc_r
                0x0000a0f2       0x2c c:/program files (x86)/gnu arm embedded toolchain/10 2021.10/bin/../lib/gcc/arm-none-eabi/10.3.1/../../../../arm-none-eabi/lib/thumb/v8-m.main+fp/hard\libg_nano.a(lib_a-nano-callocr.o)
                0x0000a0f2                _calloc_r
 *fill*         0x0000a11e        0x2 ff
 .text._free_r  0x0000a120       0x98 c:/program files (x86)/gnu arm embedded toolchain/10 2021.10/bin/../lib/gcc/arm-none-eabi/10.3.1/../../../../arm-none-eabi/lib/thumb/v8-m.main+fp/hard\libg_nano.a(lib_a-nano-freer.o)
                0x0000a120                _free_r
 .text.sbrk_aligned
                0x0000a1b8       0x40 c:/program files (x86)/gnu arm embedded toolchain/10 2021.10/bin/../lib/gcc/arm-none-eabi/10.3.1/../../../../arm-none-eabi/lib/thumb/v8-m.main+fp/hard\libg_nano.a(lib_a-nano-mallocr.o)
 .text._malloc_r
                0x0000a1f8       0xe8 c:/program files (x86)/gnu arm embedded toolchain/10 2021.10/bin/../lib/gcc/arm-none-eabi/10.3.1/../../../../arm-none-eabi/lib/thumb/v8-m.main+fp/hard\libg_nano.a(lib_a-nano-mallocr.o)
                0x0000a1f8                _malloc_r
 .text.__cvt    0x0000a2e0       0xc4 c:/program files (x86)/gnu arm embedded toolchain/10 2021.10/bin/../lib/gcc/arm-none-eabi/10.3.1/../../../../arm-none-eabi/lib/thumb/v8-m.main+fp/hard\libg_nano.a(lib_a-nano-vfprintf_float.o)
                0x0000a2e0                __cvt
 .text.__exponent
                0x0000a3a4       0x7c c:/program files (x86)/gnu arm embedded toolchain/10 2021.10/bin/../lib/gcc/arm-none-eabi/10.3.1/../../../../arm-none-eabi/lib/thumb/v8-m.main+fp/hard\libg_nano.a(lib_a-nano-vfprintf_float.o)
                0x0000a3a4                __exponent
 .text._printf_float
                0x0000a420      0x46c c:/program files (x86)/gnu arm embedded toolchain/10 2021.10/bin/../lib/gcc/arm-none-eabi/10.3.1/../../../../arm-none-eabi/lib/thumb/v8-m.main+fp/hard\libg_nano.a(lib_a-nano-vfprintf_float.o)
                0x0000a420                _printf_float
 .text._printf_common
                0x0000a88c       0xe0 c:/program files (x86)/gnu arm embedded toolchain/10 2021.10/bin/../lib/gcc/arm-none-eabi/10.3.1/../../../../arm-none-eabi/lib/thumb/v8-m.main+fp/hard\libg_nano.a(lib_a-nano-vfprintf_i.o)
                0x0000a88c                _printf_common
 .text._printf_i
                0x0000a96c      0x24c c:/program files (x86)/gnu arm embedded toolchain/10 2021.10/bin/../lib/gcc/arm-none-eabi/10.3.1/../../../../arm-none-eabi/lib/thumb/v8-m.main+fp/hard\libg_nano.a(lib_a-nano-vfprintf_i.o)
                0x0000a96c                _printf_i
 .text.realloc  0x0000abb8       0x10 c:/program files (x86)/gnu arm embedded toolchain/10 2021.10/bin/../lib/gcc/arm-none-eabi/10.3.1/../../../../arm-none-eabi/lib/thumb/v8-m.main+fp/hard\libg_nano.a(lib_a-realloc.o)
                0x0000abb8                realloc
 .text._sbrk_r  0x0000abc8       0x20 c:/program files (x86)/gnu arm embedded toolchain/10 2021.10/bin/../lib/gcc/arm-none-eabi/10.3.1/../../../../arm-none-eabi/lib/thumb/v8-m.main+fp/hard\libg_nano.a(lib_a-sbrkr.o)
                0x0000abc8                _sbrk_r
 .text.sprintf  0x0000abe8       0x40 c:/program files (x86)/gnu arm embedded toolchain/10 2021.10/bin/../lib/gcc/arm-none-eabi/10.3.1/../../../../arm-none-eabi/lib/thumb/v8-m.main+fp/hard\libg_nano.a(lib_a-sprintf.o)
                0x0000abe8                siprintf
                0x0000abe8                sprintf
 .text.sscanf   0x0000ac28       0x58 c:/program files (x86)/gnu arm embedded toolchain/10 2021.10/bin/../lib/gcc/arm-none-eabi/10.3.1/../../../../arm-none-eabi/lib/thumb/v8-m.main+fp/hard\libg_nano.a(lib_a-sscanf.o)
                0x0000ac28                siscanf
                0x0000ac28                sscanf
 .text.__seofread
                0x0000ac80        0x4 c:/program files (x86)/gnu arm embedded toolchain/10 2021.10/bin/../lib/gcc/arm-none-eabi/10.3.1/../../../../arm-none-eabi/lib/thumb/v8-m.main+fp/hard\libg_nano.a(lib_a-stdio.o)
                0x0000ac80                __seofread
 .text.strchr   0x0000ac84       0x1a c:/program files (x86)/gnu arm embedded toolchain/10 2021.10/bin/../lib/gcc/arm-none-eabi/10.3.1/../../../../arm-none-eabi/lib/thumb/v8-m.main+fp/hard\libg_nano.a(lib_a-strchr.o)
                0x0000ac84                strchr
 .text          0x0000ac9e       0x14 c:/program files (x86)/gnu arm embedded toolchain/10 2021.10/bin/../lib/gcc/arm-none-eabi/10.3.1/../../../../arm-none-eabi/lib/thumb/v8-m.main+fp/hard\libg_nano.a(lib_a-strcmp.o)
                0x0000ac9e                strcmp
 .text.strcpy   0x0000acb2       0x10 c:/program files (x86)/gnu arm embedded toolchain/10 2021.10/bin/../lib/gcc/arm-none-eabi/10.3.1/../../../../arm-none-eabi/lib/thumb/v8-m.main+fp/hard\libg_nano.a(lib_a-strcpy.o)
                0x0000acb2                strcpy
 .text          0x0000acc2       0x10 c:/program files (x86)/gnu arm embedded toolchain/10 2021.10/bin/../lib/gcc/arm-none-eabi/10.3.1/../../../../arm-none-eabi/lib/thumb/v8-m.main+fp/hard\libg_nano.a(lib_a-strlen.o)
                0x0000acc2                strlen
 .text.strncmp  0x0000acd2       0x28 c:/program files (x86)/gnu arm embedded toolchain/10 2021.10/bin/../lib/gcc/arm-none-eabi/10.3.1/../../../../arm-none-eabi/lib/thumb/v8-m.main+fp/hard\libg_nano.a(lib_a-strncmp.o)
                0x0000acd2                strncmp
 .text.strncpy  0x0000acfa       0x26 c:/program files (x86)/gnu arm embedded toolchain/10 2021.10/bin/../lib/gcc/arm-none-eabi/10.3.1/../../../../arm-none-eabi/lib/thumb/v8-m.main+fp/hard\libg_nano.a(lib_a-strncpy.o)
                0x0000acfa                strncpy
 .text.strstr   0x0000ad20       0x2c c:/program files (x86)/gnu arm embedded toolchain/10 2021.10/bin/../lib/gcc/arm-none-eabi/10.3.1/../../../../arm-none-eabi/lib/thumb/v8-m.main+fp/hard\libg_nano.a(lib_a-strstr.o)
                0x0000ad20                strstr
 .text.sulp     0x0000ad4c       0x38 c:/program files (x86)/gnu arm embedded toolchain/10 2021.10/bin/../lib/gcc/arm-none-eabi/10.3.1/../../../../arm-none-eabi/lib/thumb/v8-m.main+fp/hard\libg_nano.a(lib_a-strtod.o)
 *fill*         0x0000ad84        0x4 ff
 .text._strtod_l
                0x0000ad88      0xc04 c:/program files (x86)/gnu arm embedded toolchain/10 2021.10/bin/../lib/gcc/arm-none-eabi/10.3.1/../../../../arm-none-eabi/lib/thumb/v8-m.main+fp/hard\libg_nano.a(lib_a-strtod.o)
                0x0000ad88                _strtod_l
 .text.strtod   0x0000b98c       0x18 c:/program files (x86)/gnu arm embedded toolchain/10 2021.10/bin/../lib/gcc/arm-none-eabi/10.3.1/../../../../arm-none-eabi/lib/thumb/v8-m.main+fp/hard\libg_nano.a(lib_a-strtod.o)
                0x0000b98c                strtod
 .text.strtok   0x0000b9a4       0x68 c:/program files (x86)/gnu arm embedded toolchain/10 2021.10/bin/../lib/gcc/arm-none-eabi/10.3.1/../../../../arm-none-eabi/lib/thumb/v8-m.main+fp/hard\libg_nano.a(lib_a-strtok.o)
                0x0000b9a4                strtok
 .text.__strtok_r
                0x0000ba0c       0x50 c:/program files (x86)/gnu arm embedded toolchain/10 2021.10/bin/../lib/gcc/arm-none-eabi/10.3.1/../../../../arm-none-eabi/lib/thumb/v8-m.main+fp/hard\libg_nano.a(lib_a-strtok_r.o)
                0x0000ba0c                __strtok_r
 .text.strtok_r
                0x0000ba5c        0x6 c:/program files (x86)/gnu arm embedded toolchain/10 2021.10/bin/../lib/gcc/arm-none-eabi/10.3.1/../../../../arm-none-eabi/lib/thumb/v8-m.main+fp/hard\libg_nano.a(lib_a-strtok_r.o)
                0x0000ba5c                strtok_r
 .text.quorem   0x0000ba62      0x122 c:/program files (x86)/gnu arm embedded toolchain/10 2021.10/bin/../lib/gcc/arm-none-eabi/10.3.1/../../../../arm-none-eabi/lib/thumb/v8-m.main+fp/hard\libg_nano.a(lib_a-dtoa.o)
 *fill*         0x0000bb84        0x4 ff
 .text._dtoa_r  0x0000bb88      0xbd8 c:/program files (x86)/gnu arm embedded toolchain/10 2021.10/bin/../lib/gcc/arm-none-eabi/10.3.1/../../../../arm-none-eabi/lib/thumb/v8-m.main+fp/hard\libg_nano.a(lib_a-dtoa.o)
                0x0000bb88                _dtoa_r
 .text.rshift   0x0000c760       0xa2 c:/program files (x86)/gnu arm embedded toolchain/10 2021.10/bin/../lib/gcc/arm-none-eabi/10.3.1/../../../../arm-none-eabi/lib/thumb/v8-m.main+fp/hard\libg_nano.a(lib_a-gdtoa-gethex.o)
 .text.__hexdig_fun
                0x0000c802       0x2a c:/program files (x86)/gnu arm embedded toolchain/10 2021.10/bin/../lib/gcc/arm-none-eabi/10.3.1/../../../../arm-none-eabi/lib/thumb/v8-m.main+fp/hard\libg_nano.a(lib_a-gdtoa-gethex.o)
                0x0000c802                __hexdig_fun
 .text.__gethex
                0x0000c82c      0x48c c:/program files (x86)/gnu arm embedded toolchain/10 2021.10/bin/../lib/gcc/arm-none-eabi/10.3.1/../../../../arm-none-eabi/lib/thumb/v8-m.main+fp/hard\libg_nano.a(lib_a-gdtoa-gethex.o)
                0x0000c82c                __gethex
 .text.L_shift  0x0000ccb8       0x24 c:/program files (x86)/gnu arm embedded toolchain/10 2021.10/bin/../lib/gcc/arm-none-eabi/10.3.1/../../../../arm-none-eabi/lib/thumb/v8-m.main+fp/hard\libg_nano.a(lib_a-gdtoa-hexnan.o)
 .text.__match  0x0000ccdc       0x28 c:/program files (x86)/gnu arm embedded toolchain/10 2021.10/bin/../lib/gcc/arm-none-eabi/10.3.1/../../../../arm-none-eabi/lib/thumb/v8-m.main+fp/hard\libg_nano.a(lib_a-gdtoa-hexnan.o)
                0x0000ccdc                __match
 .text.__hexnan
                0x0000cd04      0x138 c:/program files (x86)/gnu arm embedded toolchain/10 2021.10/bin/../lib/gcc/arm-none-eabi/10.3.1/../../../../arm-none-eabi/lib/thumb/v8-m.main+fp/hard\libg_nano.a(lib_a-gdtoa-hexnan.o)
                0x0000cd04                __hexnan
 .text._localeconv_r
                0x0000ce3c        0x8 c:/program files (x86)/gnu arm embedded toolchain/10 2021.10/bin/../lib/gcc/arm-none-eabi/10.3.1/../../../../arm-none-eabi/lib/thumb/v8-m.main+fp/hard\libg_nano.a(lib_a-localeconv.o)
                0x0000ce3c                _localeconv_r
 .text.__retarget_lock_acquire_recursive
                0x0000ce44        0x2 c:/program files (x86)/gnu arm embedded toolchain/10 2021.10/bin/../lib/gcc/arm-none-eabi/10.3.1/../../../../arm-none-eabi/lib/thumb/v8-m.main+fp/hard\libg_nano.a(lib_a-lock.o)
                0x0000ce44                __retarget_lock_acquire_recursive
 .text.__retarget_lock_release_recursive
                0x0000ce46        0x2 c:/program files (x86)/gnu arm embedded toolchain/10 2021.10/bin/../lib/gcc/arm-none-eabi/10.3.1/../../../../arm-none-eabi/lib/thumb/v8-m.main+fp/hard\libg_nano.a(lib_a-lock.o)
                0x0000ce46                __retarget_lock_release_recursive
 .text.__ascii_mbtowc
                0x0000ce48       0x24 c:/program files (x86)/gnu arm embedded toolchain/10 2021.10/bin/../lib/gcc/arm-none-eabi/10.3.1/../../../../arm-none-eabi/lib/thumb/v8-m.main+fp/hard\libg_nano.a(lib_a-mbtowc_r.o)
                0x0000ce48                __ascii_mbtowc
 .text.memchr   0x0000ce6c       0x1c c:/program files (x86)/gnu arm embedded toolchain/10 2021.10/bin/../lib/gcc/arm-none-eabi/10.3.1/../../../../arm-none-eabi/lib/thumb/v8-m.main+fp/hard\libg_nano.a(lib_a-memchr-stub.o)
                0x0000ce6c                memchr
 .text.__malloc_lock
                0x0000ce88        0xc c:/program files (x86)/gnu arm embedded toolchain/10 2021.10/bin/../lib/gcc/arm-none-eabi/10.3.1/../../../../arm-none-eabi/lib/thumb/v8-m.main+fp/hard\libg_nano.a(lib_a-mlock.o)
                0x0000ce88                __malloc_lock
 .text.__malloc_unlock
                0x0000ce94        0xc c:/program files (x86)/gnu arm embedded toolchain/10 2021.10/bin/../lib/gcc/arm-none-eabi/10.3.1/../../../../arm-none-eabi/lib/thumb/v8-m.main+fp/hard\libg_nano.a(lib_a-mlock.o)
                0x0000ce94                __malloc_unlock
 .text._Balloc  0x0000cea0       0x80 c:/program files (x86)/gnu arm embedded toolchain/10 2021.10/bin/../lib/gcc/arm-none-eabi/10.3.1/../../../../arm-none-eabi/lib/thumb/v8-m.main+fp/hard\libg_nano.a(lib_a-mprec.o)
                0x0000cea0                _Balloc
 .text._Bfree   0x0000cf20       0x44 c:/program files (x86)/gnu arm embedded toolchain/10 2021.10/bin/../lib/gcc/arm-none-eabi/10.3.1/../../../../arm-none-eabi/lib/thumb/v8-m.main+fp/hard\libg_nano.a(lib_a-mprec.o)
                0x0000cf20                _Bfree
 .text.__multadd
                0x0000cf64       0x90 c:/program files (x86)/gnu arm embedded toolchain/10 2021.10/bin/../lib/gcc/arm-none-eabi/10.3.1/../../../../arm-none-eabi/lib/thumb/v8-m.main+fp/hard\libg_nano.a(lib_a-mprec.o)
                0x0000cf64                __multadd
 .text.__s2b    0x0000cff4       0x94 c:/program files (x86)/gnu arm embedded toolchain/10 2021.10/bin/../lib/gcc/arm-none-eabi/10.3.1/../../../../arm-none-eabi/lib/thumb/v8-m.main+fp/hard\libg_nano.a(lib_a-mprec.o)
                0x0000cff4                __s2b
 .text.__hi0bits
                0x0000d088       0x40 c:/program files (x86)/gnu arm embedded toolchain/10 2021.10/bin/../lib/gcc/arm-none-eabi/10.3.1/../../../../arm-none-eabi/lib/thumb/v8-m.main+fp/hard\libg_nano.a(lib_a-mprec.o)
                0x0000d088                __hi0bits
 .text.__lo0bits
                0x0000d0c8       0x5e c:/program files (x86)/gnu arm embedded toolchain/10 2021.10/bin/../lib/gcc/arm-none-eabi/10.3.1/../../../../arm-none-eabi/lib/thumb/v8-m.main+fp/hard\libg_nano.a(lib_a-mprec.o)
                0x0000d0c8                __lo0bits
 *fill*         0x0000d126        0x2 ff
 .text.__i2b    0x0000d128       0x2c c:/program files (x86)/gnu arm embedded toolchain/10 2021.10/bin/../lib/gcc/arm-none-eabi/10.3.1/../../../../arm-none-eabi/lib/thumb/v8-m.main+fp/hard\libg_nano.a(lib_a-mprec.o)
                0x0000d128                __i2b
 .text.__multiply
                0x0000d154      0x150 c:/program files (x86)/gnu arm embedded toolchain/10 2021.10/bin/../lib/gcc/arm-none-eabi/10.3.1/../../../../arm-none-eabi/lib/thumb/v8-m.main+fp/hard\libg_nano.a(lib_a-mprec.o)
                0x0000d154                __multiply
 .text.__pow5mult
                0x0000d2a4       0xb4 c:/program files (x86)/gnu arm embedded toolchain/10 2021.10/bin/../lib/gcc/arm-none-eabi/10.3.1/../../../../arm-none-eabi/lib/thumb/v8-m.main+fp/hard\libg_nano.a(lib_a-mprec.o)
                0x0000d2a4                __pow5mult
 .text.__lshift
                0x0000d358       0xe0 c:/program files (x86)/gnu arm embedded toolchain/10 2021.10/bin/../lib/gcc/arm-none-eabi/10.3.1/../../../../arm-none-eabi/lib/thumb/v8-m.main+fp/hard\libg_nano.a(lib_a-mprec.o)
                0x0000d358                __lshift
 .text.__mcmp   0x0000d438       0x38 c:/program files (x86)/gnu arm embedded toolchain/10 2021.10/bin/../lib/gcc/arm-none-eabi/10.3.1/../../../../arm-none-eabi/lib/thumb/v8-m.main+fp/hard\libg_nano.a(lib_a-mprec.o)
                0x0000d438                __mcmp
 .text.__mdiff  0x0000d470      0x120 c:/program files (x86)/gnu arm embedded toolchain/10 2021.10/bin/../lib/gcc/arm-none-eabi/10.3.1/../../../../arm-none-eabi/lib/thumb/v8-m.main+fp/hard\libg_nano.a(lib_a-mprec.o)
                0x0000d470                __mdiff
 .text.__ulp    0x0000d590       0x54 c:/program files (x86)/gnu arm embedded toolchain/10 2021.10/bin/../lib/gcc/arm-none-eabi/10.3.1/../../../../arm-none-eabi/lib/thumb/v8-m.main+fp/hard\libg_nano.a(lib_a-mprec.o)
                0x0000d590                __ulp
 .text.__b2d    0x0000d5e4       0xa0 c:/program files (x86)/gnu arm embedded toolchain/10 2021.10/bin/../lib/gcc/arm-none-eabi/10.3.1/../../../../arm-none-eabi/lib/thumb/v8-m.main+fp/hard\libg_nano.a(lib_a-mprec.o)
                0x0000d5e4                __b2d
 .text.__d2b    0x0000d684       0xb8 c:/program files (x86)/gnu arm embedded toolchain/10 2021.10/bin/../lib/gcc/arm-none-eabi/10.3.1/../../../../arm-none-eabi/lib/thumb/v8-m.main+fp/hard\libg_nano.a(lib_a-mprec.o)
                0x0000d684                __d2b
 .text.__ratio  0x0000d73c       0x66 c:/program files (x86)/gnu arm embedded toolchain/10 2021.10/bin/../lib/gcc/arm-none-eabi/10.3.1/../../../../arm-none-eabi/lib/thumb/v8-m.main+fp/hard\libg_nano.a(lib_a-mprec.o)
                0x0000d73c                __ratio
 .text.__copybits
                0x0000d7a2       0x46 c:/program files (x86)/gnu arm embedded toolchain/10 2021.10/bin/../lib/gcc/arm-none-eabi/10.3.1/../../../../arm-none-eabi/lib/thumb/v8-m.main+fp/hard\libg_nano.a(lib_a-mprec.o)
                0x0000d7a2                __copybits
 .text.__any_on
                0x0000d7e8       0x42 c:/program files (x86)/gnu arm embedded toolchain/10 2021.10/bin/../lib/gcc/arm-none-eabi/10.3.1/../../../../arm-none-eabi/lib/thumb/v8-m.main+fp/hard\libg_nano.a(lib_a-mprec.o)
                0x0000d7e8                __any_on
 .text._realloc_r
                0x0000d82a       0x5e c:/program files (x86)/gnu arm embedded toolchain/10 2021.10/bin/../lib/gcc/arm-none-eabi/10.3.1/../../../../arm-none-eabi/lib/thumb/v8-m.main+fp/hard\libg_nano.a(lib_a-nano-reallocr.o)
                0x0000d82a                _realloc_r
 .text.__ssputs_r
                0x0000d888       0xb6 c:/program files (x86)/gnu arm embedded toolchain/10 2021.10/bin/../lib/gcc/arm-none-eabi/10.3.1/../../../../arm-none-eabi/lib/thumb/v8-m.main+fp/hard\libg_nano.a(lib_a-nano-svfprintf.o)
                0x0000d888                __ssputs_r
 *fill*         0x0000d93e        0x2 ff
 .text._svfprintf_r
                0x0000d940      0x200 c:/program files (x86)/gnu arm embedded toolchain/10 2021.10/bin/../lib/gcc/arm-none-eabi/10.3.1/../../../../arm-none-eabi/lib/thumb/v8-m.main+fp/hard\libg_nano.a(lib_a-nano-svfprintf.o)
                0x0000d940                _svfiprintf_r
                0x0000d940                _svfprintf_r
 .text._sungetc_r
                0x0000db40       0x7a c:/program files (x86)/gnu arm embedded toolchain/10 2021.10/bin/../lib/gcc/arm-none-eabi/10.3.1/../../../../arm-none-eabi/lib/thumb/v8-m.main+fp/hard\libg_nano.a(lib_a-nano-svfscanf.o)
                0x0000db40                _sungetc_r
 .text.__ssrefill_r
                0x0000dbba       0x3a c:/program files (x86)/gnu arm embedded toolchain/10 2021.10/bin/../lib/gcc/arm-none-eabi/10.3.1/../../../../arm-none-eabi/lib/thumb/v8-m.main+fp/hard\libg_nano.a(lib_a-nano-svfscanf.o)
                0x0000dbba                __ssrefill_r
 .text.__ssvfscanf_r
                0x0000dbf4      0x2f8 c:/program files (x86)/gnu arm embedded toolchain/10 2021.10/bin/../lib/gcc/arm-none-eabi/10.3.1/../../../../arm-none-eabi/lib/thumb/v8-m.main+fp/hard\libg_nano.a(lib_a-nano-svfscanf.o)
                0x0000dbf4                __ssvfiscanf_r
                0x0000dbf4                __ssvfscanf_r
 .text._scanf_chars
                0x0000deec       0xb4 c:/program files (x86)/gnu arm embedded toolchain/10 2021.10/bin/../lib/gcc/arm-none-eabi/10.3.1/../../../../arm-none-eabi/lib/thumb/v8-m.main+fp/hard\libg_nano.a(lib_a-nano-vfscanf_i.o)
                0x0000deec                _scanf_chars
 .text._scanf_i
                0x0000dfa0      0x1f0 c:/program files (x86)/gnu arm embedded toolchain/10 2021.10/bin/../lib/gcc/arm-none-eabi/10.3.1/../../../../arm-none-eabi/lib/thumb/v8-m.main+fp/hard\libg_nano.a(lib_a-nano-vfscanf_i.o)
                0x0000dfa0                _scanf_i
 .text.nan      0x0000e190       0x10 c:/program files (x86)/gnu arm embedded toolchain/10 2021.10/bin/../lib/gcc/arm-none-eabi/10.3.1/../../../../arm-none-eabi/lib/thumb/v8-m.main+fp/hard\libg_nano.a(lib_a-s_nan.o)
                0x0000e190                nan
 .text.__sccl   0x0000e1a0       0x70 c:/program files (x86)/gnu arm embedded toolchain/10 2021.10/bin/../lib/gcc/arm-none-eabi/10.3.1/../../../../arm-none-eabi/lib/thumb/v8-m.main+fp/hard\libg_nano.a(lib_a-sccl.o)
                0x0000e1a0                __sccl
 .text._strtol_l.constprop.0
                0x0000e210      0x104 c:/program files (x86)/gnu arm embedded toolchain/10 2021.10/bin/../lib/gcc/arm-none-eabi/10.3.1/../../../../arm-none-eabi/lib/thumb/v8-m.main+fp/hard\libg_nano.a(lib_a-strtol.o)
 .text._strtol_r
                0x0000e314        0x4 c:/program files (x86)/gnu arm embedded toolchain/10 2021.10/bin/../lib/gcc/arm-none-eabi/10.3.1/../../../../arm-none-eabi/lib/thumb/v8-m.main+fp/hard\libg_nano.a(lib_a-strtol.o)
                0x0000e314                _strtol_r
 .text._strtoul_l.constprop.0
                0x0000e318       0xe4 c:/program files (x86)/gnu arm embedded toolchain/10 2021.10/bin/../lib/gcc/arm-none-eabi/10.3.1/../../../../arm-none-eabi/lib/thumb/v8-m.main+fp/hard\libg_nano.a(lib_a-strtoul.o)
 .text._strtoul_r
                0x0000e3fc        0x4 c:/program files (x86)/gnu arm embedded toolchain/10 2021.10/bin/../lib/gcc/arm-none-eabi/10.3.1/../../../../arm-none-eabi/lib/thumb/v8-m.main+fp/hard\libg_nano.a(lib_a-strtoul.o)
                0x0000e3fc                _strtoul_r
 .text.__submore
                0x0000e400       0x6e c:/program files (x86)/gnu arm embedded toolchain/10 2021.10/bin/../lib/gcc/arm-none-eabi/10.3.1/../../../../arm-none-eabi/lib/thumb/v8-m.main+fp/hard\libg_nano.a(lib_a-ungetc.o)
                0x0000e400                __submore
 .text.__ascii_wctomb
                0x0000e46e       0x1a c:/program files (x86)/gnu arm embedded toolchain/10 2021.10/bin/../lib/gcc/arm-none-eabi/10.3.1/../../../../arm-none-eabi/lib/thumb/v8-m.main+fp/hard\libg_nano.a(lib_a-wctomb_r.o)
                0x0000e46e                __ascii_wctomb
 .text.memmove  0x0000e488       0x34 c:/program files (x86)/gnu arm embedded toolchain/10 2021.10/bin/../lib/gcc/arm-none-eabi/10.3.1/../../../../arm-none-eabi/lib/thumb/v8-m.main+fp/hard\libg_nano.a(lib_a-memmove.o)
                0x0000e488                memmove
 .text._malloc_usable_size_r
                0x0000e4bc       0x10 c:/program files (x86)/gnu arm embedded toolchain/10 2021.10/bin/../lib/gcc/arm-none-eabi/10.3.1/../../../../arm-none-eabi/lib/thumb/v8-m.main+fp/hard\libg_nano.a(lib_a-nano-msizer.o)
                0x0000e4bc                _malloc_usable_size_r
 .text          0x0000e4cc       0x30 c:/program files (x86)/gnu arm embedded toolchain/10 2021.10/bin/../lib/gcc/arm-none-eabi/10.3.1/thumb/v8-m.main+fp/hard\libgcc.a(_fixdfdi.o)
                0x0000e4cc                __fixdfdi
                0x0000e4cc                __aeabi_d2lz
 .text          0x0000e4fc       0x3c c:/program files (x86)/gnu arm embedded toolchain/10 2021.10/bin/../lib/gcc/arm-none-eabi/10.3.1/thumb/v8-m.main+fp/hard\libgcc.a(_fixunsdfdi.o)
                0x0000e4fc                __fixunsdfdi
                0x0000e4fc                __aeabi_d2ulz
 *(.version)
 .version       0x0000e538       0x50 ./ra/fsp/src/bsp/mcu/all/bsp_common.o
 *(.init)
 .init          0x0000e588        0x4 c:/program files (x86)/gnu arm embedded toolchain/10 2021.10/bin/../lib/gcc/arm-none-eabi/10.3.1/thumb/v8-m.main+fp/hard/crti.o
                0x0000e588                _init
 .init          0x0000e58c        0x8 c:/program files (x86)/gnu arm embedded toolchain/10 2021.10/bin/../lib/gcc/arm-none-eabi/10.3.1/thumb/v8-m.main+fp/hard/crtn.o
 *(.fini)
 .fini          0x0000e594        0x4 c:/program files (x86)/gnu arm embedded toolchain/10 2021.10/bin/../lib/gcc/arm-none-eabi/10.3.1/thumb/v8-m.main+fp/hard/crti.o
                0x0000e594                _fini
 .fini          0x0000e598        0x8 c:/program files (x86)/gnu arm embedded toolchain/10 2021.10/bin/../lib/gcc/arm-none-eabi/10.3.1/thumb/v8-m.main+fp/hard/crtn.o
 *crtbegin.o(.ctors)
 *crtbegin?.o(.ctors)
 *(EXCLUDE_FILE(*crtend.o *crtend?.o) .ctors)
 *(SORT_BY_NAME(.ctors.*))
 *(.ctors)
 *crtbegin.o(.dtors)
 *crtbegin?.o(.dtors)
 *(EXCLUDE_FILE(*crtend.o *crtend?.o) .dtors)
 *(SORT_BY_NAME(.dtors.*))
 *(.dtors)
 *(.rodata*)
 .rodata        0x0000e5a0        0xc ./src/util/string_util/string_util.o
 .rodata        0x0000e5ac       0x49 ./src/util/json/cJSON.o
 *fill*         0x0000e5f5        0x3 ff
 .rodata        0x0000e5f8       0xaf ./src/app/thingspeak_app/thingspeak_app.o
 *fill*         0x0000e6a7        0x1 ff
 .rodata        0x0000e6a8       0x67 ./src/app/mqtt_app/mqtt_app.o
 *fill*         0x0000e70f        0x1 ff
 .rodata        0x0000e710        0x7 ./src/app/gps_app/gps_app.o
 *fill*         0x0000e717        0x1 ff
 .rodata        0x0000e718       0x5a ./src/app/display_app/display_app.o
 *fill*         0x0000e772        0x2 ff
 .rodata        0x0000e774        0x2 ./src/process_gps_entry.o
 *fill*         0x0000e776        0x2 ff
 .rodata.g_ioport
                0x0000e778        0xc ./ra_gen/common_data.o
                0x0000e778                g_ioport
 .rodata.g_adc0_cfg_extend
                0x0000e784        0xa ./ra_gen/hal_data.o
                0x0000e784                g_adc0_cfg_extend
 *fill*         0x0000e78e        0x2 ff
 .rodata.g_adc0_cfg
                0x0000e790       0x18 ./ra_gen/hal_data.o
                0x0000e790                g_adc0_cfg
 .rodata.g_adc0_channel_cfg
                0x0000e7a8       0x14 ./ra_gen/hal_data.o
                0x0000e7a8                g_adc0_channel_cfg
 .rodata.g_uart1_cfg_extend
                0x0000e7bc       0x14 ./ra_gen/hal_data.o
                0x0000e7bc                g_uart1_cfg_extend
 .rodata.g_uart1_cfg
                0x0000e7d0       0x20 ./ra_gen/hal_data.o
                0x0000e7d0                g_uart1_cfg
 .rodata.g_uart0_cfg_extend
                0x0000e7f0       0x14 ./ra_gen/hal_data.o
                0x0000e7f0                g_uart0_cfg_extend
 .rodata.g_uart0_cfg
                0x0000e804       0x20 ./ra_gen/hal_data.o
                0x0000e804                g_uart0_cfg
 .rodata.g_uart0
                0x0000e824        0xc ./ra_gen/hal_data.o
                0x0000e824                g_uart0
 .rodata.g_bsp_pin_cfg_data