Archive member included to satisfy reference by file (symbol)

c:/program files (x86)/gnu arm embedded toolchain/10 2021.10/bin/../lib/gcc/arm-none-eabi/10.3.1/thumb/v8-m.main+fp/hard\libgcc.a(_arm_muldf3.o)
                              ./src/util/json/cJSON.o (__aeabi_dmul)
c:/program files (x86)/gnu arm embedded toolchain/10 2021.10/bin/../lib/gcc/arm-none-eabi/10.3.1/thumb/v8-m.main+fp/hard\libgcc.a(_arm_addsubdf3.o)
                              ./src/util/json/cJSON.o (__aeabi_dsub)
c:/program files (x86)/gnu arm embedded toolchain/10 2021.10/bin/../lib/gcc/arm-none-eabi/10.3.1/thumb/v8-m.main+fp/hard\libgcc.a(_arm_muldivdf3.o)
                              ./Long_fdk/utils/src/sm_dft.o (__aeabi_ddiv)
c:/program files (x86)/gnu arm embedded toolchain/10 2021.10/bin/../lib/gcc/arm-none-eabi/10.3.1/thumb/v8-m.main+fp/hard\libgcc.a(_arm_cmpdf2.o)
                              ./src/util/json/cJSON.o (__aeabi_dcmpeq)
c:/program files (x86)/gnu arm embedded toolchain/10 2021.10/bin/../lib/gcc/arm-none-eabi/10.3.1/thumb/v8-m.main+fp/hard\libgcc.a(_arm_unorddf2.o)
                              ./src/util/json/cJSON.o (__aeabi_dcmpun)
c:/program files (x86)/gnu arm embedded toolchain/10 2021.10/bin/../lib/gcc/arm-none-eabi/10.3.1/thumb/v8-m.main+fp/hard\libgcc.a(_arm_fixdfsi.o)
                              ./src/util/json/cJSON.o (__aeabi_d2iz)
c:/program files (x86)/gnu arm embedded toolchain/10 2021.10/bin/../lib/gcc/arm-none-eabi/10.3.1/thumb/v8-m.main+fp/hard\libgcc.a(_arm_fixunsdfsi.o)
                              ./src/util/json/json.o (__aeabi_d2uiz)
c:/program files (x86)/gnu arm embedded toolchain/10 2021.10/bin/../lib/gcc/arm-none-eabi/10.3.1/thumb/v8-m.main+fp/hard\libgcc.a(_arm_truncdfsf2.o)
                              ./src/component/l76_lb/l76_lb.o (__aeabi_d2f)
c:/program files (x86)/gnu arm embedded toolchain/10 2021.10/bin/../lib/gcc/arm-none-eabi/10.3.1/thumb/v8-m.main+fp/hard\libgcc.a(_aeabi_ldivmod.o)
                              ./ra/fsp/src/r_sci_uart/r_sci_uart.o (__aeabi_ldivmod)
c:/program files (x86)/gnu arm embedded toolchain/10 2021.10/bin/../lib/gcc/arm-none-eabi/10.3.1/thumb/v8-m.main+fp/hard\libgcc.a(_udivmoddi4.o)
                              c:/program files (x86)/gnu arm embedded toolchain/10 2021.10/bin/../lib/gcc/arm-none-eabi/10.3.1/thumb/v8-m.main+fp/hard\libgcc.a(_aeabi_ldivmod.o) (__udivmoddi4)
c:/program files (x86)/gnu arm embedded toolchain/10 2021.10/bin/../lib/gcc/arm-none-eabi/10.3.1/thumb/v8-m.main+fp/hard\libgcc.a(_dvmd_tls.o)
                              c:/program files (x86)/gnu arm embedded toolchain/10 2021.10/bin/../lib/gcc/arm-none-eabi/10.3.1/thumb/v8-m.main+fp/hard\libgcc.a(_aeabi_ldivmod.o) (__aeabi_ldiv0)
c:/program files (x86)/gnu arm embedded toolchain/10 2021.10/bin/../lib/gcc/arm-none-eabi/10.3.1/../../../../arm-none-eabi/lib/thumb/v8-m.main+fp/hard\libg_nano.a(lib_a-atof.o)
                              ./src/component/l76_lb/l76_lb.o (atof)
c:/program files (x86)/gnu arm embedded toolchain/10 2021.10/bin/../lib/gcc/arm-none-eabi/10.3.1/../../../../arm-none-eabi/lib/thumb/v8-m.main+fp/hard\libg_nano.a(lib_a-calloc.o)
                              ./src/util/fifo/fifo.o (calloc)
c:/program files (x86)/gnu arm embedded toolchain/10 2021.10/bin/../lib/gcc/arm-none-eabi/10.3.1/../../../../arm-none-eabi/lib/thumb/v8-m.main+fp/hard\libg_nano.a(lib_a-ctime.o)
                              ./Long_fdk/utils/src/sm_datetime_unix.o (ctime)
c:/program files (x86)/gnu arm embedded toolchain/10 2021.10/bin/../lib/gcc/arm-none-eabi/10.3.1/../../../../arm-none-eabi/lib/thumb/v8-m.main+fp/hard\libg_nano.a(lib_a-ctype_.o)
                              ./src/util/json/cJSON.o (_ctype_)
c:/program files (x86)/gnu arm embedded toolchain/10 2021.10/bin/../lib/gcc/arm-none-eabi/10.3.1/../../../../arm-none-eabi/lib/thumb/v8-m.main+fp/hard\libg_nano.a(lib_a-errno.o)
                              ./ra/fsp/src/bsp/mcu/all/bsp_sbrk.o (__errno)
c:/program files (x86)/gnu arm embedded toolchain/10 2021.10/bin/../lib/gcc/arm-none-eabi/10.3.1/../../../../arm-none-eabi/lib/thumb/v8-m.main+fp/hard\libg_nano.a(lib_a-exit.o)
                              c:/program files (x86)/gnu arm embedded toolchain/10 2021.10/bin/../lib/gcc/arm-none-eabi/10.3.1/../../../../arm-none-eabi/lib/thumb/v8-m.main+fp/hard/rdimon-crt0.o (exit)
c:/program files (x86)/gnu arm embedded toolchain/10 2021.10/bin/../lib/gcc/arm-none-eabi/10.3.1/../../../../arm-none-eabi/lib/thumb/v8-m.main+fp/hard\libg_nano.a(lib_a-impure.o)
                              c:/program files (x86)/gnu arm embedded toolchain/10 2021.10/bin/../lib/gcc/arm-none-eabi/10.3.1/../../../../arm-none-eabi/lib/thumb/v8-m.main+fp/hard\libg_nano.a(lib_a-exit.o) (_global_impure_ptr)
c:/program files (x86)/gnu arm embedded toolchain/10 2021.10/bin/../lib/gcc/arm-none-eabi/10.3.1/../../../../arm-none-eabi/lib/thumb/v8-m.main+fp/hard\libg_nano.a(lib_a-init.o)
[...]
Memory Configuration

Name             Origin             Length             Attributes
FLASH            0x00000000         0x00030000         xr
RAM              0x20000000         0x00020000         xrw
DATA_FLASH       0x08000000         0x00002000         xr
QSPI_FLASH       0x60000000         0x04000000         xr
OSPI_DEVICE_0    0x68000000         0x00000000         xr
OSPI_DEVICE_1    0x70000000         0x00000000         xr
OSPI_DEVICE_0_RAM 0x68000000         0x00000000         xrw
OSPI_DEVICE_1_RAM 0x70000000         0x00000000         xrw
SDRAM            0x90000000         0x00000000         xrw
OPTION_SETTING   0x0100a100         0x00000100         r
OPTION_SETTING_S 0x0100a200         0x00000100         r
ID_CODE          0x00000000         0x00000000         xr
*default*        0x00000000         0xffffffff

Linker script and memory map

LOAD c:/program files (x86)/gnu arm embedded toolchain/10 2021.10/bin/../lib/gcc/arm-none-eabi/10.3.1/thumb/v8-m.main+fp/hard/crti.o
LOAD c:/program files (x86)/gnu arm embedded toolchain/10 2021.10/bin/../lib/gcc/arm-none-eabi/10.3.1/thumb/v8-m.main+fp/hard/crtbegin.o
LOAD c:/program files (x86)/gnu arm embedded toolchain/10 2021.10/bin/../lib/gcc/arm-none-eabi/10.3.1/../../../../arm-none-eabi/lib/thumb/v8-m.main+fp/hard/rdimon-crt0.o
START GROUP
LOAD ./src/util/string_util/string_util.o
LOAD ./src/util/json/cJSON.o
LOAD ./src/util/json/cJSON_Utils.o
LOAD ./src/util/json/json.o
LOAD ./src/util/intelhex/intelhex.o
LOAD ./src/util/fifo/fifo.o
LOAD ./src/util/fifo/ringbuff.o
LOAD ./src/util/utils.o
LOAD ./src/service/clock/clock.o
LOAD ./src/component/l76_lb/l76_lb.o
LOAD ./src/component/at_modem/at_modem.o
LOAD ./src/component/adc_sensor/adc_sensor.o
LOAD ./src/board/porting/src/sm_adc.o
LOAD ./src/board/porting/src/sm_can.o
LOAD ./src/board/porting/src/sm_delay.o
LOAD ./src/board/porting/src/sm_flash.o
LOAD ./src/board/porting/src/sm_gpio.o
LOAD ./src/board/porting/src/sm_iic.o
LOAD ./src/board/porting/src/sm_iwdg.o
LOAD ./src/board/porting/src/sm_pwm.o
LOAD ./src/board/porting/src/sm_spi.o
LOAD ./src/board/porting/src/sm_timer.o
LOAD ./src/board/porting/src/sm_uart.o
LOAD ./src/board/l76lb_hw/l76lb_hw.o
LOAD ./src/board/adc_hw/adc_hw.o
LOAD ./src/board/board.o
LOAD ./src/app/thingspeak_app/thingspeak_app.o
LOAD ./src/app/mqtt_app/mqtt_app.o
LOAD ./src/app/gps_app/gps_app.o
LOAD ./src/app/display_app/display_app.o
LOAD ./src/app/dht_app/dht_app.o
LOAD ./src/app/adc_app/adc_app.o
LOAD ./src/app/air_sensor_app.o
LOAD ./src/hal_entry.o
LOAD ./src/process_adc_entry.o
LOAD ./src/process_dht_entry.o
LOAD ./src/process_display_entry.o
LOAD ./src/process_gps_entry.o
LOAD ./src/process_lte_entry.o
LOAD ./ra_gen/common_data.o
LOAD ./ra_gen/hal_data.o
LOAD ./ra_gen/main.o
LOAD ./ra_gen/pin_data.o
LOAD ./ra_gen/process_adc.o
LOAD ./ra_gen/process_dht.o
LOAD ./ra_gen/process_display.o
LOAD ./ra_gen/process_gps.o
LOAD ./ra_gen/process_lte.o
LOAD ./ra_gen/vector_data.o
LOAD ./ra/fsp/src/rm_freertos_port/port.o
LOAD ./ra/fsp/src/r_sci_uart/r_sci_uart.o
LOAD ./ra/fsp/src/r_rtc/r_rtc.o
LOAD ./ra/fsp/src/r_ioport/r_ioport.o
LOAD ./ra/fsp/src/r_adc/r_adc.o
LOAD ./ra/fsp/src/bsp/mcu/all/bsp_clocks.o
LOAD ./ra/fsp/src/bsp/mcu/all/bsp_common.o
LOAD ./ra/fsp/src/bsp/mcu/all/bsp_delay.o
LOAD ./ra/fsp/src/bsp/mcu/all/bsp_group_irq.o
LOAD ./ra/fsp/src/bsp/mcu/all/bsp_guard.o
LOAD ./ra/fsp/src/bsp/mcu/all/bsp_io.o
LOAD ./ra/fsp/src/bsp/mcu/all/bsp_irq.o
LOAD ./ra/fsp/src/bsp/mcu/all/bsp_register_protection.o
LOAD ./ra/fsp/src/bsp/mcu/all/bsp_rom_registers.o
LOAD ./ra/fsp/src/bsp/mcu/all/bsp_sbrk.o
LOAD ./ra/fsp/src/bsp/mcu/all/bsp_security.o
LOAD ./ra/fsp/src/bsp/cmsis/Device/RENESAS/Source/startup.o
LOAD ./ra/fsp/src/bsp/cmsis/Device/RENESAS/Source/system.o
LOAD ./ra/aws/amazon-freertos/freertos_kernel/event_groups.o
LOAD ./ra/aws/amazon-freertos/freertos_kernel/list.o
LOAD ./ra/aws/amazon-freertos/freertos_kernel/queue.o
LOAD ./ra/aws/amazon-freertos/freertos_kernel/stream_buffer.o
LOAD ./ra/aws/amazon-freertos/freertos_kernel/tasks.o
LOAD ./ra/aws/amazon-freertos/freertos_kernel/timers.o
LOAD ./Long_fdk/utils/src/sm_cli_fifo.o
LOAD ./Long_fdk/utils/src/sm_cli_retarget.o
LOAD ./Long_fdk/utils/src/sm_cli_shell.o
LOAD ./Long_fdk/utils/src/sm_crc.o
LOAD ./Long_fdk/utils/src/sm_datetime_unix.o
LOAD ./Long_fdk/utils/src/sm_dft.o
LOAD ./Long_fdk/utils/src/sm_fifo.o
LOAD ./Long_fdk/utils/src/sm_link_list.o
LOAD ./Long_fdk/utils/src/sm_logger.o
LOAD ./Long_fdk/utils/src/sm_lowpass_filter.o
LOAD ./Long_fdk/utils/src/sm_map.o
LOAD ./Long_fdk/utils/src/sm_math.o
LOAD ./Long_fdk/utils/src/sm_stack.o
LOAD ./Long_fdk/utils/src/sm_string_t.o
LOAD ./Long_fdk/utils/src/sm_uuid.o
LOAD ./Long_fdk/common/src/sm_ble.o
LOAD ./Long_fdk/common/src/sm_button.o
LOAD ./Long_fdk/common/src/sm_cli.o
LOAD ./Long_fdk/common/src/sm_dht22.o
LOAD ./Long_fdk/common/src/sm_ec200s.o
LOAD ./Long_fdk/common/src/sm_http.o
LOAD ./Long_fdk/common/src/sm_http_header.o
LOAD ./Long_fdk/common/src/sm_lcd5110.o
LOAD ./Long_fdk/common/src/sm_led.o
LOAD ./Long_fdk/common/src/sm_modbus.o
LOAD ./Long_fdk/common/src/sm_modem.o
LOAD ./Long_fdk/common/src/sm_mqtt_client.o
LOAD ./Long_fdk/common/src/sm_security.o
LOAD ./Long_fdk/bsp/src/sm_bsp_adc.o
LOAD ./Long_fdk/bsp/src/sm_bsp_can.o
LOAD ./Long_fdk/bsp/src/sm_bsp_delay.o
LOAD ./Long_fdk/bsp/src/sm_bsp_flash.o
LOAD ./Long_fdk/bsp/src/sm_bsp_iic.o
LOAD ./Long_fdk/bsp/src/sm_bsp_io.o
LOAD ./Long_fdk/bsp/src/sm_bsp_iwdg.o
LOAD ./Long_fdk/bsp/src/sm_bsp_pwm.o
LOAD ./Long_fdk/bsp/src/sm_bsp_spi.o
LOAD ./Long_fdk/bsp/src/sm_bsp_system.o
LOAD ./Long_fdk/bsp/src/sm_bsp_timer.o
LOAD ./Long_fdk/bsp/src/sm_bsp_uart.o
END GROUP
START GROUP
LOAD c:/program files (x86)/gnu arm embedded toolchain/10 2021.10/bin/../lib/gcc/arm-none-eabi/10.3.1/thumb/v8-m.main+fp/hard\libgcc.a
LOAD c:/program files (x86)/gnu arm embedded toolchain/10 2021.10/bin/../lib/gcc/arm-none-eabi/10.3.1/../../../../arm-none-eabi/lib/thumb/v8-m.main+fp/hard\libg_nano.a
LOAD c:/program files (x86)/gnu arm embedded toolchain/10 2021.10/bin/../lib/gcc/arm-none-eabi/10.3.1/../../../../arm-none-eabi/lib/thumb/v8-m.main+fp/hard\libc_nano.a
END GROUP
START GROUP
LOAD c:/program files (x86)/gnu arm embedded toolchain/10 2021.10/bin/../lib/gcc/arm-none-eabi/10.3.1/thumb/v8-m.main+fp/hard\libgcc.a
LOAD c:/program files (x86)/gnu arm embedded toolchain/10 2021.10/bin/../lib/gcc/arm-none-eabi/10.3.1/../../../../arm-none-eabi/lib/thumb/v8-m.main+fp/hard\libc_nano.a
LOAD c:/program files (x86)/gnu arm embedded toolchain/10 2021.10/bin/../lib/gcc/arm-none-eabi/10.3.1/../../../../arm-none-eabi/lib/thumb/v8-m.main+fp/hard\librdimon_nano.a
END GROUP
START GROUP
LOAD c:/program files (x86)/gnu arm embedded toolchain/10 2021.10/bin/../lib/gcc/arm-none-eabi/10.3.1/thumb/v8-m.main+fp/hard\libgcc.a
LOAD c:/program files (x86)/gnu arm embedded toolchain/10 2021.10/bin/../lib/gcc/arm-none-eabi/10.3.1/../../../../arm-none-eabi/lib/thumb/v8-m.main+fp/hard\libc_nano.a
LOAD c:/program files (x86)/gnu arm embedded toolchain/10 2021.10/bin/../lib/gcc/arm-none-eabi/10.3.1/../../../../arm-none-eabi/lib/thumb/v8-m.main+fp/hard\librdimon_nano.a
END GROUP
LOAD c:/program files (x86)/gnu arm embedded toolchain/10 2021.10/bin/../lib/gcc/arm-none-eabi/10.3.1/thumb/v8-m.main+fp/hard/crtend.o
LOAD c:/program files (x86)/gnu arm embedded toolchain/10 2021.10/bin/../lib/gcc/arm-none-eabi/10.3.1/thumb/v8-m.main+fp/hard/crtn.o
                0x20000000                RAM_START = 0x20000000
                0x00020000                RAM_LENGTH = 0x20000
                0x00000000                FLASH_START = 0x0
                0x00030000                FLASH_LENGTH = 0x30000
                0x08000000                DATA_FLASH_START = 0x8000000
                0x00002000                DATA_FLASH_LENGTH = 0x2000
                0x0100a100                OPTION_SETTING_START = 0x100a100
                0x00000100                OPTION_SETTING_LENGTH = 0x100
                0x0100a200                OPTION_SETTING_S_START = 0x100a200
                0x00000100                OPTION_SETTING_S_LENGTH = 0x100
                0x00000000                ID_CODE_START = 0x0
                0x00000000                ID_CODE_LENGTH = 0x0
                0x90000000                SDRAM_START = 0x90000000
                0x00000000                SDRAM_LENGTH = 0x0
                0x60000000                QSPI_FLASH_START = 0x60000000
                0x04000000                QSPI_FLASH_LENGTH = 0x4000000
                0x68000000                OSPI_DEVICE_0_START = 0x68000000
                0x00000000                OSPI_DEVICE_0_LENGTH = 0x0
                0x70000000                OSPI_DEVICE_1_START = 0x70000000
                0x00000000                OSPI_DEVICE_1_LENGTH = 0x0
                0x04000000                QSPI_FLASH_PRV_LENGTH = DEFINED (QSPI_FLASH_SIZE)?ABSOLUTE (QSPI_FLASH_SIZE):ABSOLUTE (QSPI_FLASH_LENGTH)
                0x00000000                OSPI_DEVICE_0_PRV_LENGTH = DEFINED (OSPI_DEVICE_0_SIZE)?ABSOLUTE (OSPI_DEVICE_0_SIZE):ABSOLUTE (OSPI_DEVICE_0_LENGTH)
                0x00000000                OSPI_DEVICE_1_PRV_LENGTH = DEFINED (OSPI_DEVICE_1_SIZE)?ABSOLUTE (OSPI_DEVICE_1_SIZE):ABSOLUTE (OSPI_DEVICE_1_LENGTH)
                0x00000000                __RESERVE_NS_RAM = ((! (DEFINED (PROJECT_NONSECURE)) && DEFINED (RAM_NS_BUFFER_LENGTH)) && (OPTION_SETTING_S_LENGTH != 0x0))
                0x00000000                RAM_NS_BUFFER_BLOCK_LENGTH = DEFINED (RAM_NS_BUFFER_LENGTH)?ALIGN (RAM_NS_BUFFER_LENGTH, 0x2000):0x0
                0x00000000                RAM_NS_BUFFER_LENGTH = DEFINED (RAM_NS_BUFFER_LENGTH)?RAM_NS_BUFFER_LENGTH:0x0
                0x20020000                RAM_NS_BUFFER_START = ((RAM_START + RAM_LENGTH) - RAM_NS_BUFFER_LENGTH)
                0x20020000                RAM_NS_BUFFER_BLOCK_START = ((RAM_START + RAM_LENGTH) - RAM_NS_BUFFER_BLOCK_LENGTH)
                0x0100a180                OPTION_SETTING_START_NS = 0x100a180
                0x00000001                __bl_FSP_BOOTABLE_IMAGE = 0x1
                0x00000001                __bln_FSP_BOOTABLE_IMAGE = 0x1
                0x00000001                PROJECT_SECURE_OR_FLAT = ((! (DEFINED (PROJECT_NONSECURE)) && OPTION_SETTING_LENGTH) && ! (DEFINED (FSP_BOOTABLE_IMAGE)))
                0x00000000                USE_OPTION_SETTING_NS = (DEFINED (PROJECT_NONSECURE) && ! (DEFINED (FSP_BOOTABLE_IMAGE)))
                0x00000000                __bl_FLASH_IMAGE_START = ! (DEFINED (FLASH_BOOTLOADER_LENGTH))?0x0:(FLASH_APPLICATION_IMAGE_NUMBER == 0x1)?(FLASH_BOOTLOADER_LENGTH + FLASH_BOOTLOADER_HEADER_LENGTH):(((FLASH_BOOTLOADER_LENGTH + FLASH_BOOTLOADER_SCRATCH_LENGTH) + FLASH_APPLICATION_S_LENGTH) + FLASH_BOOTLOADER_HEADER_LENGTH)
                0x00000000                __bl_FLASH_IMAGE_LENGTH = ! (DEFINED (FLASH_BOOTLOADER_LENGTH))?0x0:(FLASH_APPLICATION_S_LENGTH - FLASH_BOOTLOADER_HEADER_LENGTH)
                0x00000000                __bl_FLASH_IMAGE_END = (__bl_FLASH_IMAGE_START + __bl_FLASH_IMAGE_LENGTH)
                0x00000000                __bl_XIP_SECONDARY_FLASH_IMAGE_START = ! (DEFINED (FLASH_BOOTLOADER_LENGTH))?0x0:((FLASH_BOOTLOADER_LENGTH + FLASH_APPLICATION_S_LENGTH) + FLASH_BOOTLOADER_HEADER_LENGTH)
                0x00000000                __bl_XIP_SECONDARY_FLASH_IMAGE_END = (__bl_XIP_SECONDARY_FLASH_IMAGE_START + __bl_FLASH_IMAGE_LENGTH)
                0x00000000                __bl_FLASH_NS_START = ! (DEFINED (FLASH_BOOTLOADER_LENGTH))?0x0:(FLASH_APPLICATION_NS_LENGTH == 0x0)?__bl_FLASH_IMAGE_END:((__bl_FLASH_IMAGE_START - FLASH_BOOTLOADER_HEADER_LENGTH) + FLASH_APPLICATION_S_LENGTH)
                0x00000000                __bl_FLASH_NSC_START = ! (DEFINED (FLASH_BOOTLOADER_LENGTH))?0x0:(FLASH_APPLICATION_NS_LENGTH == 0x0)?__bl_FLASH_IMAGE_END:(__bl_FLASH_NS_START - FLASH_APPLICATION_NSC_LENGTH)
                0x00000000                __bl_RAM_NS_START = ! (DEFINED (FLASH_BOOTLOADER_LENGTH))?0x0:(FLASH_APPLICATION_NS_LENGTH == 0x0)?(RAM_START + RAM_LENGTH):((RAM_START + RAM_LENGTH) - RAM_APPLICATION_NS_LENGTH)
                0x00000000                __bl_RAM_NSC_START = ! (DEFINED (FLASH_BOOTLOADER_LENGTH))?0x0:(FLASH_APPLICATION_NS_LENGTH == 0x0)?(RAM_START + RAM_LENGTH):(__bl_RAM_NS_START - RAM_APPLICATION_NSC_LENGTH)
                0x00000000                __bl_FLASH_NS_IMAGE_START = ! (DEFINED (FLASH_BOOTLOADER_LENGTH))?0x0:(FLASH_APPLICATION_NS_LENGTH == 0x0)?__bl_FLASH_IMAGE_END:(__bl_FLASH_NS_START + FLASH_BOOTLOADER_HEADER_LENGTH_2)
                0x00000000                __bln_FLASH_IMAGE_START = __bl_FLASH_NS_IMAGE_START
                0x00000000                __bln_FLASH_IMAGE_LENGTH = ! (DEFINED (FLASH_BOOTLOADER_LENGTH))?0x0:(FLASH_APPLICATION_NS_LENGTH == 0x0)?__bl_FLASH_IMAGE_END:(FLASH_APPLICATION_NS_LENGTH - FLASH_BOOTLOADER_HEADER_LENGTH_2)
                0x00000000                XIP_SECONDARY_SLOT_IMAGE = DEFINED (XIP_SECONDARY_SLOT_IMAGE)?XIP_SECONDARY_SLOT_IMAGE:0x0
                0x00000000                FLASH_ORIGIN = ! (DEFINED (FLASH_IMAGE_START))?FLASH_START:(XIP_SECONDARY_SLOT_IMAGE == 0x1)?XIP_SECONDARY_FLASH_IMAGE_START:FLASH_IMAGE_START
                0x00030000                LIMITED_FLASH_LENGTH = DEFINED (FLASH_IMAGE_LENGTH)?FLASH_IMAGE_LENGTH:DEFINED (FLASH_BOOTLOADER_LENGTH)?FLASH_BOOTLOADER_LENGTH:FLASH_LENGTH
START GROUP
LOAD c:/program files (x86)/gnu arm embedded toolchain/10 2021.10/bin/../lib/gcc/arm-none-eabi/10.3.1/thumb/v8-m.main+fp/hard\libgcc.a
LOAD c:/program files (x86)/gnu arm embedded toolchain/10 2021.10/bin/../lib/gcc/arm-none-eabi/10.3.1/../../../../arm-none-eabi/lib/thumb/v8-m.main+fp/hard\libc.a
LOAD c:/program files (x86)/gnu arm embedded toolchain/10 2021.10/bin/../lib/gcc/arm-none-eabi/10.3.1/../../../../arm-none-eabi/lib/thumb/v8-m.main+fp/hard\libm.a
LOAD c:/program files (x86)/gnu arm embedded toolchain/10 2021.10/bin/../lib/gcc/arm-none-eabi/10.3.1/../../../../arm-none-eabi/lib/thumb/v8-m.main+fp/hard\libnosys.a
END GROUP

.text           0x00000000     0xe9a0
                0x00000000                __tz_FLASH_S = ABSOLUTE (FLASH_START)
                0x00000000                __ROM_Start = .
 *(.fixed_vectors*)
 .fixed_vectors
                0x00000000       0x40 ./ra/fsp/src/bsp/cmsis/Device/RENESAS/Source/startup.o
                0x00000000                __Vectors
 *(.application_vectors*)
 .application_vectors
                0x00000040      0x180 ./ra_gen/vector_data.o
                0x00000040                g_vector_table
                0x000001c0                __Vectors_End = .
                0x000001c0                . = (OPTION_SETTING_LENGTH > 0x0)?.:(__ROM_Start + 0x400)
 *(.rom_registers*)
                0x000001c0                . = (OPTION_SETTING_LENGTH > 0x0)?.:(__ROM_Start + 0x500)
                0x00000200                . = ALIGN (0x80)
 *fill*         0x000001c0       0x40 ff
 *(.mcuboot_sce9_key*)
 *(.text*)
 .text          0x00000200       0x40 c:/program files (x86)/gnu arm embedded toolchain/10 2021.10/bin/../lib/gcc/arm-none-eabi/10.3.1/thumb/v8-m.main+fp/hard/crtbegin.o
 .text.parse_mqtt
                0x00000240       0x6c ./src/util/string_util/string_util.o
                0x00000240                parse_mqtt
 .text.l76_lb_split_nmea_message
                0x000002ac       0x40 ./src/component/l76_lb/l76_lb.o
                0x000002ac                l76_lb_split_nmea_message
 .text.covert_lat_lon_to_float
                0x000002ec       0xa8 ./src/component/l76_lb/l76_lb.o
                0x000002ec                covert_lat_lon_to_float
 .text.adc_sensor_init
                0x00000394       0x20 ./src/component/adc_sensor/adc_sensor.o
                0x00000394                adc_sensor_init
 .text.adc_sensor_process
                0x000003b4       0x20 ./src/component/adc_sensor/adc_sensor.o
                0x000003b4                adc_sensor_process
 .text.adc_sensor_measure
                0x000003d4       0x36 ./src/component/adc_sensor/adc_sensor.o
 *fill*         0x0000040a        0x6 ff
 .text.adc_sensor_get_value
                0x00000410       0xb0 ./src/component/adc_sensor/adc_sensor.o
 .text.sm_bsp_delay_ms
                0x000004c0       0x2c ./src/board/porting/src/sm_delay.o
                0x000004c0                sm_bsp_delay_ms
 .text.sm_bsp_delay_us
                0x000004ec       0x18 ./src/board/porting/src/sm_delay.o
                0x000004ec                sm_bsp_delay_us
 .text.gpio_open
                0x00000504       0x20 ./src/board/porting/src/sm_gpio.o
 .text.gpio_close
                0x00000524       0x16 ./src/board/porting/src/sm_gpio.o
 .text.gpio_set_value
                0x0000053a       0x2c ./src/board/porting/src/sm_gpio.o
 .text.gpio_get_value
                0x00000566       0x36 ./src/board/porting/src/sm_gpio.o
 .text.gpio_set_mode
                0x0000059c       0x48 ./src/board/porting/src/sm_gpio.o
 .text.uart_write
                0x000005e4       0x2a ./src/board/porting/src/sm_uart.o
 .text.uart_set_baudrate
                0x0000060e       0x18 ./src/board/porting/src/sm_uart.o
 .text.uart_set_parity
                0x00000626       0x1a ./src/board/porting/src/sm_uart.o
 .text.uart_set_databit
                0x00000640       0x1a ./src/board/porting/src/sm_uart.o
 .text.uart_open
                0x0000065a       0x28 ./src/board/porting/src/sm_uart.o
 .text.uart_close
                0x00000682       0x22 ./src/board/porting/src/sm_uart.o
 .text.uart_abort_rx
                0x000006a4       0x24 ./src/board/porting/src/sm_uart.o
 .text.uart_abort_tx
                0x000006c8       0x24 ./src/board/porting/src/sm_uart.o
 .text.gps_hw_init
                0x000006ec       0x18 ./src/board/l76lb_hw/l76lb_hw.o
                0x000006ec                gps_hw_init
 .text.gps_callback
                0x00000704       0x44 ./src/board/l76lb_hw/l76lb_hw.o
                0x00000704                gps_callback
 .text.adc_hw_init
                0x00000748       0x28 ./src/board/adc_hw/adc_hw.o
                0x00000748                adc_hw_init
 .text.adc_start_scan
                0x00000770       0x14 ./src/board/adc_hw/adc_hw.o
                0x00000770                adc_start_scan
 .text.adc_get_value
                0x00000784       0x28 ./src/board/adc_hw/adc_hw.o
                0x00000784                adc_get_value
 .text.adc_set_en_dust_pin
                0x000007ac       0x28 ./src/board/adc_hw/adc_hw.o
                0x000007ac                adc_set_en_dust_pin
 .text.adc_callback
                0x000007d4       0x34 ./src/board/adc_hw/adc_hw.o
                0x000007d4                adc_callback
 .text.board_init
                0x00000808       0xe0 ./src/board/board.o
                0x00000808                board_init
 .text.set_time
                0x000008e8       0x1c ./src/board/board.o
                0x000008e8                set_time
 .text.get_time
                0x00000904       0x1c ./src/board/board.o
                0x00000904                get_time
 .text.lte_callback
                0x00000920       0x48 ./src/board/board.o
                0x00000920                lte_callback
 .text.sm_mqtt_publics
                0x00000968       0x34 ./src/app/thingspeak_app/thingspeak_app.o
 .text.thingspeak_app_init
                0x0000099c       0x20 ./src/app/thingspeak_app/thingspeak_app.o
                0x0000099c                thingspeak_app_init
 .text.thingspeak_process
                0x000009bc       0xfc ./src/app/thingspeak_app/thingspeak_app.o
                0x000009bc                thingspeak_process
 .text.thingspeak_update
                0x00000ab8       0x38 ./src/app/thingspeak_app/thingspeak_app.o
                0x00000ab8                thingspeak_update
 .text.mqtt_client_init
                0x00000af0      0x114 ./src/app/mqtt_app/mqtt_app.o
                0x00000af0                mqtt_client_init
 .text.mqtt_client_process
                0x00000c04       0x6c ./src/app/mqtt_app/mqtt_app.o
                0x00000c04                mqtt_client_process
 .text.mqtt_open
                0x00000c70       0x28 ./src/app/mqtt_app/mqtt_app.o
                0x00000c70                mqtt_open
 .text.mqtt_close
                0x00000c98       0x20 ./src/app/mqtt_app/mqtt_app.o
                0x00000c98                mqtt_close
 .text.mqtt_connect
                0x00000cb8       0x2c ./src/app/mqtt_app/mqtt_app.o
                0x00000cb8                mqtt_connect
 .text.mqtt_disconnect
                0x00000ce4       0x20 ./src/app/mqtt_app/mqtt_app.o
                0x00000ce4                mqtt_disconnect
 .text.mqtt_publics
                0x00000d04       0x38 ./src/app/mqtt_app/mqtt_app.o
                0x00000d04                mqtt_publics
 .text.mqtt_subscribes
                0x00000d3c       0x2c ./src/app/mqtt_app/mqtt_app.o
                0x00000d3c                mqtt_subscribes
 .text.mqtt_unsubscribes
                0x00000d68       0x24 ./src/app/mqtt_app/mqtt_app.o
                0x00000d68                mqtt_unsubscribes
 .text.mqtt_data_iscomming
                0x00000d8c       0x28 ./src/app/mqtt_app/mqtt_app.o
                0x00000d8c                mqtt_data_iscomming
 .text.mqtt_event
                0x00000db4       0x44 ./src/app/mqtt_app/mqtt_app.o
 .text.gps_app_init
                0x00000df8       0x7c ./src/app/gps_app/gps_app.o
                0x00000df8                gps_app_init
 .text.gps_hw_receive_handle_impl
                0x00000e74       0xc8 ./src/app/gps_app/gps_app.o
 .text.display_app_init
                0x00000f3c       0x60 ./src/app/display_app/display_app.o
                0x00000f3c                display_app_init
 .text.display_process
                0x00000f9c       0x24 ./src/app/display_app/display_app.o
                0x00000f9c                display_process
 .text.task_bar_display
                0x00000fc0       0x54 ./src/app/display_app/display_app.o
 .text.Temp_display
                0x00001014       0x4c ./src/app/display_app/display_app.o
 .text.Humidity_display
                0x00001060       0x4c ./src/app/display_app/display_app.o
 .text.CO_ppm_display
                0x000010ac       0x4c ./src/app/display_app/display_app.o
 .text.DUST_display
                0x000010f8       0x4c ./src/app/display_app/display_app.o
 .text.gps_display
                0x00001144       0x48 ./src/app/display_app/display_app.o
 .text.clock_display
                0x0000118c       0x48 ./src/app/display_app/display_app.o
 .text.dht_app_init
                0x000011d4       0x28 ./src/app/dht_app/dht_app.o
                0x000011d4                dht_app_init
 .text.dht_app_process
                0x000011fc       0x1c ./src/app/dht_app/dht_app.o
                0x000011fc                dht_app_process
 .text.adc_app_init
                0x00001218       0x1c ./src/app/adc_app/adc_app.o
                0x00001218                adc_app_init
 .text.adc_app_process
                0x00001234       0x1c ./src/app/adc_app/adc_app.o
                0x00001234                adc_app_process
 .text.R_BSP_WarmStart
                0x00001250       0x2c ./src/hal_entry.o
                0x00001250                R_BSP_WarmStart
 .text.process_adc_entry
                0x0000127c       0x1e ./src/process_adc_entry.o
                0x0000127c                process_adc_entry
 .text.process_dht_entry
                0x0000129a       0x18 ./src/process_dht_entry.o
                0x0000129a                process_dht_entry
 *fill*         0x000012b2        0x2 ff
 .text.process_display_entry
                0x000012b4       0x50 ./src/process_display_entry.o
                0x000012b4                process_display_entry
 .text.process_gps_entry
                0x00001304       0xa0 ./src/process_gps_entry.o
                0x00001304                process_gps_entry
 .text.update_time
                0x000013a4       0x5c ./src/process_lte_entry.o
 .text.process_lte_entry
                0x00001400       0x24 ./src/process_lte_entry.o
                0x00001400                process_lte_entry
 .text.g_common_init
                0x00001424        0xe ./ra_gen/common_data.o
                0x00001424                g_common_init
 .text.g_hal_init
                0x00001432        0xc ./ra_gen/hal_data.o
                0x00001432                g_hal_init
 .text.rtos_startup_err_callback_internal
                0x0000143e       0x18 ./ra_gen/main.o
                0x0000143e                rtos_startup_err_callback
                0x0000143e                rtos_startup_err_callback_internal
 *fill*         0x00001456        0x2 ff
 .text.rtos_startup_common_init
                0x00001458       0x94 ./ra_gen/main.o
                0x00001458                rtos_startup_common_init
 .text.main     0x000014ec       0x64 ./ra_gen/main.o
                0x000014ec                main
 .text.vApplicationGetIdleTaskMemory
                0x00001550       0x34 ./ra_gen/main.o
                0x00001550                vApplicationGetIdleTaskMemory
 .text.vApplicationGetTimerTaskMemory
                0x00001584       0x34 ./ra_gen/main.o
                0x00001584                vApplicationGetTimerTaskMemory
 .text.process_adc_create
                0x000015b8       0x68 ./ra_gen/process_adc.o
                0x000015b8                process_adc_create
 .text.process_adc_func
                0x00001620       0x1a ./ra_gen/process_adc.o
 *fill*         0x0000163a        0x2 ff
 .text.process_dht_create
                0x0000163c       0x68 ./ra_gen/process_dht.o
                0x0000163c                process_dht_create
 .text.process_dht_func
                0x000016a4       0x1a ./ra_gen/process_dht.o
 *fill*         0x000016be        0x2 ff
 .text.process_display_create
                0x000016c0       0x68 ./ra_gen/process_display.o
                0x000016c0                process_display_create
 .text.process_display_func
                0x00001728       0x1a ./ra_gen/process_display.o
 *fill*         0x00001742        0x2 ff
 .text.process_gps_create
                0x00001744       0x68 ./ra_gen/process_gps.o
                0x00001744                process_gps_create
 .text.process_gps_func
                0x000017ac       0x1a ./ra_gen/process_gps.o
 *fill*         0x000017c6        0x2 ff
 .text.process_lte_create
                0x000017c8       0x68 ./ra_gen/process_lte.o
                0x000017c8                process_lte_create
 .text.process_lte_func
                0x00001830       0x1a ./ra_gen/process_lte.o
 *fill*         0x0000184a        0x2 ff
 .text.__NVIC_SetPriority
                0x0000184c       0x54 ./ra/fsp/src/rm_freertos_port/port.o
 .text.__NVIC_GetPriority
                0x000018a0       0x50 ./ra/fsp/src/rm_freertos_port/port.o
 .text.SysTick_Config
                0x000018f0       0x44 ./ra/fsp/src/rm_freertos_port/port.o
 .text.R_FSP_CurrentIrqGet
                0x00001934       0x2c ./ra/fsp/src/rm_freertos_port/port.o
 .text.SVC_Handler
                0x00001960       0x18 ./ra/fsp/src/rm_freertos_port/port.o
                0x00001960                SVC_Handler
 .text.prvPortStartFirstTask
                0x00001978       0x24 ./ra/fsp/src/rm_freertos_port/port.o
 .text.PendSV_Handler
                0x0000199c       0x48 ./ra/fsp/src/rm_freertos_port/port.o
                0x0000199c                PendSV_Handler
 .text.rm_freertos_port_restore_task_stackless
                0x000019e4       0x28 ./ra/fsp/src/rm_freertos_port/port.o
                0x000019e4                rm_freertos_port_restore_task_stackless
 .text.SysTick_Handler
                0x00001a0c       0x48 ./ra/fsp/src/rm_freertos_port/port.o
                0x00001a0c                SysTick_Handler
 .text.vPortSVCHandler_C
                0x00001a54       0x4c ./ra/fsp/src/rm_freertos_port/port.o
                0x00001a54                vPortSVCHandler_C
 .text.pxPortInitialiseStack
                0x00001aa0       0x7c ./ra/fsp/src/rm_freertos_port/port.o
                0x00001aa0                pxPortInitialiseStack
 .text.prvTaskExitError
                0x00001b1c        0x8 ./ra/fsp/src/rm_freertos_port/port.o
 .text.xPortStartScheduler
                0x00001b24       0x30 ./ra/fsp/src/rm_freertos_port/port.o
                0x00001b24                xPortStartScheduler
 .text.vPortEnterCritical
                0x00001b54       0x70 ./ra/fsp/src/rm_freertos_port/port.o
                0x00001b54                vPortEnterCritical
 .text.vPortExitCritical
                0x00001bc4       0x58 ./ra/fsp/src/rm_freertos_port/port.o
                0x00001bc4                vPortExitCritical
 .text.rm_freertos_port_sleep_preserving_lpm
                0x00001c1c       0xb4 ./ra/fsp/src/rm_freertos_port/port.o
                0x00001c1c                rm_freertos_port_sleep_preserving_lpm
 .text.vApplicationIdleHook
                0x00001cd0       0x1e ./ra/fsp/src/rm_freertos_port/port.o
                0x00001cd0                vApplicationIdleHook
 *fill*         0x00001cee        0x2 ff
 .text.vPortSetupTimerInterrupt
                0x00001cf0       0x24 ./ra/fsp/src/rm_freertos_port/port.o
                0x00001cf0                vPortSetupTimerInterrupt
 .text.vPortValidateInterruptPriority
                0x00001d14       0x54 ./ra/fsp/src/rm_freertos_port/port.o
                0x00001d14                vPortValidateInterruptPriority
 .text.R_FSP_CurrentIrqGet
                0x00001d68       0x2c ./ra/fsp/src/r_sci_uart/r_sci_uart.o
 .text.R_FSP_IsrContextSet
                0x00001d94       0x28 ./ra/fsp/src/r_sci_uart/r_sci_uart.o
 .text.R_BSP_IrqStatusClear
                0x00001dbc       0x30 ./ra/fsp/src/r_sci_uart/r_sci_uart.o
 .text.R_BSP_IrqClearPending
                0x00001dec       0x40 ./ra/fsp/src/r_sci_uart/r_sci_uart.o
 .text.R_BSP_IrqCfg
                0x00001e2c       0x3c ./ra/fsp/src/r_sci_uart/r_sci_uart.o
 .text.R_BSP_IrqEnableNoClear
                0x00001e68       0x38 ./ra/fsp/src/r_sci_uart/r_sci_uart.o
 .text.R_BSP_IrqEnable
                0x00001ea0       0x26 ./ra/fsp/src/r_sci_uart/r_sci_uart.o
 *fill*         0x00001ec6        0x2 ff
 .text.R_BSP_IrqDisable
                0x00001ec8       0x48 ./ra/fsp/src/r_sci_uart/r_sci_uart.o
 .text.R_FSP_IsrContextGet
                0x00001f10       0x24 ./ra/fsp/src/r_sci_uart/r_sci_uart.o
 .text.R_SCI_UART_Open
                0x00001f34      0x1cc ./ra/fsp/src/r_sci_uart/r_sci_uart.o
                0x00001f34                R_SCI_UART_Open
 .text.R_SCI_UART_Close
                0x00002100       0xa8 ./ra/fsp/src/r_sci_uart/r_sci_uart.o
                0x00002100                R_SCI_UART_Close
 .text.R_SCI_UART_Read
                0x000021a8       0x2e ./ra/fsp/src/r_sci_uart/r_sci_uart.o
                0x000021a8                R_SCI_UART_Read
 .text.R_SCI_UART_Write
                0x000021d6       0xba ./ra/fsp/src/r_sci_uart/r_sci_uart.o
                0x000021d6                R_SCI_UART_Write
 .text.R_SCI_UART_CallbackSet
                0x00002290       0x32 ./ra/fsp/src/r_sci_uart/r_sci_uart.o
                0x00002290                R_SCI_UART_CallbackSet
 .text.R_SCI_UART_BaudSet
                0x000022c2       0x4e ./ra/fsp/src/r_sci_uart/r_sci_uart.o
                0x000022c2                R_SCI_UART_BaudSet
 .text.R_SCI_UART_InfoGet
                0x00002310       0x28 ./ra/fsp/src/r_sci_uart/r_sci_uart.o
                0x00002310                R_SCI_UART_InfoGet
 .text.R_SCI_UART_Abort
                0x00002338       0xba ./ra/fsp/src/r_sci_uart/r_sci_uart.o
                0x00002338                R_SCI_UART_Abort
 .text.R_SCI_UART_ReadStop
                0x000023f2       0x2a ./ra/fsp/src/r_sci_uart/r_sci_uart.o
                0x000023f2                R_SCI_UART_ReadStop
 .text.r_sci_negate_de_pin
                0x0000241c       0x14 ./ra/fsp/src/r_sci_uart/r_sci_uart.o
 .text.r_sci_uart_config_set
                0x00002430      0x108 ./ra/fsp/src/r_sci_uart/r_sci_uart.o
 .text.r_sci_uart_fifo_cfg
                0x00002538       0x72 ./ra/fsp/src/r_sci_uart/r_sci_uart.o
 .text.r_sci_irq_cfg
                0x000025aa       0x3a ./ra/fsp/src/r_sci_uart/r_sci_uart.o
 .text.r_sci_irqs_cfg
                0x000025e4       0x5a ./ra/fsp/src/r_sci_uart/r_sci_uart.o
 .text.r_sci_uart_baud_set
                0x0000263e       0x58 ./ra/fsp/src/r_sci_uart/r_sci_uart.o
 .text.r_sci_uart_call_callback
                0x00002696       0x76 ./ra/fsp/src/r_sci_uart/r_sci_uart.o
 .text.sci_uart_txi_isr
                0x0000270c      0x176 ./ra/fsp/src/r_sci_uart/r_sci_uart.o
                0x0000270c                sci_uart_txi_isr
 .text.sci_uart_rxi_isr
                0x00002882      0x120 ./ra/fsp/src/r_sci_uart/r_sci_uart.o
                0x00002882                sci_uart_rxi_isr
 .text.sci_uart_tei_isr
                0x000029a2       0x58 ./ra/fsp/src/r_sci_uart/r_sci_uart.o
                0x000029a2                sci_uart_tei_isr
 .text.sci_uart_eri_isr
                0x000029fa       0xbe ./ra/fsp/src/r_sci_uart/r_sci_uart.o
                0x000029fa                sci_uart_eri_isr
 .text.__NVIC_GetEnableIRQ
                0x00002ab8       0x40 ./ra/fsp/src/r_rtc/r_rtc.o
 .text.R_FSP_CurrentIrqGet
                0x00002af8       0x2c ./ra/fsp/src/r_rtc/r_rtc.o
 .text.R_BSP_IrqStatusClear
                0x00002b24       0x30 ./ra/fsp/src/r_rtc/r_rtc.o
 .text.R_BSP_IrqClearPending
                0x00002b54       0x40 ./ra/fsp/src/r_rtc/r_rtc.o
 .text.R_BSP_IrqEnableNoClear
                0x00002b94       0x38 ./ra/fsp/src/r_rtc/r_rtc.o
 .text.R_BSP_IrqEnable
                0x00002bcc       0x26 ./ra/fsp/src/r_rtc/r_rtc.o
 *fill*         0x00002bf2        0x2 ff
 .text.R_BSP_IrqDisable
                0x00002bf4       0x48 ./ra/fsp/src/r_rtc/r_rtc.o
 .text.R_FSP_IsrContextGet
                0x00002c3c       0x24 ./ra/fsp/src/r_rtc/r_rtc.o
 .text.R_RTC_CalendarTimeSet
                0x00002c60       0xd4 ./ra/fsp/src/r_rtc/r_rtc.o
                0x00002c60                R_RTC_CalendarTimeSet
 .text.R_RTC_CalendarTimeGet
                0x00002d34      0x110 ./ra/fsp/src/r_rtc/r_rtc.o
                0x00002d34                R_RTC_CalendarTimeGet
 .text.r_rtc_start_bit_update
                0x00002e44       0x48 ./ra/fsp/src/r_rtc/r_rtc.o
 .text.r_rtc_irq_set
                0x00002e8c       0x80 ./ra/fsp/src/r_rtc/r_rtc.o
 .text.r_rtc_error_adjustment_set
                0x00002f0c      0x100 ./ra/fsp/src/r_rtc/r_rtc.o
 .text.rtc_carry_isr
                0x0000300c       0x32 ./ra/fsp/src/r_rtc/r_rtc.o
                0x0000300c                rtc_carry_isr
 *fill*         0x0000303e        0x2 ff
 .text.rtc_dec_to_bcd
                0x00003040       0x50 ./ra/fsp/src/r_rtc/r_rtc.o
 .text.rtc_bcd_to_dec
                0x00003090       0x32 ./ra/fsp/src/r_rtc/r_rtc.o
 *fill*         0x000030c2        0x2 ff
 .text.R_BSP_PinRead
                0x000030c4       0x38 ./ra/fsp/src/r_ioport/r_ioport.o
 .text.R_BSP_PinAccessEnable
                0x000030fc       0x60 ./ra/fsp/src/r_ioport/r_ioport.o
 .text.R_BSP_PinAccessDisable
                0x0000315c       0x68 ./ra/fsp/src/r_ioport/r_ioport.o
 .text.R_IOPORT_Open
                0x000031c4       0x28 ./ra/fsp/src/r_ioport/r_ioport.o
                0x000031c4                R_IOPORT_Open
 .text.R_IOPORT_Close
                0x000031ec       0x20 ./ra/fsp/src/r_ioport/r_ioport.o
                0x000031ec                R_IOPORT_Close
 .text.R_IOPORT_PinsCfg
                0x0000320c       0x1a ./ra/fsp/src/r_ioport/r_ioport.o
                0x0000320c                R_IOPORT_PinsCfg
 .text.R_IOPORT_PinCfg
                0x00003226       0x46 ./ra/fsp/src/r_ioport/r_ioport.o
                0x00003226                R_IOPORT_PinCfg
 .text.R_IOPORT_PinRead
                0x0000326c       0x28 ./ra/fsp/src/r_ioport/r_ioport.o
                0x0000326c                R_IOPORT_PinRead
 .text.R_IOPORT_PortRead
                0x00003294       0x3a ./ra/fsp/src/r_ioport/r_ioport.o
                0x00003294                R_IOPORT_PortRead
 .text.R_IOPORT_PortWrite
                0x000032ce       0x62 ./ra/fsp/src/r_ioport/r_ioport.o
                0x000032ce                R_IOPORT_PortWrite
 .text.R_IOPORT_PinWrite
                0x00003330       0x6e ./ra/fsp/src/r_ioport/r_ioport.o
                0x00003330                R_IOPORT_PinWrite
 .text.R_IOPORT_PortDirectionSet
                0x0000339e       0x72 ./ra/fsp/src/r_ioport/r_ioport.o
                0x0000339e                R_IOPORT_PortDirectionSet
 .text.R_IOPORT_PortEventInputRead
                0x00003410       0x3e ./ra/fsp/src/r_ioport/r_ioport.o
                0x00003410                R_IOPORT_PortEventInputRead
 .text.R_IOPORT_PinEventInputRead
                0x0000344e       0x62 ./ra/fsp/src/r_ioport/r_ioport.o
                0x0000344e                R_IOPORT_PinEventInputRead
 .text.R_IOPORT_PortEventOutputWrite
                0x000034b0       0x62 ./ra/fsp/src/r_ioport/r_ioport.o
                0x000034b0                R_IOPORT_PortEventOutputWrite
 .text.R_IOPORT_PinEventOutputWrite
                0x00003512       0x5e ./ra/fsp/src/r_ioport/r_ioport.o
                0x00003512                R_IOPORT_PinEventOutputWrite
 .text.R_IOPORT_EthernetModeCfg
                0x00003570       0x1e ./ra/fsp/src/r_ioport/r_ioport.o
                0x00003570                R_IOPORT_EthernetModeCfg
 .text.r_ioport_pins_config
                0x0000358e       0x56 ./ra/fsp/src/r_ioport/r_ioport.o
 .text.r_ioport_hw_pin_event_output_data_write
                0x000035e4       0x88 ./ra/fsp/src/r_ioport/r_ioport.o
 .text.r_ioport_pfs_write
                0x0000366c       0x78 ./ra/fsp/src/r_ioport/r_ioport.o
 .text.bsp_vbatt_init
                0x000036e4       0xd8 ./ra/fsp/src/r_ioport/r_ioport.o
 .text.R_FSP_CurrentIrqGet
                0x000037bc       0x2c ./ra/fsp/src/r_adc/r_adc.o
 .text.R_FSP_SystemClockHzGet
                0x000037e8       0x4c ./ra/fsp/src/r_adc/r_adc.o
 .text.R_FSP_IsrContextSet
                0x00003834       0x28 ./ra/fsp/src/r_adc/r_adc.o
 .text.R_BSP_IrqStatusClear
                0x0000385c       0x30 ./ra/fsp/src/r_adc/r_adc.o
 .text.R_BSP_IrqClearPending
                0x0000388c       0x40 ./ra/fsp/src/r_adc/r_adc.o
 .text.R_BSP_IrqCfg
                0x000038cc       0x3c ./ra/fsp/src/r_adc/r_adc.o
 .text.R_BSP_IrqEnableNoClear
                0x00003908       0x38 ./ra/fsp/src/r_adc/r_adc.o
 .text.R_BSP_IrqEnable
                0x00003940       0x26 ./ra/fsp/src/r_adc/r_adc.o
 .text.R_BSP_IrqCfgEnable
                0x00003966       0x2e ./ra/fsp/src/r_adc/r_adc.o
 .text.R_FSP_IsrContextGet
                0x00003994       0x24 ./ra/fsp/src/r_adc/r_adc.o
 .text.R_ADC_Open
                0x000039b8       0xbc ./ra/fsp/src/r_adc/r_adc.o
                0x000039b8                R_ADC_Open
 .text.R_ADC_ScanCfg
                0x00003a74       0x30 ./ra/fsp/src/r_adc/r_adc.o
                0x00003a74                R_ADC_ScanCfg
 .text.R_ADC_ScanStart
                0x00003aa4       0x24 ./ra/fsp/src/r_adc/r_adc.o
                0x00003aa4                R_ADC_ScanStart
 .text.R_ADC_Read
                0x00003ac8       0x34 ./ra/fsp/src/r_adc/r_adc.o
                0x00003ac8                R_ADC_Read
 .text.r_adc_open_sub
                0x00003afc      0x148 ./ra/fsp/src/r_adc/r_adc.o
 .text.r_adc_sensor_cfg
                0x00003c44      0x110 ./ra/fsp/src/r_adc/r_adc.o
 .text.r_adc_sensor_sample_state_calculation
                0x00003d54       0x50 ./ra/fsp/src/r_adc/r_adc.o
 .text.r_adc_scan_cfg
                0x00003da4      0x1e4 ./ra/fsp/src/r_adc/r_adc.o
 .text.r_adc_irq_enable
                0x00003f88       0x2e ./ra/fsp/src/r_adc/r_adc.o
 .text.r_adc_call_callback
                0x00003fb6       0x72 ./ra/fsp/src/r_adc/r_adc.o
 .text.r_adc_scan_end_common_isr
                0x00004028       0x56 ./ra/fsp/src/r_adc/r_adc.o
 .text.adc_scan_end_isr
                0x0000407e        0xe ./ra/fsp/src/r_adc/r_adc.o
                0x0000407e                adc_scan_end_isr
 .text.R_BSP_FlashCacheEnable
                0x0000408c       0x40 ./ra/fsp/src/bsp/mcu/all/bsp_clocks.o
 .text.SystemCoreClockUpdate
                0x000040cc       0x40 ./ra/fsp/src/bsp/mcu/all/bsp_clocks.o
                0x000040cc                SystemCoreClockUpdate
 .text.bsp_prv_clock_set_hard_reset
                0x0000410c       0x44 ./ra/fsp/src/bsp/mcu/all/bsp_clocks.o
 .text.bsp_clock_freq_var_init
                0x00004150       0x48 ./ra/fsp/src/bsp/mcu/all/bsp_clocks.o
 .text.bsp_clock_init
                0x00004198       0xc8 ./ra/fsp/src/bsp/mcu/all/bsp_clocks.o
                0x00004198                bsp_clock_init
 .text.bsp_init_internal
                0x00004260       0x14 ./ra/fsp/src/bsp/mcu/all/bsp_common.o
                0x00004260                bsp_init_internal
                0x00004260                bsp_init
 .text.__assert_func
                0x00004274       0x12 ./ra/fsp/src/bsp/mcu/all/bsp_common.o
                0x00004274                __assert_func
 *fill*         0x00004286        0x2 ff
 .text.R_BSP_SoftwareDelay
                0x00004288      0x164 ./ra/fsp/src/bsp/mcu/all/bsp_delay.o
                0x00004288                R_BSP_SoftwareDelay
 .text.bsp_prv_software_delay_loop
                0x000043ec        0xc ./ra/fsp/src/bsp/mcu/all/bsp_delay.o
                0x000043ec                bsp_prv_software_delay_loop
 .text.bsp_group_irq_call
                0x000043f8       0x30 ./ra/fsp/src/bsp/mcu/all/bsp_group_irq.o
 .text.NMI_Handler
                0x00004428       0x4c ./ra/fsp/src/bsp/mcu/all/bsp_group_irq.o
                0x00004428                NMI_Handler
 .text.bsp_irq_cfg
                0x00004474       0xfc ./ra/fsp/src/bsp/mcu/all/bsp_irq.o
                0x00004474                bsp_irq_cfg
 .text.R_BSP_RegisterProtectEnable
                0x00004570       0xa0 ./ra/fsp/src/bsp/mcu/all/bsp_register_protection.o
                0x00004570                R_BSP_RegisterProtectEnable
 .text.R_BSP_RegisterProtectDisable
                0x00004610       0x90 ./ra/fsp/src/bsp/mcu/all/bsp_register_protection.o
                0x00004610                R_BSP_RegisterProtectDisable
 .text._sbrk    0x000046a0       0x6c ./ra/fsp/src/bsp/mcu/all/bsp_sbrk.o
                0x000046a0                _sbrk
 .text.Reset_Handler
                0x0000470c        0xe ./ra/fsp/src/bsp/cmsis/Device/RENESAS/Source/startup.o
                0x0000470c                Reset_Handler
 .text.Default_Handler
                0x0000471a       0x10 ./ra/fsp/src/bsp/cmsis/Device/RENESAS/Source/startup.o
                0x0000471a                HardFault_Handler
                0x0000471a                UsageFault_Handler
                0x0000471a                SecureFault_Handler
                0x0000471a                Default_Handler
                0x0000471a                MemManage_Handler
                0x0000471a                BusFault_Handler
                0x0000471a                DebugMon_Handler
 *fill*         0x0000472a        0x2 ff
 .text.SystemInit
                0x0000472c       0xf0 ./ra/fsp/src/bsp/cmsis/Device/RENESAS/Source/system.o
                0x0000472c                SystemInit
 .text.vListInitialise
                0x0000481c       0x40 ./ra/aws/amazon-freertos/freertos_kernel/list.o
                0x0000481c                vListInitialise
 .text.vListInitialiseItem
                0x0000485c       0x1a ./ra/aws/amazon-freertos/freertos_kernel/list.o
                0x0000485c                vListInitialiseItem
 .text.vListInsertEnd
                0x00004876       0x48 ./ra/aws/amazon-freertos/freertos_kernel/list.o
                0x00004876                vListInsertEnd
 .text.vListInsert
                0x000048be       0x72 ./ra/aws/amazon-freertos/freertos_kernel/list.o
                0x000048be                vListInsert
 .text.uxListRemove
                0x00004930       0x54 ./ra/aws/amazon-freertos/freertos_kernel/list.o
                0x00004930                uxListRemove
 .text.xQueueGenericReset
                0x00004984       0xd8 ./ra/aws/amazon-freertos/freertos_kernel/queue.o
                0x00004984                xQueueGenericReset
 .text.xQueueGenericCreateStatic
                0x00004a5c       0xc8 ./ra/aws/amazon-freertos/freertos_kernel/queue.o
                0x00004a5c                xQueueGenericCreateStatic
 .text.prvInitialiseNewQueue
                0x00004b24       0x3e ./ra/aws/amazon-freertos/freertos_kernel/queue.o
 *fill*         0x00004b62        0x2 ff
 .text.xQueueCreateCountingSemaphoreStatic
                0x00004b64       0x70 ./ra/aws/amazon-freertos/freertos_kernel/queue.o
                0x00004b64                xQueueCreateCountingSemaphoreStatic
 .text.xQueueGenericSend
                0x00004bd4      0x1e4 ./ra/aws/amazon-freertos/freertos_kernel/queue.o
                0x00004bd4                xQueueGenericSend
 .text.xQueueGenericSendFromISR
                0x00004db8      0x134 ./ra/aws/amazon-freertos/freertos_kernel/queue.o
                0x00004db8                xQueueGenericSendFromISR
 .text.xQueueReceive
                0x00004eec      0x1b0 ./ra/aws/amazon-freertos/freertos_kernel/queue.o
                0x00004eec                xQueueReceive
 .text.xQueueSemaphoreTake
                0x0000509c      0x1a0 ./ra/aws/amazon-freertos/freertos_kernel/queue.o
                0x0000509c                xQueueSemaphoreTake
 .text.prvCopyDataToQueue
                0x0000523c       0xb8 ./ra/aws/amazon-freertos/freertos_kernel/queue.o
 .text.prvCopyDataFromQueue
                0x000052f4       0x4c ./ra/aws/amazon-freertos/freertos_kernel/queue.o
 .text.prvUnlockQueue
                0x00005340       0xa4 ./ra/aws/amazon-freertos/freertos_kernel/queue.o
 .text.prvIsQueueEmpty
                0x000053e4       0x2c ./ra/aws/amazon-freertos/freertos_kernel/queue.o
 .text.prvIsQueueFull
                0x00005410       0x30 ./ra/aws/amazon-freertos/freertos_kernel/queue.o
 .text.vQueueAddToRegistry
                0x00005440       0x54 ./ra/aws/amazon-freertos/freertos_kernel/queue.o
                0x00005440                vQueueAddToRegistry
 .text.vQueueWaitForMessageRestricted
                0x00005494       0x68 ./ra/aws/amazon-freertos/freertos_kernel/queue.o
                0x00005494                vQueueWaitForMessageRestricted
 .text.xTaskCreateStatic
                0x000054fc       0xb0 ./ra/aws/amazon-freertos/freertos_kernel/tasks.o
                0x000054fc                xTaskCreateStatic
 .text.prvInitialiseNewTask
                0x000055ac      0x12c ./ra/aws/amazon-freertos/freertos_kernel/tasks.o
 .text.prvAddNewTaskToReadyList
                0x000056d8       0xdc ./ra/aws/amazon-freertos/freertos_kernel/tasks.o
 .text.vTaskDelay
                0x000057b4       0x70 ./ra/aws/amazon-freertos/freertos_kernel/tasks.o
                0x000057b4                vTaskDelay
 .text.vTaskStartScheduler
                0x00005824       0xd4 ./ra/aws/amazon-freertos/freertos_kernel/tasks.o
                0x00005824                vTaskStartScheduler
 .text.vTaskSuspendAll
                0x000058f8       0x1c ./ra/aws/amazon-freertos/freertos_kernel/tasks.o
                0x000058f8                vTaskSuspendAll
 .text.xTaskResumeAll
                0x00005914      0x144 ./ra/aws/amazon-freertos/freertos_kernel/tasks.o
                0x00005914                xTaskResumeAll
 .text.xTaskGetTickCount
                0x00005a58       0x20 ./ra/aws/amazon-freertos/freertos_kernel/tasks.o
                0x00005a58                xTaskGetTickCount
 .text.xTaskIncrementTick
                0x00005a78      0x158 ./ra/aws/amazon-freertos/freertos_kernel/tasks.o
                0x00005a78                xTaskIncrementTick
 .text.vTaskSwitchContext
                0x00005bd0       0xbc ./ra/aws/amazon-freertos/freertos_kernel/tasks.o
                0x00005bd0                vTaskSwitchContext
 .text.vTaskPlaceOnEventList
                0x00005c8c       0x4c ./ra/aws/amazon-freertos/freertos_kernel/tasks.o
                0x00005c8c                vTaskPlaceOnEventList
 .text.vTaskPlaceOnEventListRestricted
                0x00005cd8       0x5c ./ra/aws/amazon-freertos/freertos_kernel/tasks.o
                0x00005cd8                vTaskPlaceOnEventListRestricted
 .text.xTaskRemoveFromEventList
                0x00005d34       0xcc ./ra/aws/amazon-freertos/freertos_kernel/tasks.o
                0x00005d34                xTaskRemoveFromEventList
 .text.vTaskInternalSetTimeOutState
                0x00005e00       0x2c ./ra/aws/amazon-freertos/freertos_kernel/tasks.o
                0x00005e00                vTaskInternalSetTimeOutState
 .text.xTaskCheckForTimeOut
                0x00005e2c       0xcc ./ra/aws/amazon-freertos/freertos_kernel/tasks.o
                0x00005e2c                xTaskCheckForTimeOut
 .text.vTaskMissedYield
                0x00005ef8       0x18 ./ra/aws/amazon-freertos/freertos_kernel/tasks.o
                0x00005ef8                vTaskMissedYield
 .text.prvIdleTask
                0x00005f10       0x38 ./ra/aws/amazon-freertos/freertos_kernel/tasks.o
 .text.prvInitialiseTaskLists
                0x00005f48       0x80 ./ra/aws/amazon-freertos/freertos_kernel/tasks.o
 .text.prvCheckTasksWaitingTermination
                0x00005fc8       0x5c ./ra/aws/amazon-freertos/freertos_kernel/tasks.o
 .text.prvDeleteTCB
                0x00006024       0x14 ./ra/aws/amazon-freertos/freertos_kernel/tasks.o
 .text.prvResetNextTaskUnblockTime
                0x00006038       0x38 ./ra/aws/amazon-freertos/freertos_kernel/tasks.o
 .text.xTaskGetSchedulerState
                0x00006070       0x3c ./ra/aws/amazon-freertos/freertos_kernel/tasks.o
                0x00006070                xTaskGetSchedulerState
 .text.prvAddCurrentTaskToDelayedList
                0x000060ac       0xa8 ./ra/aws/amazon-freertos/freertos_kernel/tasks.o
 .text.xTimerCreateTimerTask
                0x00006154       0x94 ./ra/aws/amazon-freertos/freertos_kernel/timers.o
                0x00006154                xTimerCreateTimerTask
 .text.xTimerGenericCommand
                0x000061e8       0xa0 ./ra/aws/amazon-freertos/freertos_kernel/timers.o
                0x000061e8                xTimerGenericCommand
 .text.prvProcessExpiredTimer
                0x00006288       0x9c ./ra/aws/amazon-freertos/freertos_kernel/timers.o
 .text.prvTimerTask
                0x00006324       0x24 ./ra/aws/amazon-freertos/freertos_kernel/timers.o
 .text.prvProcessTimerOrBlockTask
                0x00006348       0xa0 ./ra/aws/amazon-freertos/freertos_kernel/timers.o
 .text.prvGetNextExpireTime
                0x000063e8       0x48 ./ra/aws/amazon-freertos/freertos_kernel/timers.o
 .text.prvSampleTimeNow
                0x00006430       0x40 ./ra/aws/amazon-freertos/freertos_kernel/timers.o
 .text.prvInsertTimerInActiveList
                0x00006470       0x84 ./ra/aws/amazon-freertos/freertos_kernel/timers.o
 .text.prvProcessReceivedCommands
                0x000064f4      0x178 ./ra/aws/amazon-freertos/freertos_kernel/timers.o
 .text.prvSwitchTimerLists
                0x0000666c       0xcc ./ra/aws/amazon-freertos/freertos_kernel/timers.o
 .text.prvCheckForValidListAndQueue
                0x00006738       0x80 ./ra/aws/amazon-freertos/freertos_kernel/timers.o
 .text.sm_fifo_init
                0x000067b8       0x5c ./Long_fdk/utils/src/sm_fifo.o
                0x000067b8                sm_fifo_init
 .text.sm_fifo_push
                0x00006814       0x22 ./Long_fdk/utils/src/sm_fifo.o
                0x00006814                sm_fifo_push
 .text.sm_fifo_pop
                0x00006836       0x2c ./Long_fdk/utils/src/sm_fifo.o
                0x00006836                sm_fifo_pop
 .text.sm_fifo_push_irq
                0x00006862       0x24 ./Long_fdk/utils/src/sm_fifo.o
                0x00006862                sm_fifo_push_irq
 .text.sm_dht22_init
                0x00006886       0x1c ./Long_fdk/common/src/sm_dht22.o
                0x00006886                sm_dht22_init
 .text.sm_dht22_start
                0x000068a2       0x90 ./Long_fdk/common/src/sm_dht22.o
 .text.sm_dht22_read
                0x00006932       0xae ./Long_fdk/common/src/sm_dht22.o
 .text.sm_dht22_process
                0x000069e0      0x110 ./Long_fdk/common/src/sm_dht22.o
                0x000069e0                sm_dht22_process
 .text.dht_pin_write
                0x00006af0       0x26 ./Long_fdk/common/src/sm_dht22.o
 .text.dht_pin_mode
                0x00006b16       0x26 ./Long_fdk/common/src/sm_dht22.o
 .text.dht_pin_read
                0x00006b3c       0x22 ./Long_fdk/common/src/sm_dht22.o
 .text.sm_ec200s_init
                0x00006b5e       0xd0 ./Long_fdk/common/src/sm_ec200s.o
                0x00006b5e                sm_ec200s_init
 *fill*         0x00006c2e        0x2 ff
 .text.sm_ec200s_sync
                0x00006c30       0x30 ./Long_fdk/common/src/sm_ec200s.o
                0x00006c30                sm_ec200s_sync
 .text.sm_ec200s_echo_mode
                0x00006c60       0x54 ./Long_fdk/common/src/sm_ec200s.o
                0x00006c60                sm_ec200s_echo_mode
 .text.sm_ec200s_get_pin
                0x00006cb4       0x30 ./Long_fdk/common/src/sm_ec200s.o
                0x00006cb4                sm_ec200s_get_pin
 .text.sm_ec200s_get_signal
                0x00006ce4       0x50 ./Long_fdk/common/src/sm_ec200s.o
                0x00006ce4                sm_ec200s_get_signal
 .text.sm_ec200s_get_funtion
                0x00006d34       0x30 ./Long_fdk/common/src/sm_ec200s.o
                0x00006d34                sm_ec200s_get_funtion
 .text.sm_ec200s_set_apn
                0x00006d64       0xa4 ./Long_fdk/common/src/sm_ec200s.o
                0x00006d64                sm_ec200s_set_apn
 .text.sm_ec200s_get_simNb
                0x00006e08       0x60 ./Long_fdk/common/src/sm_ec200s.o
                0x00006e08                sm_ec200s_get_simNb
 .text.sm_ec200s_get_ip
                0x00006e68       0xa8 ./Long_fdk/common/src/sm_ec200s.o
                0x00006e68                sm_ec200s_get_ip
 .text.sm_ec200s_config_mqtt
                0x00006f10       0x84 ./Long_fdk/common/src/sm_ec200s.o
                0x00006f10                sm_ec200s_config_mqtt
 .text.sm_ec200s_open_mqtt
                0x00006f94       0xac ./Long_fdk/common/src/sm_ec200s.o
                0x00006f94                sm_ec200s_open_mqtt
 .text.sm_ec200s_connect_mqtt
                0x00007040       0xf8 ./Long_fdk/common/src/sm_ec200s.o
                0x00007040                sm_ec200s_connect_mqtt
 .text.sm_ec200s_disconnect_mqtt
                0x00007138       0x34 ./Long_fdk/common/src/sm_ec200s.o
                0x00007138                sm_ec200s_disconnect_mqtt
 .text.sm_ec200s_close_mqtt
                0x0000716c       0x34 ./Long_fdk/common/src/sm_ec200s.o
                0x0000716c                sm_ec200s_close_mqtt
 .text.sm_ec200s_public_mqtt
                0x000071a0       0xec ./Long_fdk/common/src/sm_ec200s.o
                0x000071a0                sm_ec200s_public_mqtt
 .text.sm_ec200s_subscribes_mqtt
                0x0000728c       0xac ./Long_fdk/common/src/sm_ec200s.o
                0x0000728c                sm_ec200s_subscribes_mqtt
 .text.sm_ec200s_unsubscribes_mqtt
                0x00007338       0x98 ./Long_fdk/common/src/sm_ec200s.o
                0x00007338                sm_ec200s_unsubscribes_mqtt
 .text.sm_ec200s_recive_mqtt_data
                0x000073d0      0x168 ./Long_fdk/common/src/sm_ec200s.o
                0x000073d0                sm_ec200s_recive_mqtt_data
 .text.sm_ec200s_data_iscomming_mqtt
                0x00007538       0xe8 ./Long_fdk/common/src/sm_ec200s.o
                0x00007538                sm_ec200s_data_iscomming_mqtt
 .text.sm_ec200s_get_time_network
                0x00007620       0xc0 ./Long_fdk/common/src/sm_ec200s.o
                0x00007620                sm_ec200s_get_time_network
 .text.LCD5110_init
                0x000076e0       0x88 ./Long_fdk/common/src/sm_lcd5110.o
                0x000076e0                LCD5110_init
 .text.LCD5110_LCD_write_byte
                0x00007768       0x78 ./Long_fdk/common/src/sm_lcd5110.o
                0x00007768                LCD5110_LCD_write_byte
 .text.LCD5110_write_char
                0x000077e0       0x58 ./Long_fdk/common/src/sm_lcd5110.o
                0x000077e0                LCD5110_write_char
 .text.LCD5110_write_char_inv
                0x00007838       0x5c ./Long_fdk/common/src/sm_lcd5110.o
                0x00007838                LCD5110_write_char_inv
 .text.LCD5110_write_string
                0x00007894       0x52 ./Long_fdk/common/src/sm_lcd5110.o
                0x00007894                LCD5110_write_string
 .text.LCD5110_clear
                0x000078e6       0x40 ./Long_fdk/common/src/sm_lcd5110.o
                0x000078e6                LCD5110_clear
 .text.LCD5110_set_XY
                0x00007926       0x48 ./Long_fdk/common/src/sm_lcd5110.o
                0x00007926                LCD5110_set_XY
 .text.LCD5110_CS
                0x0000796e       0x26 ./Long_fdk/common/src/sm_lcd5110.o
                0x0000796e                LCD5110_CS
 .text.LCD5110_RST
                0x00007994       0x26 ./Long_fdk/common/src/sm_lcd5110.o
                0x00007994                LCD5110_RST
 .text.LCD5110_DC
                0x000079ba       0x26 ./Long_fdk/common/src/sm_lcd5110.o
                0x000079ba                LCD5110_DC
 .text.LCD5110_DIN
                0x000079e0       0x26 ./Long_fdk/common/src/sm_lcd5110.o
                0x000079e0                LCD5110_DIN
 .text.LCD5110_SCK
                0x00007a06       0x26 ./Long_fdk/common/src/sm_lcd5110.o
                0x00007a06                LCD5110_SCK
 .text.sm_modem_init
                0x00007a2c       0x64 ./Long_fdk/common/src/sm_modem.o
                0x00007a2c                sm_modem_init
 .text.sm_modem_send_cmd
                0x00007a90       0xf8 ./Long_fdk/common/src/sm_modem.o
                0x00007a90                sm_modem_send_cmd
 .text.sm_modem_hw_reset
                0x00007b88       0x70 ./Long_fdk/common/src/sm_modem.o
                0x00007b88                sm_modem_hw_reset
 .text.sm_mqtt_disconnect
                0x00007bf8       0x1c ./Long_fdk/common/src/sm_mqtt_client.o
 .text.sm_mqtt_client_set_state
                0x00007c14       0x24 ./Long_fdk/common/src/sm_mqtt_client.o
                0x00007c14                sm_mqtt_client_set_state
 .text.sm_mqtt_client_get_state
                0x00007c38       0x1e ./Long_fdk/common/src/sm_mqtt_client.o
                0x00007c38                sm_mqtt_client_get_state
 .text.mqtt_client_set_event
                0x00007c56       0x22 ./Long_fdk/common/src/sm_mqtt_client.o
 .text.mqtt_client_get_event
                0x00007c78       0x26 ./Long_fdk/common/src/sm_mqtt_client.o
 *fill*         0x00007c9e        0x2 ff
 .text.sm_mqtt_client_init_static
                0x00007ca0       0x78 ./Long_fdk/common/src/sm_mqtt_client.o
                0x00007ca0                sm_mqtt_client_init_static
 .text.sm_mqtt_client_register_handle
                0x00007d18       0x3c ./Long_fdk/common/src/sm_mqtt_client.o
                0x00007d18                sm_mqtt_client_register_handle
 .text.sm_mqtt_client_process
                0x00007d54      0x1bc ./Long_fdk/common/src/sm_mqtt_client.o
                0x00007d54                sm_mqtt_client_process
 .text.sm_bsp_io_init
                0x00007f10       0x34 ./Long_fdk/bsp/src/sm_bsp_io.o
                0x00007f10                sm_bsp_io_init
 .text.sm_bsp_uart_init
                0x00007f44       0x60 ./Long_fdk/bsp/src/sm_bsp_uart.o
                0x00007f44                sm_bsp_uart_init
 .text.uart_rx_callback
                0x00007fa4       0x40 ./Long_fdk/bsp/src/sm_bsp_uart.o
 .text.uart_tx_callback
                0x00007fe4       0x20 ./Long_fdk/bsp/src/sm_bsp_uart.o
 .text.sm_bsp_uart_rx_callback
                0x00008004       0x26 ./Long_fdk/bsp/src/sm_bsp_uart.o
                0x00008004                sm_bsp_uart_rx_callback
 .text.sm_bsp_uart_tx_callback
                0x0000802a       0x1c ./Long_fdk/bsp/src/sm_bsp_uart.o
                0x0000802a                sm_bsp_uart_tx_callback
 .text.sm_bsp_uart_write
                0x00008046       0x6e ./Long_fdk/bsp/src/sm_bsp_uart.o
                0x00008046                sm_bsp_uart_write
 .text.sm_bsp_uart_read
                0x000080b4       0x54 ./Long_fdk/bsp/src/sm_bsp_uart.o
                0x000080b4                sm_bsp_uart_read
 .text          0x00008108      0x378 c:/program files (x86)/gnu arm embedded toolchain/10 2021.10/bin/../lib/gcc/arm-none-eabi/10.3.1/thumb/v8-m.main+fp/hard\libgcc.a(_arm_addsubdf3.o)
                0x00008108                __aeabi_drsub
                0x00008110                __aeabi_dsub
                0x00008110                __subdf3
                0x00008114                __aeabi_dadd
                0x00008114                __adddf3
                0x0000838c                __floatunsidf
                0x0000838c                __aeabi_ui2d
                0x000083ac                __floatsidf
                0x000083ac                __aeabi_i2d
                0x000083d0                __aeabi_f2d
                0x000083d0                __extendsfdf2
                0x00008414                __floatundidf
                0x00008414                __aeabi_ul2d
                0x00008424                __floatdidf
                0x00008424                __aeabi_l2d
 .text          0x00008480      0x424 c:/program files (x86)/gnu arm embedded toolchain/10 2021.10/bin/../lib/gcc/arm-none-eabi/10.3.1/thumb/v8-m.main+fp/hard\libgcc.a(_arm_muldivdf3.o)
                0x00008480                __aeabi_dmul
                0x00008480                __muldf3
                0x000086d4                __divdf3
                0x000086d4                __aeabi_ddiv
 .text          0x000088a4      0x110 c:/program files (x86)/gnu arm embedded toolchain/10 2021.10/bin/../lib/gcc/arm-none-eabi/10.3.1/thumb/v8-m.main+fp/hard\libgcc.a(_arm_cmpdf2.o)
                0x000088a4                __gtdf2
                0x000088a4                __gedf2
                0x000088ac                __ltdf2
                0x000088ac                __ledf2
                0x000088b4                __nedf2
                0x000088b4                __eqdf2
                0x000088b4                __cmpdf2
                0x00008930                __aeabi_cdrcmple
                0x00008940                __aeabi_cdcmpeq
                0x00008940                __aeabi_cdcmple
                0x00008950                __aeabi_dcmpeq
                0x00008964                __aeabi_dcmplt
                0x00008978                __aeabi_dcmple
                0x0000898c                __aeabi_dcmpge
                0x000089a0                __aeabi_dcmpgt
 .text          0x000089b4       0x2c c:/program files (x86)/gnu arm embedded toolchain/10 2021.10/bin/../lib/gcc/arm-none-eabi/10.3.1/thumb/v8-m.main+fp/hard\libgcc.a(_arm_unorddf2.o)
                0x000089b4                __unorddf2
                0x000089b4                __aeabi_dcmpun
 .text          0x000089e0       0x50 c:/program files (x86)/gnu arm embedded toolchain/10 2021.10/bin/../lib/gcc/arm-none-eabi/10.3.1/thumb/v8-m.main+fp/hard\libgcc.a(_arm_fixdfsi.o)
                0x000089e0                __aeabi_d2iz
                0x000089e0                __fixdfsi
 .text          0x00008a30       0x40 c:/program files (x86)/gnu arm embedded toolchain/10 2021.10/bin/../lib/gcc/arm-none-eabi/10.3.1/thumb/v8-m.main+fp/hard\libgcc.a(_arm_fixunsdfsi.o)
                0x00008a30                __aeabi_d2uiz
                0x00008a30                __fixunsdfsi
 .text          0x00008a70       0xa0 c:/program files (x86)/gnu arm embedded toolchain/10 2021.10/bin/../lib/gcc/arm-none-eabi/10.3.1/thumb/v8-m.main+fp/hard\libgcc.a(_arm_truncdfsf2.o)
                0x00008a70                __truncdfsf2
                0x00008a70                __aeabi_d2f
 .text.atof     0x00008b10        0x6 c:/program files (x86)/gnu arm embedded toolchain/10 2021.10/bin/../lib/gcc/arm-none-eabi/10.3.1/../../../../arm-none-eabi/lib/thumb/v8-m.main+fp/hard\libg_nano.a(lib_a-atof.o)
                0x00008b10                atof
 *fill*         0x00008b16        0x2 ff
 .text.__errno  0x00008b18        0xc c:/program files (x86)/gnu arm embedded toolchain/10 2021.10/bin/../lib/gcc/arm-none-eabi/10.3.1/../../../../arm-none-eabi/lib/thumb/v8-m.main+fp/hard\libg_nano.a(lib_a-errno.o)
                0x00008b18                __errno
 .text.malloc   0x00008b24       0x10 c:/program files (x86)/gnu arm embedded toolchain/10 2021.10/bin/../lib/gcc/arm-none-eabi/10.3.1/../../../../arm-none-eabi/lib/thumb/v8-m.main+fp/hard\libg_nano.a(lib_a-malloc.o)
                0x00008b24                malloc
 .text.memcpy   0x00008b34       0x1a c:/program files (x86)/gnu arm embedded toolchain/10 2021.10/bin/../lib/gcc/arm-none-eabi/10.3.1/../../../../arm-none-eabi/lib/thumb/v8-m.main+fp/hard\libg_nano.a(lib_a-memcpy-stub.o)
                0x00008b34                memcpy
 .text.memset   0x00008b4e       0x10 c:/program files (x86)/gnu arm embedded toolchain/10 2021.10/bin/../lib/gcc/arm-none-eabi/10.3.1/../../../../arm-none-eabi/lib/thumb/v8-m.main+fp/hard\libg_nano.a(lib_a-memset.o)
                0x00008b4e                memset
 .text._calloc_r
                0x00008b5e       0x2c c:/program files (x86)/gnu arm embedded toolchain/10 2021.10/bin/../lib/gcc/arm-none-eabi/10.3.1/../../../../arm-none-eabi/lib/thumb/v8-m.main+fp/hard\libg_nano.a(lib_a-nano-callocr.o)
                0x00008b5e                _calloc_r
 *fill*         0x00008b8a        0x2 ff
 .text._free_r  0x00008b8c       0x98 c:/program files (x86)/gnu arm embedded toolchain/10 2021.10/bin/../lib/gcc/arm-none-eabi/10.3.1/../../../../arm-none-eabi/lib/thumb/v8-m.main+fp/hard\libg_nano.a(lib_a-nano-freer.o)
                0x00008b8c                _free_r
 .text.sbrk_aligned
                0x00008c24       0x40 c:/program files (x86)/gnu arm embedded toolchain/10 2021.10/bin/../lib/gcc/arm-none-eabi/10.3.1/../../../../arm-none-eabi/lib/thumb/v8-m.main+fp/hard\libg_nano.a(lib_a-nano-mallocr.o)
 .text._malloc_r
                0x00008c64       0xe8 c:/program files (x86)/gnu arm embedded toolchain/10 2021.10/bin/../lib/gcc/arm-none-eabi/10.3.1/../../../../arm-none-eabi/lib/thumb/v8-m.main+fp/hard\libg_nano.a(lib_a-nano-mallocr.o)
                0x00008c64                _malloc_r
 .text.__cvt    0x00008d4c       0xc4 c:/program files (x86)/gnu arm embedded toolchain/10 2021.10/bin/../lib/gcc/arm-none-eabi/10.3.1/../../../../arm-none-eabi/lib/thumb/v8-m.main+fp/hard\libg_nano.a(lib_a-nano-vfprintf_float.o)
                0x00008d4c                __cvt
 .text.__exponent
                0x00008e10       0x7c c:/program files (x86)/gnu arm embedded toolchain/10 2021.10/bin/../lib/gcc/arm-none-eabi/10.3.1/../../../../arm-none-eabi/lib/thumb/v8-m.main+fp/hard\libg_nano.a(lib_a-nano-vfprintf_float.o)
                0x00008e10                __exponent
 .text._printf_float
                0x00008e8c      0x46c c:/program files (x86)/gnu arm embedded toolchain/10 2021.10/bin/../lib/gcc/arm-none-eabi/10.3.1/../../../../arm-none-eabi/lib/thumb/v8-m.main+fp/hard\libg_nano.a(lib_a-nano-vfprintf_float.o)
                0x00008e8c                _printf_float
 .text._printf_common
                0x000092f8       0xe0 c:/program files (x86)/gnu arm embedded toolchain/10 2021.10/bin/../lib/gcc/arm-none-eabi/10.3.1/../../../../arm-none-eabi/lib/thumb/v8-m.main+fp/hard\libg_nano.a(lib_a-nano-vfprintf_i.o)
                0x000092f8                _printf_common
 .text._printf_i
                0x000093d8      0x24c c:/program files (x86)/gnu arm embedded toolchain/10 2021.10/bin/../lib/gcc/arm-none-eabi/10.3.1/../../../../arm-none-eabi/lib/thumb/v8-m.main+fp/hard\libg_nano.a(lib_a-nano-vfprintf_i.o)
                0x000093d8                _printf_i
 .text._sbrk_r  0x00009624       0x20 c:/program files (x86)/gnu arm embedded toolchain/10 2021.10/bin/../lib/gcc/arm-none-eabi/10.3.1/../../../../arm-none-eabi/lib/thumb/v8-m.main+fp/hard\libg_nano.a(lib_a-sbrkr.o)
                0x00009624                _sbrk_r
 .text.sprintf  0x00009644       0x40 c:/program files (x86)/gnu arm embedded toolchain/10 2021.10/bin/../lib/gcc/arm-none-eabi/10.3.1/../../../../arm-none-eabi/lib/thumb/v8-m.main+fp/hard\libg_nano.a(lib_a-sprintf.o)
                0x00009644                siprintf
                0x00009644                sprintf
 .text.sscanf   0x00009684       0x58 c:/program files (x86)/gnu arm embedded toolchain/10 2021.10/bin/../lib/gcc/arm-none-eabi/10.3.1/../../../../arm-none-eabi/lib/thumb/v8-m.main+fp/hard\libg_nano.a(lib_a-sscanf.o)
                0x00009684                siscanf
                0x00009684                sscanf
 .text.__seofread
                0x000096dc        0x4 c:/program files (x86)/gnu arm embedded toolchain/10 2021.10/bin/../lib/gcc/arm-none-eabi/10.3.1/../../../../arm-none-eabi/lib/thumb/v8-m.main+fp/hard\libg_nano.a(lib_a-stdio.o)
                0x000096dc                __seofread
 .text.strchr   0x000096e0       0x1a c:/program files (x86)/gnu arm embedded toolchain/10 2021.10/bin/../lib/gcc/arm-none-eabi/10.3.1/../../../../arm-none-eabi/lib/thumb/v8-m.main+fp/hard\libg_nano.a(lib_a-strchr.o)
                0x000096e0                strchr
 .text.strcpy   0x000096fa       0x10 c:/program files (x86)/gnu arm embedded toolchain/10 2021.10/bin/../lib/gcc/arm-none-eabi/10.3.1/../../../../arm-none-eabi/lib/thumb/v8-m.main+fp/hard\libg_nano.a(lib_a-strcpy.o)
                0x000096fa                strcpy
 .text          0x0000970a       0x10 c:/program files (x86)/gnu arm embedded toolchain/10 2021.10/bin/../lib/gcc/arm-none-eabi/10.3.1/../../../../arm-none-eabi/lib/thumb/v8-m.main+fp/hard\libg_nano.a(lib_a-strlen.o)
                0x0000970a                strlen
 .text.strncmp  0x0000971a       0x28 c:/program files (x86)/gnu arm embedded toolchain/10 2021.10/bin/../lib/gcc/arm-none-eabi/10.3.1/../../../../arm-none-eabi/lib/thumb/v8-m.main+fp/hard\libg_nano.a(lib_a-strncmp.o)
                0x0000971a                strncmp
 .text.strncpy  0x00009742       0x26 c:/program files (x86)/gnu arm embedded toolchain/10 2021.10/bin/../lib/gcc/arm-none-eabi/10.3.1/../../../../arm-none-eabi/lib/thumb/v8-m.main+fp/hard\libg_nano.a(lib_a-strncpy.o)
                0x00009742                strncpy
 .text.strstr   0x00009768       0x2c c:/program files (x86)/gnu arm embedded toolchain/10 2021.10/bin/../lib/gcc/arm-none-eabi/10.3.1/../../../../arm-none-eabi/lib/thumb/v8-m.main+fp/hard\libg_nano.a(lib_a-strstr.o)
                0x00009768                strstr
 .text.sulp     0x00009794       0x38 c:/program files (x86)/gnu arm embedded toolchain/10 2021.10/bin/../lib/gcc/arm-none-eabi/10.3.1/../../../../arm-none-eabi/lib/thumb/v8-m.main+fp/hard\libg_nano.a(lib_a-strtod.o)
 *fill*         0x000097cc        0x4 ff
 .text._strtod_l
                0x000097d0      0xc04 c:/program files (x86)/gnu arm embedded toolchain/10 2021.10/bin/../lib/gcc/arm-none-eabi/10.3.1/../../../../arm-none-eabi/lib/thumb/v8-m.main+fp/hard\libg_nano.a(lib_a-strtod.o)
                0x000097d0                _strtod_l
 .text.strtod   0x0000a3d4       0x18 c:/program files (x86)/gnu arm embedded toolchain/10 2021.10/bin/../lib/gcc/arm-none-eabi/10.3.1/../../../../arm-none-eabi/lib/thumb/v8-m.main+fp/hard\libg_nano.a(lib_a-strtod.o)
                0x0000a3d4                strtod
 .text.strtok   0x0000a3ec       0x68 c:/program files (x86)/gnu arm embedded toolchain/10 2021.10/bin/../lib/gcc/arm-none-eabi/10.3.1/../../../../arm-none-eabi/lib/thumb/v8-m.main+fp/hard\libg_nano.a(lib_a-strtok.o)
                0x0000a3ec                strtok
 .text.__strtok_r
                0x0000a454       0x50 c:/program files (x86)/gnu arm embedded toolchain/10 2021.10/bin/../lib/gcc/arm-none-eabi/10.3.1/../../../../arm-none-eabi/lib/thumb/v8-m.main+fp/hard\libg_nano.a(lib_a-strtok_r.o)
                0x0000a454                __strtok_r
 .text.strtok_r
                0x0000a4a4        0x6 c:/program files (x86)/gnu arm embedded toolchain/10 2021.10/bin/../lib/gcc/arm-none-eabi/10.3.1/../../../../arm-none-eabi/lib/thumb/v8-m.main+fp/hard\libg_nano.a(lib_a-strtok_r.o)
                0x0000a4a4                strtok_r
 .text.quorem   0x0000a4aa      0x122 c:/program files (x86)/gnu arm embedded toolchain/10 2021.10/bin/../lib/gcc/arm-none-eabi/10.3.1/../../../../arm-none-eabi/lib/thumb/v8-m.main+fp/hard\libg_nano.a(lib_a-dtoa.o)
 *fill*         0x0000a5cc        0x4 ff
 .text._dtoa_r  0x0000a5d0      0xbd8 c:/program files (x86)/gnu arm embedded toolchain/10 2021.10/bin/../lib/gcc/arm-none-eabi/10.3.1/../../../../arm-none-eabi/lib/thumb/v8-m.main+fp/hard\libg_nano.a(lib_a-dtoa.o)
                0x0000a5d0                _dtoa_r
 .text.rshift   0x0000b1a8       0xa2 c:/program files (x86)/gnu arm embedded toolchain/10 2021.10/bin/../lib/gcc/arm-none-eabi/10.3.1/../../../../arm-none-eabi/lib/thumb/v8-m.main+fp/hard\libg_nano.a(lib_a-gdtoa-gethex.o)
 .text.__hexdig_fun
                0x0000b24a       0x2a c:/program files (x86)/gnu arm embedded toolchain/10 2021.10/bin/../lib/gcc/arm-none-eabi/10.3.1/../../../../arm-none-eabi/lib/thumb/v8-m.main+fp/hard\libg_nano.a(lib_a-gdtoa-gethex.o)
                0x0000b24a                __hexdig_fun
 .text.__gethex
                0x0000b274      0x48c c:/program files (x86)/gnu arm embedded toolchain/10 2021.10/bin/../lib/gcc/arm-none-eabi/10.3.1/../../../../arm-none-eabi/lib/thumb/v8-m.main+fp/hard\libg_nano.a(lib_a-gdtoa-gethex.o)
                0x0000b274                __gethex
 .text.L_shift  0x0000b700       0x24 c:/program files (x86)/gnu arm embedded toolchain/10 2021.10/bin/../lib/gcc/arm-none-eabi/10.3.1/../../../../arm-none-eabi/lib/thumb/v8-m.main+fp/hard\libg_nano.a(lib_a-gdtoa-hexnan.o)
 .text.__match  0x0000b724       0x28 c:/program files (x86)/gnu arm embedded toolchain/10 2021.10/bin/../lib/gcc/arm-none-eabi/10.3.1/../../../../arm-none-eabi/lib/thumb/v8-m.main+fp/hard\libg_nano.a(lib_a-gdtoa-hexnan.o)
                0x0000b724                __match
 .text.__hexnan
                0x0000b74c      0x138 c:/program files (x86)/gnu arm embedded toolchain/10 2021.10/bin/../lib/gcc/arm-none-eabi/10.3.1/../../../../arm-none-eabi/lib/thumb/v8-m.main+fp/hard\libg_nano.a(lib_a-gdtoa-hexnan.o)
                0x0000b74c                __hexnan
 .text._localeconv_r
                0x0000b884        0x8 c:/program files (x86)/gnu arm embedded toolchain/10 2021.10/bin/../lib/gcc/arm-none-eabi/10.3.1/../../../../arm-none-eabi/lib/thumb/v8-m.main+fp/hard\libg_nano.a(lib_a-localeconv.o)
                0x0000b884                _localeconv_r
 .text.__retarget_lock_acquire_recursive
                0x0000b88c        0x2 c:/program files (x86)/gnu arm embedded toolchain/10 2021.10/bin/../lib/gcc/arm-none-eabi/10.3.1/../../../../arm-none-eabi/lib/thumb/v8-m.main+fp/hard\libg_nano.a(lib_a-lock.o)
                0x0000b88c                __retarget_lock_acquire_recursive
 .text.__retarget_lock_release_recursive
                0x0000b88e        0x2 c:/program files (x86)/gnu arm embedded toolchain/10 2021.10/bin/../lib/gcc/arm-none-eabi/10.3.1/../../../../arm-none-eabi/lib/thumb/v8-m.main+fp/hard\libg_nano.a(lib_a-lock.o)
                0x0000b88e                __retarget_lock_release_recursive
 .text.__ascii_mbtowc
                0x0000b890       0x24 c:/program files (x86)/gnu arm embedded toolchain/10 2021.10/bin/../lib/gcc/arm-none-eabi/10.3.1/../../../../arm-none-eabi/lib/thumb/v8-m.main+fp/hard\libg_nano.a(lib_a-mbtowc_r.o)
                0x0000b890                __ascii_mbtowc
 .text.memchr   0x0000b8b4       0x1c c:/program files (x86)/gnu arm embedded toolchain/10 2021.10/bin/../lib/gcc/arm-none-eabi/10.3.1/../../../../arm-none-eabi/lib/thumb/v8-m.main+fp/hard\libg_nano.a(lib_a-memchr-stub.o)
                0x0000b8b4                memchr
 .text.__malloc_lock
                0x0000b8d0        0xc c:/program files (x86)/gnu arm embedded toolchain/10 2021.10/bin/../lib/gcc/arm-none-eabi/10.3.1/../../../../arm-none-eabi/lib/thumb/v8-m.main+fp/hard\libg_nano.a(lib_a-mlock.o)
                0x0000b8d0                __malloc_lock
 .text.__malloc_unlock
                0x0000b8dc        0xc c:/program files (x86)/gnu arm embedded toolchain/10 2021.10/bin/../lib/gcc/arm-none-eabi/10.3.1/../../../../arm-none-eabi/lib/thumb/v8-m.main+fp/hard\libg_nano.a(lib_a-mlock.o)
                0x0000b8dc                __malloc_unlock
 .text._Balloc  0x0000b8e8       0x80 c:/program files (x86)/gnu arm embedded toolchain/10 2021.10/bin/../lib/gcc/arm-none-eabi/10.3.1/../../../../arm-none-eabi/lib/thumb/v8-m.main+fp/hard\libg_nano.a(lib_a-mprec.o)
                0x0000b8e8                _Balloc
 .text._Bfree   0x0000b968       0x44 c:/program files (x86)/gnu arm embedded toolchain/10 2021.10/bin/../lib/gcc/arm-none-eabi/10.3.1/../../../../arm-none-eabi/lib/thumb/v8-m.main+fp/hard\libg_nano.a(lib_a-mprec.o)
                0x0000b968                _Bfree
 .text.__multadd
                0x0000b9ac       0x90 c:/program files (x86)/gnu arm embedded toolchain/10 2021.10/bin/../lib/gcc/arm-none-eabi/10.3.1/../../../../arm-none-eabi/lib/thumb/v8-m.main+fp/hard\libg_nano.a(lib_a-mprec.o)
                0x0000b9ac                __multadd
 .text.__s2b    0x0000ba3c       0x94 c:/program files (x86)/gnu arm embedded toolchain/10 2021.10/bin/../lib/gcc/arm-none-eabi/10.3.1/../../../../arm-none-eabi/lib/thumb/v8-m.main+fp/hard\libg_nano.a(lib_a-mprec.o)
                0x0000ba3c                __s2b
 .text.__hi0bits
                0x0000bad0       0x40 c:/program files (x86)/gnu arm embedded toolchain/10 2021.10/bin/../lib/gcc/arm-none-eabi/10.3.1/../../../../arm-none-eabi/lib/thumb/v8-m.main+fp/hard\libg_nano.a(lib_a-mprec.o)
                0x0000bad0                __hi0bits
 .text.__lo0bits
                0x0000bb10       0x5e c:/program files (x86)/gnu arm embedded toolchain/10 2021.10/bin/../lib/gcc/arm-none-eabi/10.3.1/../../../../arm-none-eabi/lib/thumb/v8-m.main+fp/hard\libg_nano.a(lib_a-mprec.o)
                0x0000bb10                __lo0bits
 *fill*         0x0000bb6e        0x2 ff
 .text.__i2b    0x0000bb70       0x2c c:/program files (x86)/gnu arm embedded toolchain/10 2021.10/bin/../lib/gcc/arm-none-eabi/10.3.1/../../../../arm-none-eabi/lib/thumb/v8-m.main+fp/hard\libg_nano.a(lib_a-mprec.o)
                0x0000bb70                __i2b
 .text.__multiply
                0x0000bb9c      0x150 c:/program files (x86)/gnu arm embedded toolchain/10 2021.10/bin/../lib/gcc/arm-none-eabi/10.3.1/../../../../arm-none-eabi/lib/thumb/v8-m.main+fp/hard\libg_nano.a(lib_a-mprec.o)
                0x0000bb9c                __multiply
 .text.__pow5mult
                0x0000bcec       0xb4 c:/program files (x86)/gnu arm embedded toolchain/10 2021.10/bin/../lib/gcc/arm-none-eabi/10.3.1/../../../../arm-none-eabi/lib/thumb/v8-m.main+fp/hard\libg_nano.a(lib_a-mprec.o)
                0x0000bcec                __pow5mult
 .text.__lshift
                0x0000bda0       0xe0 c:/program files (x86)/gnu arm embedded toolchain/10 2021.10/bin/../lib/gcc/arm-none-eabi/10.3.1/../../../../arm-none-eabi/lib/thumb/v8-m.main+fp/hard\libg_nano.a(lib_a-mprec.o)
                0x0000bda0                __lshift
 .text.__mcmp   0x0000be80       0x38 c:/program files (x86)/gnu arm embedded toolchain/10 2021.10/bin/../lib/gcc/arm-none-eabi/10.3.1/../../../../arm-none-eabi/lib/thumb/v8-m.main+fp/hard\libg_nano.a(lib_a-mprec.o)
                0x0000be80                __mcmp
 .text.__mdiff  0x0000beb8      0x120 c:/program files (x86)/gnu arm embedded toolchain/10 2021.10/bin/../lib/gcc/arm-none-eabi/10.3.1/../../../../arm-none-eabi/lib/thumb/v8-m.main+fp/hard\libg_nano.a(lib_a-mprec.o)
                0x0000beb8                __mdiff
 .text.__ulp    0x0000bfd8       0x54 c:/program files (x86)/gnu arm embedded toolchain/10 2021.10/bin/../lib/gcc/arm-none-eabi/10.3.1/../../../../arm-none-eabi/lib/thumb/v8-m.main+fp/hard\libg_nano.a(lib_a-mprec.o)
                0x0000bfd8                __ulp
 .text.__b2d    0x0000c02c       0xa0 c:/program files (x86)/gnu arm embedded toolchain/10 2021.10/bin/../lib/gcc/arm-none-eabi/10.3.1/../../../../arm-none-eabi/lib/thumb/v8-m.main+fp/hard\libg_nano.a(lib_a-mprec.o)
                0x0000c02c                __b2d
 .text.__d2b    0x0000c0cc       0xb8 c:/program files (x86)/gnu arm embedded toolchain/10 2021.10/bin/../lib/gcc/arm-none-eabi/10.3.1/../../../../arm-none-eabi/lib/thumb/v8-m.main+fp/hard\libg_nano.a(lib_a-mprec.o)
                0x0000c0cc                __d2b
 .text.__ratio  0x0000c184       0x66 c:/program files (x86)/gnu arm embedded toolchain/10 2021.10/bin/../lib/gcc/arm-none-eabi/10.3.1/../../../../arm-none-eabi/lib/thumb/v8-m.main+fp/hard\libg_nano.a(lib_a-mprec.o)
                0x0000c184                __ratio
 .text.__copybits
                0x0000c1ea       0x46 c:/program files (x86)/gnu arm embedded toolchain/10 2021.10/bin/../lib/gcc/arm-none-eabi/10.3.1/../../../../arm-none-eabi/lib/thumb/v8-m.main+fp/hard\libg_nano.a(lib_a-mprec.o)
                0x0000c1ea                __copybits
 .text.__any_on
                0x0000c230       0x42 c:/program files (x86)/gnu arm embedded toolchain/10 2021.10/bin/../lib/gcc/arm-none-eabi/10.3.1/../../../../arm-none-eabi/lib/thumb/v8-m.main+fp/hard\libg_nano.a(lib_a-mprec.o)
                0x0000c230                __any_on
 .text._realloc_r
                0x0000c272       0x5e c:/program files (x86)/gnu arm embedded toolchain/10 2021.10/bin/../lib/gcc/arm-none-eabi/10.3.1/../../../../arm-none-eabi/lib/thumb/v8-m.main+fp/hard\libg_nano.a(lib_a-nano-reallocr.o)
                0x0000c272                _realloc_r
 .text.__ssputs_r
                0x0000c2d0       0xb6 c:/program files (x86)/gnu arm embedded toolchain/10 2021.10/bin/../lib/gcc/arm-none-eabi/10.3.1/../../../../arm-none-eabi/lib/thumb/v8-m.main+fp/hard\libg_nano.a(lib_a-nano-svfprintf.o)
                0x0000c2d0                __ssputs_r
 *fill*         0x0000c386        0x2 ff
 .text._svfprintf_r
                0x0000c388      0x200 c:/program files (x86)/gnu arm embedded toolchain/10 2021.10/bin/../lib/gcc/arm-none-eabi/10.3.1/../../../../arm-none-eabi/lib/thumb/v8-m.main+fp/hard\libg_nano.a(lib_a-nano-svfprintf.o)
                0x0000c388                _svfiprintf_r
                0x0000c388                _svfprintf_r
 .text._sungetc_r
                0x0000c588       0x7a c:/program files (x86)/gnu arm embedded toolchain/10 2021.10/bin/../lib/gcc/arm-none-eabi/10.3.1/../../../../arm-none-eabi/lib/thumb/v8-m.main+fp/hard\libg_nano.a(lib_a-nano-svfscanf.o)
                0x0000c588                _sungetc_r
 .text.__ssrefill_r
                0x0000c602       0x3a c:/program files (x86)/gnu arm embedded toolchain/10 2021.10/bin/../lib/gcc/arm-none-eabi/10.3.1/../../../../arm-none-eabi/lib/thumb/v8-m.main+fp/hard\libg_nano.a(lib_a-nano-svfscanf.o)
                0x0000c602                __ssrefill_r
 .text.__ssvfscanf_r
                0x0000c63c      0x2f8 c:/program files (x86)/gnu arm embedded toolchain/10 2021.10/bin/../lib/gcc/arm-none-eabi/10.3.1/../../../../arm-none-eabi/lib/thumb/v8-m.main+fp/hard\libg_nano.a(lib_a-nano-svfscanf.o)
                0x0000c63c                __ssvfiscanf_r
                0x0000c63c                __ssvfscanf_r
 .text._scanf_chars
                0x0000c934       0xb4 c:/program files (x86)/gnu arm embedded toolchain/10 2021.10/bin/../lib/gcc/arm-none-eabi/10.3.1/../../../../arm-none-eabi/lib/thumb/v8-m.main+fp/hard\libg_nano.a(lib_a-nano-vfscanf_i.o)
                0x0000c934                _scanf_chars
 .text._scanf_i
                0x0000c9e8      0x1f0 c:/program files (x86)/gnu arm embedded toolchain/10 2021.10/bin/../lib/gcc/arm-none-eabi/10.3.1/../../../../arm-none-eabi/lib/thumb/v8-m.main+fp/hard\libg_nano.a(lib_a-nano-vfscanf_i.o)
                0x0000c9e8                _scanf_i
 .text.nan      0x0000cbd8       0x10 c:/program files (x86)/gnu arm embedded toolchain/10 2021.10/bin/../lib/gcc/arm-none-eabi/10.3.1/../../../../arm-none-eabi/lib/thumb/v8-m.main+fp/hard\libg_nano.a(lib_a-s_nan.o)
                0x0000cbd8                nan
 .text.__sccl   0x0000cbe8       0x70 c:/program files (x86)/gnu arm embedded toolchain/10 2021.10/bin/../lib/gcc/arm-none-eabi/10.3.1/../../../../arm-none-eabi/lib/thumb/v8-m.main+fp/hard\libg_nano.a(lib_a-sccl.o)
                0x0000cbe8                __sccl
 .text._strtol_l.constprop.0
                0x0000cc58      0x104 c:/program files (x86)/gnu arm embedded toolchain/10 2021.10/bin/../lib/gcc/arm-none-eabi/10.3.1/../../../../arm-none-eabi/lib/thumb/v8-m.main+fp/hard\libg_nano.a(lib_a-strtol.o)
 .text._strtol_r
                0x0000cd5c        0x4 c:/program files (x86)/gnu arm embedded toolchain/10 2021.10/bin/../lib/gcc/arm-none-eabi/10.3.1/../../../../arm-none-eabi/lib/thumb/v8-m.main+fp/hard\libg_nano.a(lib_a-strtol.o)
                0x0000cd5c                _strtol_r
 .text._strtoul_l.constprop.0
                0x0000cd60       0xe4 c:/program files (x86)/gnu arm embedded toolchain/10 2021.10/bin/../lib/gcc/arm-none-eabi/10.3.1/../../../../arm-none-eabi/lib/thumb/v8-m.main+fp/hard\libg_nano.a(lib_a-strtoul.o)
 .text._strtoul_r
                0x0000ce44        0x4 c:/program files (x86)/gnu arm embedded toolchain/10 2021.10/bin/../lib/gcc/arm-none-eabi/10.3.1/../../../../arm-none-eabi/lib/thumb/v8-m.main+fp/hard\libg_nano.a(lib_a-strtoul.o)
                0x0000ce44                _strtoul_r
 .text.__submore
                0x0000ce48       0x6e c:/program files (x86)/gnu arm embedded toolchain/10 2021.10/bin/../lib/gcc/arm-none-eabi/10.3.1/../../../../arm-none-eabi/lib/thumb/v8-m.main+fp/hard\libg_nano.a(lib_a-ungetc.o)
                0x0000ce48                __submore
 .text.__ascii_wctomb
                0x0000ceb6       0x1a c:/program files (x86)/gnu arm embedded toolchain/10 2021.10/bin/../lib/gcc/arm-none-eabi/10.3.1/../../../../arm-none-eabi/lib/thumb/v8-m.main+fp/hard\libg_nano.a(lib_a-wctomb_r.o)
                0x0000ceb6                __ascii_wctomb
 .text.memmove  0x0000ced0       0x34 c:/program files (x86)/gnu arm embedded toolchain/10 2021.10/bin/../lib/gcc/arm-none-eabi/10.3.1/../../../../arm-none-eabi/lib/thumb/v8-m.main+fp/hard\libg_nano.a(lib_a-memmove.o)
                0x0000ced0                memmove
 .text._malloc_usable_size_r
                0x0000cf04       0x10 c:/program files (x86)/gnu arm embedded toolchain/10 2021.10/bin/../lib/gcc/arm-none-eabi/10.3.1/../../../../arm-none-eabi/lib/thumb/v8-m.main+fp/hard\libg_nano.a(lib_a-nano-msizer.o)
                0x0000cf04                _malloc_usable_size_r
 .text          0x0000cf14       0x30 c:/program files (x86)/gnu arm embedded toolchain/10 2021.10/bin/../lib/gcc/arm-none-eabi/10.3.1/thumb/v8-m.main+fp/hard\libgcc.a(_fixdfdi.o)
                0x0000cf14                __fixdfdi
                0x0000cf14                __aeabi_d2lz
 .text          0x0000cf44       0x3c c:/program files (x86)/gnu arm embedded toolchain/10 2021.10/bin/../lib/gcc/arm-none-eabi/10.3.1/thumb/v8-m.main+fp/hard\libgcc.a(_fixunsdfdi.o)
                0x0000cf44                __fixunsdfdi
                0x0000cf44                __aeabi_d2ulz
 *(.version)
 .version       0x0000cf80       0x50 ./ra/fsp/src/bsp/mcu/all/bsp_common.o
 *(.init)
 .init          0x0000cfd0        0x4 c:/program files (x86)/gnu arm embedded toolchain/10 2021.10/bin/../lib/gcc/arm-none-eabi/10.3.1/thumb/v8-m.main+fp/hard/crti.o
                0x0000cfd0                _init
 .init          0x0000cfd4        0x8 c:/program files (x86)/gnu arm embedded toolchain/10 2021.10/bin/../lib/gcc/arm-none-eabi/10.3.1/thumb/v8-m.main+fp/hard/crtn.o
 *(.fini)
 .fini          0x0000cfdc        0x4 c:/program files (x86)/gnu arm embedded toolchain/10 2021.10/bin/../lib/gcc/arm-none-eabi/10.3.1/thumb/v8-m.main+fp/hard/crti.o
                0x0000cfdc                _fini
 .fini          0x0000cfe0        0x8 c:/program files (x86)/gnu arm embedded toolchain/10 2021.10/bin/../lib/gcc/arm-none-eabi/10.3.1/thumb/v8-m.main+fp/hard/crtn.o
 *crtbegin.o(.ctors)
 *crtbegin?.o(.ctors)
 *(EXCLUDE_FILE(*crtend.o *crtend?.o) .ctors)
 *(SORT_BY_NAME(.ctors.*))
 *(.ctors)
 *crtbegin.o(.dtors)
 *crtbegin?.o(.dtors)
 *(EXCLUDE_FILE(*crtend.o *crtend?.o) .dtors)
 *(SORT_BY_NAME(.dtors.*))
 *(.dtors)
 *(.rodata*)
 .rodata        0x0000cfe8        0xc ./src/util/string_util/string_util.o
 .rodata        0x0000cff4       0x64 ./src/app/thingspeak_app/thingspeak_app.o
 .rodata        0x0000d058       0x67 ./src/app/mqtt_app/mqtt_app.o
 *fill*         0x0000d0bf        0x1 ff
 .rodata        0x0000d0c0        0x7 ./src/app/gps_app/gps_app.o
 *fill*         0x0000d0c7        0x1 ff
 .rodata        0x0000d0c8       0x5e ./src/app/display_app/display_app.o
 *fill*         0x0000d126        0x2 ff
 .rodata        0x0000d128        0x2 ./src/process_gps_entry.o
 *fill*         0x0000d12a        0x2 ff
 .rodata.g_ioport
                0x0000d12c        0xc ./ra_gen/common_data.o
                0x0000d12c                g_ioport
 .rodata.g_adc0_cfg_extend
                0x0000d138        0xa ./ra_gen/hal_data.o
                0x0000d138                g_adc0_cfg_extend
 *fill*         0x0000d142        0x2 ff
 .rodata.g_adc0_cfg
                0x0000d144       0x18 ./ra_gen/hal_data.o
                0x0000d144                g_adc0_cfg
 .rodata.g_adc0_channel_cfg
                0x0000d15c       0x14 ./ra_gen/hal_data.o
                0x0000d15c                g_adc0_channel_cfg
 .rodata.g_uart1_cfg_extend
                0x0000d170       0x14 ./ra_gen/hal_data.o
                0x0000d170                g_uart1_cfg_extend
 .rodata.g_uart1_cfg
                0x0000d184       0x20 ./ra_gen/hal_data.o
                0x0000d184                g_uart1_cfg
 .rodata.g_uart0_cfg_extend
                0x0000d1a4       0x14 ./ra_gen/hal_data.o
                0x0000d1a4                g_uart0_cfg_extend
 .rodata.g_uart0_cfg
                0x0000d1b8       0x20 ./ra_gen/hal_data.o
                0x0000d1b8                g_uart0_cfg
 .rodata.g_uart0
                0x0000d1d8        0xc ./ra_gen/hal_data.o
                0x0000d1d8                g_uart0
 .rodata.g_bsp_pin_cfg_data
                0x0000d1e4       0x80 ./ra_gen/pin_data.o
                0x0000d1e4                g_bsp_pin_cfg_data
 .rodata.g_bsp_pin_cfg
                0x0000d264        0x8 ./ra_gen/pin_data.o
                0x0000d264                g_bsp_pin_cfg
 .rodata.process_adc_parameters
                0x0000d26c        0x4 ./ra_gen/process_adc.o
                0x0000d26c                process_adc_parameters
 .rodata        0x0000d270        0x4 ./ra_gen/process_adc.o
 .rodata.process_dht_parameters
                0x0000d274        0x4 ./ra_gen/process_dht.o
                0x0000d274                process_dht_parameters
 .rodata        0x0000d278        0x4 ./ra_gen/process_dht.o
 .rodata.process_display_parameters
                0x0000d27c        0x4 ./ra_gen/process_display.o
                0x0000d27c                process_display_parameters
 .rodata        0x0000d280        0x4 ./ra_gen/process_display.o
 .rodata.process_gps_parameters
                0x0000d284        0x4 ./ra_gen/process_gps.o
                0x0000d284                process_gps_parameters
 .rodata        0x0000d288        0x4 ./ra_gen/process_gps.o
 .rodata.process_lte_parameters
                0x0000d28c        0x4 ./ra_gen/process_lte.o
                0x0000d28c                process_lte_parameters
 .rodata        0x0000d290        0x4 ./ra_gen/process_lte.o
 .rodata.g_interrupt_event_link_select
                0x0000d294       0xc0 ./ra_gen/vector_data.o
                0x0000d294                g_interrupt_event_link_select
 .rodata        0x0000d354       0xc2 ./ra/fsp/src/rm_freertos_port/port.o
 *fill*         0x0000d416        0x2 ff
 .rodata.__func__.3
                0x0000d418       0x12 ./ra/fsp/src/rm_freertos_port/port.o
 *fill*         0x0000d42a        0x2 ff
 .rodata.__func__.2
                0x0000d42c       0x13 ./ra/fsp/src/rm_freertos_port/port.o
 *fill*         0x0000d43f        0x1 ff
 .rodata.__func__.1
                0x0000d440       0x12 ./ra/fsp/src/rm_freertos_port/port.o
 *fill*         0x0000d452        0x2 ff
 .rodata.__func__.0
                0x0000d454       0x1f ./ra/fsp/src/rm_freertos_port/port.o
 *fill*         0x0000d473        0x1 ff
 .rodata.g_uart_on_sci
                0x0000d474       0x24 ./ra/fsp/src/r_sci_uart/r_sci_uart.o
                0x0000d474                g_uart_on_sci
 .rodata.g_ioport_on_ioport
                0x0000d498       0x38 ./ra/fsp/src/r_ioport/r_ioport.o
                0x0000d498                g_ioport_on_ioport
 .rodata.g_vbatt_pins_input
                0x0000d4d0        0x6 ./ra/fsp/src/r_ioport/r_ioport.o
 *fill*         0x0000d4d6        0x2 ff
 .rodata.adc_elc_trigger_lut
                0x0000d4d8        0xc ./ra/fsp/src/r_adc/r_adc.o
 .rodata.g_prcr_masks
                0x0000d4e4        0x8 ./ra/fsp/src/bsp/mcu/all/bsp_register_protection.o
 .rodata        0x0000d4ec      0x3e7 ./ra/aws/amazon-freertos/freertos_kernel/queue.o
 *fill*         0x0000d8d3        0x1 ff
 .rodata.__func__.16
                0x0000d8d4       0x13 ./ra/aws/amazon-freertos/freertos_kernel/queue.o
 *fill*         0x0000d8e7        0x1 ff
 .rodata.__func__.15
                0x0000d8e8       0x1a ./ra/aws/amazon-freertos/freertos_kernel/queue.o
 *fill*         0x0000d902        0x2 ff
 .rodata.__func__.14
                0x0000d904       0x24 ./ra/aws/amazon-freertos/freertos_kernel/queue.o
 .rodata.__func__.13
                0x0000d928       0x12 ./ra/aws/amazon-freertos/freertos_kernel/queue.o
 *fill*         0x0000d93a        0x2 ff
 .rodata.__func__.12
                0x0000d93c       0x19 ./ra/aws/amazon-freertos/freertos_kernel/queue.o
 *fill*         0x0000d955        0x3 ff
 .rodata.__func__.10